Archive member included to satisfy reference by file (symbol)

app/libapp.a(shmem.c.obj)     (--whole-archive)
app/libapp.a(main.c.obj)      (--whole-archive)
zephyr/libzephyr.a(heap.c.obj)
                              (--whole-archive)
zephyr/libzephyr.a(cbprintf_packaged.c.obj)
                              (--whole-archive)
zephyr/libzephyr.a(printk.c.obj)
                              (--whole-archive)
zephyr/libzephyr.a(sem.c.obj)
                              (--whole-archive)
zephyr/libzephyr.a(thread_entry.c.obj)
                              (--whole-archive)
zephyr/libzephyr.a(cbprintf_complete.c.obj)
                              (--whole-archive)
zephyr/libzephyr.a(assert.c.obj)
                              (--whole-archive)
zephyr/libzephyr.a(mpsc_pbuf.c.obj)
                              (--whole-archive)
zephyr/libzephyr.a(dec.c.obj)
                              (--whole-archive)
zephyr/libzephyr.a(hex.c.obj)
                              (--whole-archive)
zephyr/libzephyr.a(rb.c.obj)  (--whole-archive)
zephyr/libzephyr.a(timeutil.c.obj)
                              (--whole-archive)
zephyr/libzephyr.a(bitarray.c.obj)
                              (--whole-archive)
zephyr/libzephyr.a(onoff.c.obj)
                              (--whole-archive)
zephyr/libzephyr.a(notify.c.obj)
                              (--whole-archive)
zephyr/libzephyr.a(configs.c.obj)
                              (--whole-archive)
zephyr/libzephyr.a(log_core.c.obj)
                              (--whole-archive)
zephyr/libzephyr.a(log_mgmt.c.obj)
                              (--whole-archive)
zephyr/libzephyr.a(log_cache.c.obj)
                              (--whole-archive)
zephyr/libzephyr.a(log_msg.c.obj)
                              (--whole-archive)
zephyr/libzephyr.a(log_output.c.obj)
                              (--whole-archive)
zephyr/libzephyr.a(log_backend_uart.c.obj)
                              (--whole-archive)
zephyr/libzephyr.a(mem_attr.c.obj)
                              (--whole-archive)
zephyr/libzephyr.a(device.c.obj)
                              (--whole-archive)
zephyr/libzephyr.a(device_runtime.c.obj)
                              (--whole-archive)
zephyr/libzephyr.a(tracing_none.c.obj)
                              (--whole-archive)
zephyr/libzephyr.a(flash_util.c.obj)
                              (--whole-archive)
zephyr/libzephyr.a(banner.c.obj)
                              (--whole-archive)
zephyr/libzephyr.a(flash_map_partition_manager.c.obj)
                              (--whole-archive)
zephyr/arch/common/libarch__common.a(sw_isr_common.c.obj)
                              (--whole-archive)
zephyr/arch/arch/arm/core/libarch__arm__core.a(fatal.c.obj)
                              (--whole-archive)
zephyr/arch/arch/arm/core/libarch__arm__core.a(nmi.c.obj)
                              (--whole-archive)
zephyr/arch/arch/arm/core/libarch__arm__core.a(nmi_on_reset.S.obj)
                              (--whole-archive)
zephyr/arch/arch/arm/core/libarch__arm__core.a(tls.c.obj)
                              (--whole-archive)
zephyr/arch/arch/arm/core/cortex_m/libarch__arm__core__cortex_m.a(exc_exit.c.obj)
                              (--whole-archive)
zephyr/arch/arch/arm/core/cortex_m/libarch__arm__core__cortex_m.a(fault.c.obj)
                              (--whole-archive)
zephyr/arch/arch/arm/core/cortex_m/libarch__arm__core__cortex_m.a(fault_s.S.obj)
                              (--whole-archive)
zephyr/arch/arch/arm/core/cortex_m/libarch__arm__core__cortex_m.a(fpu.c.obj)
                              (--whole-archive)
zephyr/arch/arch/arm/core/cortex_m/libarch__arm__core__cortex_m.a(reset.S.obj)
                              (--whole-archive)
zephyr/arch/arch/arm/core/cortex_m/libarch__arm__core__cortex_m.a(scb.c.obj)
                              (--whole-archive)
zephyr/arch/arch/arm/core/cortex_m/libarch__arm__core__cortex_m.a(thread_abort.c.obj)
                              (--whole-archive)
zephyr/arch/arch/arm/core/cortex_m/libarch__arm__core__cortex_m.a(vector_table.S.obj)
                              (--whole-archive)
zephyr/arch/arch/arm/core/cortex_m/libarch__arm__core__cortex_m.a(swap.c.obj)
                              (--whole-archive)
zephyr/arch/arch/arm/core/cortex_m/libarch__arm__core__cortex_m.a(swap_helper.S.obj)
                              (--whole-archive)
zephyr/arch/arch/arm/core/cortex_m/libarch__arm__core__cortex_m.a(irq_manage.c.obj)
                              (--whole-archive)
zephyr/arch/arch/arm/core/cortex_m/libarch__arm__core__cortex_m.a(prep_c.c.obj)
                              (--whole-archive)
zephyr/arch/arch/arm/core/cortex_m/libarch__arm__core__cortex_m.a(thread.c.obj)
                              (--whole-archive)
zephyr/arch/arch/arm/core/cortex_m/libarch__arm__core__cortex_m.a(cpu_idle.c.obj)
                              (--whole-archive)
zephyr/arch/arch/arm/core/cortex_m/libarch__arm__core__cortex_m.a(irq_init.c.obj)
[...]
Memory Configuration

Name             Origin             Length             Attributes
FLASH            0x0000000000038000 0x00000000000c8000 xr
RAM              0x000000002000e568 0x0000000000031a98 xw
IDT_LIST         0x00000000ffff7fff 0x0000000000008000 xw
*default*        0x0000000000000000 0xffffffffffffffff

Linker script and memory map

                0x0000000000043000                vfprintf = __l_vfprintf
                0x0000000000000000                vfscanf = __l_vfscanf
LOAD zephyr/CMakeFiles/zephyr_pre0.dir/misc/empty_file.c.obj
LOAD zephyr/CMakeFiles/offsets.dir/./arch/arm/core/offsets/offsets.c.obj
LOAD tfm/api_ns/interface/lib/s_veneers.o
LOAD app/libapp.a
LOAD zephyr/libzephyr.a
LOAD zephyr/arch/common/libarch__common.a
LOAD zephyr/arch/arch/arm/core/libarch__arm__core.a
LOAD zephyr/arch/arch/arm/core/cortex_m/libarch__arm__core__cortex_m.a
LOAD zephyr/arch/arch/arm/core/cortex_m/cmse/libarch__arm__core__cortex_m__cmse.a
LOAD zephyr/arch/arch/arm/core/mpu/libarch__arm__core__mpu.a
LOAD zephyr/lib/libc/picolibc/liblib__libc__picolibc.a
LOAD zephyr/lib/libc/common/liblib__libc__common.a
LOAD zephyr/soc/soc/nrf9151/libsoc__nordic.a
LOAD zephyr/boards/boards/arm/thingy91x/libbmm350_init_minimal.a
LOAD zephyr/drivers/clock_control/libdrivers__clock_control.a
LOAD zephyr/drivers/console/libdrivers__console.a
LOAD zephyr/drivers/flash/libdrivers__flash.a
LOAD zephyr/drivers/gpio/libdrivers__gpio.a
LOAD zephyr/drivers/i2c/libdrivers__i2c.a
LOAD zephyr/drivers/mfd/libdrivers__mfd.a
LOAD zephyr/drivers/pinctrl/libdrivers__pinctrl.a
LOAD zephyr/drivers/regulator/libdrivers__regulator.a
LOAD zephyr/drivers/sensor/nordic/npm1300_charger/libdrivers__sensor__nordic__npm1300_charger.a
LOAD zephyr/drivers/serial/libdrivers__serial.a
LOAD zephyr/drivers/spi/libdrivers__spi.a
LOAD zephyr/drivers/timer/libdrivers__timer.a
LOAD modules/nrf/lib/nrf_modem_lib/lib..__nrf__lib__nrf_modem_lib.a
LOAD modules/nrf/lib/modem_antenna/lib..__nrf__lib__modem_antenna.a
LOAD modules/nrf/subsys/nrf_security/src/zephyr/libmbedtls_zephyr.a
LOAD modules/nrf/subsys/fw_info/lib..__nrf__subsys__fw_info.a
LOAD modules/nrf/modules/trusted-firmware-m/lib..__nrf__modules__trusted-firmware-m.a
LOAD modules/nrf/modules/trusted-firmware-m/libtfm_api_nrf.a
LOAD modules/trusted-firmware-m/libtfm_api.a
LOAD modules/hal_nordic/nrfx/libmodules__hal_nordic__nrfx.a
LOAD C:/ncs/v2.9.1/nrfxlib/nrf_modem/lib/cellular/nrf9120/soft-float/libmodem.a
LOAD zephyr/kernel/libkernel.a
LOAD zephyr/arch/common/libisr_tables.a
LOAD modules/nrf/subsys/nrf_security/src/libmbedcrypto.a
LOAD modules/nrf/subsys/nrf_security/src/libmbedcrypto_base.a
LOAD modules/nrf/subsys/nrf_security/src/libnrf_security_utils.a
LOAD zephyr/kernel/libkernel.a
LOAD C:/ncs/v2.9.1/nrfxlib/crypto/nrf_oberon/lib/cortex-m33/soft-float/liboberon_mbedtls_3.0.15.a
LOAD C:/ncs/v2.9.1/nrfxlib/crypto/nrf_oberon/lib/cortex-m33/soft-float/liboberon_3.0.15.a
LOAD c:\ncs\toolchains\b620d30767\opt\zephyr-sdk\arm-zephyr-eabi\bin\../lib/gcc/../../picolibc/arm-zephyr-eabi/lib/thumb/v8-m.main/nofp\libc.a
LOAD c:/ncs/toolchains/b620d30767/opt/zephyr-sdk/arm-zephyr-eabi/bin/../lib/gcc/arm-zephyr-eabi/12.2.0/thumb/v8-m.main/nofp\libgcc.a
                0x0000000000000007                _image_1_primary_slot_id = 0x7
                0x0000000000000020                _region_min_align = 0x20

.rel.plt        0x0000000000038000        0x0
 *(SORT_BY_ALIGNMENT(.rel.plt))
                [!provide]                        PROVIDE (__rel_iplt_start = .)
 *(SORT_BY_ALIGNMENT(.rel.iplt))
 .rel.iplt      0x0000000000038000        0x0 app/libapp.a(main.c.obj)
                [!provide]                        PROVIDE (__rel_iplt_end = .)

.rela.plt       0x0000000000000000        0x0
 *(SORT_BY_ALIGNMENT(.rela.plt))
                [!provide]                        PROVIDE (__rela_iplt_start = .)
 *(SORT_BY_ALIGNMENT(.rela.iplt))
                [!provide]                        PROVIDE (__rela_iplt_end = .)

.rel.dyn
 *(SORT_BY_ALIGNMENT(.rel.*))

.rela.dyn
 *(SORT_BY_ALIGNMENT(.rela.*))

/DISCARD/
 *(SORT_BY_ALIGNMENT(.plt))

/DISCARD/
 *(SORT_BY_ALIGNMENT(.iplt))
                0x0000000000038000                __rom_region_start = 0x38000

rom_start       0x0000000000038000      0x23c
                0x0000000000038000                __rom_start_address = .
 FILL mask 0x00
                0x0000000000038000                . = (. + (0x0 - (. - __rom_start_address)))
                0x0000000000038000                . = ALIGN (0x4)
                0x0000000000038000                . = ALIGN (0x80)
                0x0000000000038000                . = ALIGN (0x200)
                0x0000000000038000                _vector_start = .
 *(SORT_BY_ALIGNMENT(.exc_vector_table))
 *(SORT_BY_ALIGNMENT(.exc_vector_table.*))
 .exc_vector_table._vector_table_section
                0x0000000000038000       0x40 zephyr/arch/arch/arm/core/cortex_m/libarch__arm__core__cortex_m.a(vector_table.S.obj)
                0x0000000000038000                _vector_table
 *(SORT_BY_ALIGNMENT(.vectors))
                0x0000000000038144                _vector_end = .
                0x0000000000038040                . = ALIGN (0x4)
 *(SORT_BY_ALIGNMENT(.gnu.linkonce.irq_vector_table*))
 .gnu.linkonce.irq_vector_table
                0x0000000000038040      0x104 zephyr/arch/common/libisr_tables.a(isr_tables.c.obj)
                0x0000000000038040                _irq_vector_table
                0x0000000000038144                _vector_end = .
                0x0000000000000200                . = 0x200
 *fill*         0x0000000000038144       0xbc 00
                0x0000000000038200                _fw_info_start = .
 *(SORT_BY_NAME(SORT_BY_ALIGNMENT(.firmware_info*)))
 .firmware_info
                0x0000000000038200       0x3c modules/nrf/subsys/fw_info/lib..__nrf__subsys__fw_info.a(fw_info.c.obj)
                0x0000000000038200                m_firmware_info
                0x000000000000003c                _fw_info_size = ABSOLUTE ((. - _fw_info_start))

text            0x0000000000038240     0xefc8
                0x0000000000038240                __text_region_start = .
 *(SORT_BY_ALIGNMENT(.text))
 .text          0x0000000000038240      0x378 c:/ncs/toolchains/b620d30767/opt/zephyr-sdk/arm-zephyr-eabi/bin/../lib/gcc/arm-zephyr-eabi/12.2.0/thumb/v8-m.main/nofp\libgcc.a(_arm_addsubdf3.o)
                0x0000000000038240                __aeabi_drsub
                0x0000000000038248                __aeabi_dsub
                0x0000000000038248                __subdf3
                0x000000000003824c                __aeabi_dadd
                0x000000000003824c                __adddf3
                0x00000000000384c4                __floatunsidf
                0x00000000000384c4                __aeabi_ui2d
                0x00000000000384e4                __floatsidf
                0x00000000000384e4                __aeabi_i2d
                0x0000000000038508                __aeabi_f2d
                0x0000000000038508                __extendsfdf2
                0x000000000003854c                __floatundidf
                0x000000000003854c                __aeabi_ul2d
                0x000000000003855c                __floatdidf
                0x000000000003855c                __aeabi_l2d
 .text          0x00000000000385b8      0x424 c:/ncs/toolchains/b620d30767/opt/zephyr-sdk/arm-zephyr-eabi/bin/../lib/gcc/arm-zephyr-eabi/12.2.0/thumb/v8-m.main/nofp\libgcc.a(_arm_muldivdf3.o)
                0x00000000000385b8                __aeabi_dmul
                0x00000000000385b8                __muldf3
                0x000000000003880c                __divdf3
                0x000000000003880c                __aeabi_ddiv
 .text          0x00000000000389dc      0x110 c:/ncs/toolchains/b620d30767/opt/zephyr-sdk/arm-zephyr-eabi/bin/../lib/gcc/arm-zephyr-eabi/12.2.0/thumb/v8-m.main/nofp\libgcc.a(_arm_cmpdf2.o)
                0x00000000000389dc                __gtdf2
                0x00000000000389dc                __gedf2
                0x00000000000389e4                __ltdf2
                0x00000000000389e4                __ledf2
                0x00000000000389ec                __nedf2
                0x00000000000389ec                __eqdf2
                0x00000000000389ec                __cmpdf2
                0x0000000000038a68                __aeabi_cdrcmple
                0x0000000000038a78                __aeabi_cdcmpeq
                0x0000000000038a78                __aeabi_cdcmple
                0x0000000000038a88                __aeabi_dcmpeq
                0x0000000000038a9c                __aeabi_dcmplt
                0x0000000000038ab0                __aeabi_dcmple
                0x0000000000038ac4                __aeabi_dcmpge
                0x0000000000038ad8                __aeabi_dcmpgt
 .text          0x0000000000038aec       0x50 c:/ncs/toolchains/b620d30767/opt/zephyr-sdk/arm-zephyr-eabi/bin/../lib/gcc/arm-zephyr-eabi/12.2.0/thumb/v8-m.main/nofp\libgcc.a(_arm_fixdfsi.o)
                0x0000000000038aec                __aeabi_d2iz
                0x0000000000038aec                __fixdfsi
 .text          0x0000000000038b3c       0x40 c:/ncs/toolchains/b620d30767/opt/zephyr-sdk/arm-zephyr-eabi/bin/../lib/gcc/arm-zephyr-eabi/12.2.0/thumb/v8-m.main/nofp\libgcc.a(_arm_fixunsdfsi.o)
                0x0000000000038b3c                __aeabi_d2uiz
                0x0000000000038b3c                __fixunsdfsi
 .text          0x0000000000038b7c       0xa0 c:/ncs/toolchains/b620d30767/opt/zephyr-sdk/arm-zephyr-eabi/bin/../lib/gcc/arm-zephyr-eabi/12.2.0/thumb/v8-m.main/nofp\libgcc.a(_arm_truncdfsf2.o)
                0x0000000000038b7c                __truncdfsf2
                0x0000000000038b7c                __aeabi_d2f
 .text          0x0000000000038c1c      0x21c c:/ncs/toolchains/b620d30767/opt/zephyr-sdk/arm-zephyr-eabi/bin/../lib/gcc/arm-zephyr-eabi/12.2.0/thumb/v8-m.main/nofp\libgcc.a(_arm_addsubsf3.o)
                0x0000000000038c1c                __aeabi_frsub
                0x0000000000038c24                __subsf3
                0x0000000000038c24                __aeabi_fsub
                0x0000000000038c28                __aeabi_fadd
                0x0000000000038c28                __addsf3
                0x0000000000038d88                __aeabi_ui2f
                0x0000000000038d88                __floatunsisf
                0x0000000000038d90                __aeabi_i2f
                0x0000000000038d90                __floatsisf
                0x0000000000038dac                __aeabi_ul2f
                0x0000000000038dac                __floatundisf
                0x0000000000038dbc                __aeabi_l2f
                0x0000000000038dbc                __floatdisf
 .text          0x0000000000038e38      0x2a0 c:/ncs/toolchains/b620d30767/opt/zephyr-sdk/arm-zephyr-eabi/bin/../lib/gcc/arm-zephyr-eabi/12.2.0/thumb/v8-m.main/nofp\libgcc.a(_arm_muldivsf3.o)
                0x0000000000038e38                __mulsf3
                0x0000000000038e38                __aeabi_fmul
                0x0000000000038fa0                __aeabi_fdiv
                0x0000000000038fa0                __divsf3
 .text          0x00000000000390d8       0x4c c:/ncs/toolchains/b620d30767/opt/zephyr-sdk/arm-zephyr-eabi/bin/../lib/gcc/arm-zephyr-eabi/12.2.0/thumb/v8-m.main/nofp\libgcc.a(_arm_fixsfsi.o)
                0x00000000000390d8                __aeabi_f2iz
                0x00000000000390d8                __fixsfsi
 .text          0x0000000000039124       0x30 c:/ncs/toolchains/b620d30767/opt/zephyr-sdk/arm-zephyr-eabi/bin/../lib/gcc/arm-zephyr-eabi/12.2.0/thumb/v8-m.main/nofp\libgcc.a(_aeabi_uldivmod.o)
                0x0000000000039124                __aeabi_uldivmod
 .text          0x0000000000039154        0x4 c:/ncs/toolchains/b620d30767/opt/zephyr-sdk/arm-zephyr-eabi/bin/../lib/gcc/arm-zephyr-eabi/12.2.0/thumb/v8-m.main/nofp\libgcc.a(_dvmd_tls.o)
                0x0000000000039154                __aeabi_idiv0
                0x0000000000039154                __aeabi_ldiv0
 .text          0x0000000000039158       0x10 c:\ncs\toolchains\b620d30767\opt\zephyr-sdk\arm-zephyr-eabi\bin\../lib/gcc/../../picolibc/arm-zephyr-eabi/lib/thumb/v8-m.main/nofp\libc.a(strlen.S.o)
                0x0000000000039158                strlen
 .text          0x0000000000039168      0x29c c:/ncs/toolchains/b620d30767/opt/zephyr-sdk/arm-zephyr-eabi/bin/../lib/gcc/arm-zephyr-eabi/12.2.0/thumb/v8-m.main/nofp\libgcc.a(_udivmoddi4.o)
                0x0000000000039168                __udivmoddi4
 *(SORT_BY_ALIGNMENT(.text.*))
 *fill*         0x0000000000039404        0x4 
 .text.exp      0x0000000000039408      0x2ec c:\ncs\toolchains\b620d30767\opt\zephyr-sdk\arm-zephyr-eabi\bin\../lib/gcc/../../picolibc/arm-zephyr-eabi/lib/thumb/v8-m.main/nofp\libc.a(libm_math_s_exp.c.o)
                0x0000000000039408                expl
                0x0000000000039408                exp
 *fill*         0x00000000000396f4        0x4 
 .text.log      0x00000000000396f8      0x360 c:\ncs\toolchains\b620d30767\opt\zephyr-sdk\arm-zephyr-eabi\bin\../lib/gcc/../../picolibc/arm-zephyr-eabi/lib/thumb/v8-m.main/nofp\libc.a(libm_math_s_log.c.o)
                0x00000000000396f8                logl
                0x00000000000396f8                log
 .text.set_color
                0x0000000000039a58       0x6c app/libapp.a(main.c.obj)
                0x0000000000039a58                set_color
 .text.main     0x0000000000039ac4       0xcc app/libapp.a(main.c.obj)
                0x0000000000039ac4                main
 .text.cbvprintf_package
                0x0000000000039b90      0x3a4 zephyr/libzephyr.a(cbprintf_packaged.c.obj)
                0x0000000000039b90                cbvprintf_package
 .text.cbprintf_package_convert
                0x0000000000039f34      0x3c0 zephyr/libzephyr.a(cbprintf_packaged.c.obj)
                0x0000000000039f34                cbprintf_package_convert
 .text.__printk_hook_install
                0x000000000003a2f4        0xc zephyr/libzephyr.a(printk.c.obj)
                0x000000000003a2f4                __printk_hook_install
 .text.z_thread_entry
                0x000000000003a300       0x34 zephyr/libzephyr.a(thread_entry.c.obj)
                0x000000000003a300                z_thread_entry
 .text.process_event
                0x000000000003a334      0x21c zephyr/libzephyr.a(onoff.c.obj)
 .text.activate_foreach_backend
                0x000000000003a550       0x64 zephyr/libzephyr.a(log_core.c.obj)
 .text.enable_logger
                0x000000000003a5b4       0x5c zephyr/libzephyr.a(log_core.c.obj)
 .text.log_process_thread_timer_expiry_fn
                0x000000000003a610        0xc zephyr/libzephyr.a(log_core.c.obj)
 .text.z_log_init
                0x000000000003a61c       0x90 zephyr/libzephyr.a(log_core.c.obj)
 .text.log_format_func_t_get
                0x000000000003a6ac        0xc zephyr/libzephyr.a(log_core.c.obj)
                0x000000000003a6ac                log_format_func_t_get
 .text.log_set_timestamp_func
                0x000000000003a6b8       0x20 zephyr/libzephyr.a(log_core.c.obj)
                0x000000000003a6b8                log_set_timestamp_func
 .text.z_log_notify_backend_enabled
                0x000000000003a6d8       0x1c zephyr/libzephyr.a(log_core.c.obj)
                0x000000000003a6d8                z_log_notify_backend_enabled
 .text.z_log_dropped
                0x000000000003a6f4       0x3c zephyr/libzephyr.a(log_core.c.obj)
                0x000000000003a6f4                z_log_dropped
 .text.z_log_dropped_read_and_clear
                0x000000000003a730       0x18 zephyr/libzephyr.a(log_core.c.obj)
                0x000000000003a730                z_log_dropped_read_and_clear
 .text.dropped_notify
                0x000000000003a748       0x30 zephyr/libzephyr.a(log_core.c.obj)
                0x000000000003a748                dropped_notify
 .text.z_log_msg_init
                0x000000000003a778       0x20 zephyr/libzephyr.a(log_core.c.obj)
                0x000000000003a778                z_log_msg_init
 .text.log_core_init
                0x000000000003a798       0x34 zephyr/libzephyr.a(log_core.c.obj)
                0x000000000003a798                log_core_init
 .text.z_log_msg_alloc
                0x000000000003a7cc       0x10 zephyr/libzephyr.a(log_core.c.obj)
                0x000000000003a7cc                z_log_msg_alloc
 .text.z_log_msg_local_claim
                0x000000000003a7dc        0xc zephyr/libzephyr.a(log_core.c.obj)
                0x000000000003a7dc                z_log_msg_local_claim
 .text.z_log_msg_free
                0x000000000003a7e8       0x10 zephyr/libzephyr.a(log_core.c.obj)
                0x000000000003a7e8                z_log_msg_free
 .text.z_log_msg_pending
                0x000000000003a7f8        0xc zephyr/libzephyr.a(log_core.c.obj)
                0x000000000003a7f8                z_log_msg_pending
 .text.z_impl_log_process
                0x000000000003a804       0xb4 zephyr/libzephyr.a(log_core.c.obj)
                0x000000000003a804                z_impl_log_process
 .text.z_impl_log_panic
                0x000000000003a8b8       0x44 zephyr/libzephyr.a(log_core.c.obj)
                0x000000000003a8b8                z_impl_log_panic
 .text.log_process_thread_func
                0x000000000003a8fc       0xa4 zephyr/libzephyr.a(log_core.c.obj)
 .text.z_log_msg_post_finalize
                0x000000000003a9a0       0x78 zephyr/libzephyr.a(log_core.c.obj)
 .text.z_log_msg_commit
                0x000000000003aa18       0x24 zephyr/libzephyr.a(log_core.c.obj)
                0x000000000003aa18                z_log_msg_commit
 .text.log_source_name_get
                0x000000000003aa3c       0x1c zephyr/libzephyr.a(log_mgmt.c.obj)
                0x000000000003aa3c                log_source_name_get
 .text.log_backend_enable
                0x000000000003aa58       0x28 zephyr/libzephyr.a(log_mgmt.c.obj)
                0x000000000003aa58                log_backend_enable
 .text.z_impl_z_log_msg_static_create
                0x000000000003aa80      0x108 zephyr/libzephyr.a(log_msg.c.obj)
                0x000000000003aa80                z_impl_z_log_msg_static_create
 .text.z_log_msg_runtime_vcreate
                0x000000000003ab88       0xa0 zephyr/libzephyr.a(log_msg.c.obj)
                0x000000000003ab88                z_log_msg_runtime_vcreate
 .text.log_msg_get_source_id
                0x000000000003ac28       0x18 zephyr/libzephyr.a(log_msg.c.obj)
                0x000000000003ac28                log_msg_get_source_id
 .text.print_formatted
                0x000000000003ac40       0x24 zephyr/libzephyr.a(log_output.c.obj)
 .text.newline_print
                0x000000000003ac64       0x1c zephyr/libzephyr.a(log_output.c.obj)
 .text.log_output_process
                0x000000000003ac80      0x2d4 zephyr/libzephyr.a(log_output.c.obj)
                0x000000000003ac80                log_output_process
 .text.log_output_dropped_process
                0x000000000003af54       0x58 zephyr/libzephyr.a(log_output.c.obj)
                0x000000000003af54                log_output_dropped_process
 .text.log_output_timestamp_freq_set
                0x000000000003afac       0x2c zephyr/libzephyr.a(log_output.c.obj)
                0x000000000003afac                log_output_timestamp_freq_set
 .text.panic    0x000000000003afd8       0x3c zephyr/libzephyr.a(log_backend_uart.c.obj)
 .text.char_out
                0x000000000003b014       0x38 zephyr/libzephyr.a(log_backend_uart.c.obj)
 .text.mem_attr_get_regions
                0x000000000003b04c        0xc zephyr/libzephyr.a(mem_attr.c.obj)
                0x000000000003b04c                mem_attr_get_regions
 .text.runtime_suspend.isra.0
                0x000000000003b058       0xac zephyr/libzephyr.a(device_runtime.c.obj)
 .text.pm_device_runtime_get
                0x000000000003b104      0x180 zephyr/libzephyr.a(device_runtime.c.obj)
                0x000000000003b104                pm_device_runtime_get
 .text.pm_device_runtime_enable
                0x000000000003b284       0xe0 zephyr/libzephyr.a(device_runtime.c.obj)
                0x000000000003b284                pm_device_runtime_enable
 .text.boot_banner
                0x000000000003b364       0x1c zephyr/libzephyr.a(banner.c.obj)
                0x000000000003b364                boot_banner
 .text.z_arm_fatal_error
                0x000000000003b380       0xb8 zephyr/arch/arch/arm/core/libarch__arm__core.a(fatal.c.obj)
                0x000000000003b380                z_arm_fatal_error
 .text.z_SysNmiOnReset
                0x000000000003b438        0x8 zephyr/arch/arch/arm/core/libarch__arm__core.a(nmi_on_reset.S.obj)
                0x000000000003b438                z_SysNmiOnReset
 .text.arch_tls_stack_setup
                0x000000000003b440       0x40 zephyr/arch/arch/arm/core/libarch__arm__core.a(tls.c.obj)
                0x000000000003b440                arch_tls_stack_setup
 .text._HandlerModeExit
                0x000000000003b480       0x28 zephyr/arch/arch/arm/core/cortex_m/libarch__arm__core__cortex_m.a(exc_exit.c.obj)
                0x000000000003b480                z_arm_int_exit
                0x000000000003b480                z_arm_exc_exit
 .text.mem_manage_fault.constprop.0
                0x000000000003b4a8       0xd0 zephyr/arch/arch/arm/core/cortex_m/libarch__arm__core__cortex_m.a(fault.c.obj)
 .text.usage_fault.constprop.0
                0x000000000003b578       0xbc zephyr/arch/arch/arm/core/cortex_m/libarch__arm__core__cortex_m.a(fault.c.obj)
 .text.bus_fault.constprop.0
                0x000000000003b634       0xd0 zephyr/arch/arch/arm/core/cortex_m/libarch__arm__core__cortex_m.a(fault.c.obj)
 .text.z_arm_fault
                0x000000000003b704      0x1e0 zephyr/arch/arch/arm/core/cortex_m/libarch__arm__core__cortex_m.a(fault.c.obj)
                0x000000000003b704                z_arm_fault
 .text.z_arm_fault_init
                0x000000000003b8e4       0x20 zephyr/arch/arch/arm/core/cortex_m/libarch__arm__core__cortex_m.a(fault.c.obj)
                0x000000000003b8e4                z_arm_fault_init
 .text.__fault  0x000000000003b904       0x14 zephyr/arch/arch/arm/core/cortex_m/libarch__arm__core__cortex_m.a(fault_s.S.obj)
                0x000000000003b904                z_arm_usage_fault
                0x000000000003b904                z_arm_mpu_fault
                0x000000000003b904                z_arm_exc_spurious
                0x000000000003b904                z_arm_debug_monitor
                0x000000000003b904                z_arm_hard_fault
                0x000000000003b904                z_arm_bus_fault
 .text._reset_section
                0x000000000003b918       0x60 zephyr/arch/arch/arm/core/cortex_m/libarch__arm__core__cortex_m.a(reset.S.obj)
                0x000000000003b918                __start
                0x000000000003b918                z_arm_reset
 .text.z_arm_clear_arm_mpu_config
                0x000000000003b978       0x24 zephyr/arch/arch/arm/core/cortex_m/libarch__arm__core__cortex_m.a(scb.c.obj)
                0x000000000003b978                z_arm_clear_arm_mpu_config
 .text.z_arm_init_arch_hw_at_boot
                0x000000000003b99c       0x4c zephyr/arch/arch/arm/core/cortex_m/libarch__arm__core__cortex_m.a(scb.c.obj)
                0x000000000003b99c                z_arm_init_arch_hw_at_boot
 .text.z_impl_k_thread_abort
                0x000000000003b9e8       0x2c zephyr/arch/arch/arm/core/cortex_m/libarch__arm__core__cortex_m.a(thread_abort.c.obj)
                0x000000000003b9e8                z_impl_k_thread_abort
 .text.arch_swap
                0x000000000003ba14       0x34 zephyr/arch/arch/arm/core/cortex_m/libarch__arm__core__cortex_m.a(swap.c.obj)
                0x000000000003ba14                arch_swap
 .text.z_arm_pendsv_c
                0x000000000003ba48       0x54 zephyr/arch/arch/arm/core/cortex_m/libarch__arm__core__cortex_m.a(swap.c.obj)
                0x000000000003ba48                z_arm_pendsv_c
 .text.z_arm_pendsv
                0x000000000003ba9c       0x48 zephyr/arch/arch/arm/core/cortex_m/libarch__arm__core__cortex_m.a(swap_helper.S.obj)
                0x000000000003ba9c                z_arm_pendsv
 .text.z_arm_svc
                0x000000000003bae4       0x20 zephyr/arch/arch/arm/core/cortex_m/libarch__arm__core__cortex_m.a(swap_helper.S.obj)
                0x000000000003bae4                z_arm_svc
 .text.arch_irq_enable
                0x000000000003bb04       0x1c zephyr/arch/arch/arm/core/cortex_m/libarch__arm__core__cortex_m.a(irq_manage.c.obj)
                0x000000000003bb04                arch_irq_enable
 .text.arch_irq_disable
                0x000000000003bb20       0x28 zephyr/arch/arch/arm/core/cortex_m/libarch__arm__core__cortex_m.a(irq_manage.c.obj)
                0x000000000003bb20                arch_irq_disable
 .text.arch_irq_is_enabled
                0x000000000003bb48       0x1c zephyr/arch/arch/arm/core/cortex_m/libarch__arm__core__cortex_m.a(irq_manage.c.obj)
                0x000000000003bb48                arch_irq_is_enabled
 .text.z_arm_irq_priority_set
                0x000000000003bb64       0x2c zephyr/arch/arch/arm/core/cortex_m/libarch__arm__core__cortex_m.a(irq_manage.c.obj)
                0x000000000003bb64                z_arm_irq_priority_set
 .text.z_prep_c
                0x000000000003bb90       0x38 zephyr/arch/arch/arm/core/cortex_m/libarch__arm__core__cortex_m.a(prep_c.c.obj)
                0x000000000003bb90                z_prep_c
 .text.arch_new_thread
                0x000000000003bbc8       0x40 zephyr/arch/arch/arm/core/cortex_m/libarch__arm__core__cortex_m.a(thread.c.obj)
                0x000000000003bbc8                arch_new_thread
 .text.arch_switch_to_main_thread
                0x000000000003bc08       0x48 zephyr/arch/arch/arm/core/cortex_m/libarch__arm__core__cortex_m.a(thread.c.obj)
                0x000000000003bc08                arch_switch_to_main_thread
 .text.z_arm_cpu_idle_init
                0x000000000003bc50        0xc zephyr/arch/arch/arm/core/cortex_m/libarch__arm__core__cortex_m.a(cpu_idle.c.obj)
                0x000000000003bc50                z_arm_cpu_idle_init
 .text.z_arm_interrupt_init
                0x000000000003bc5c       0x18 zephyr/arch/arch/arm/core/cortex_m/libarch__arm__core__cortex_m.a(irq_init.c.obj)
                0x000000000003bc5c                z_arm_interrupt_init
 .text._isr_wrapper
                0x000000000003bc74       0x24 zephyr/arch/arch/arm/core/cortex_m/libarch__arm__core__cortex_m.a(isr_wrapper.c.obj)
                0x000000000003bc74                _isr_wrapper
 .text.z_arm_configure_static_mpu_regions
                0x000000000003bc98       0x38 zephyr/arch/arch/arm/core/mpu/libarch__arm__core__mpu.a(arm_core_mpu.c.obj)
                0x000000000003bc98                z_arm_configure_static_mpu_regions
 .text.region_init
                0x000000000003bcd0       0x34 zephyr/arch/arch/arm/core/mpu/libarch__arm__core__mpu.a(arm_mpu.c.obj)
 .text.region_allocate_and_init
                0x000000000003bd04       0x38 zephyr/arch/arch/arm/core/mpu/libarch__arm__core__mpu.a(arm_mpu.c.obj)
 .text.mpu_configure_regions_and_partition.constprop.0
                0x000000000003bd3c      0x164 zephyr/arch/arch/arm/core/mpu/libarch__arm__core__mpu.a(arm_mpu.c.obj)
 .text.arm_core_mpu_enable
                0x000000000003bea0       0x18 zephyr/arch/arch/arm/core/mpu/libarch__arm__core__mpu.a(arm_mpu.c.obj)
                0x000000000003bea0                arm_core_mpu_enable
 .text.arm_core_mpu_disable
                0x000000000003beb8       0x14 zephyr/arch/arch/arm/core/mpu/libarch__arm__core__mpu.a(arm_mpu.c.obj)
                0x000000000003beb8                arm_core_mpu_disable
 .text.arm_core_mpu_configure_static_mpu_regions
                0x000000000003becc       0x14 zephyr/arch/arch/arm/core/mpu/libarch__arm__core__mpu.a(arm_mpu.c.obj)
                0x000000000003becc                arm_core_mpu_configure_static_mpu_regions
 .text.arm_core_mpu_mark_areas_for_dynamic_regions
                0x000000000003bee0       0xb8 zephyr/arch/arch/arm/core/mpu/libarch__arm__core__mpu.a(arm_mpu.c.obj)
                0x000000000003bee0                arm_core_mpu_mark_areas_for_dynamic_regions
 .text.z_arm_mpu_init
                0x000000000003bf98      0x11c zephyr/arch/arch/arm/core/mpu/libarch__arm__core__mpu.a(arm_mpu.c.obj)
                0x000000000003bf98                z_arm_mpu_init
 .text.z_impl_zephyr_fputc
                0x000000000003c0b4       0x10 zephyr/lib/libc/picolibc/liblib__libc__picolibc.a(libc-hooks.c.obj)
                0x000000000003c0b4                z_impl_zephyr_fputc
 .text.__stdout_hook_install
                0x000000000003c0c4       0x18 zephyr/lib/libc/picolibc/liblib__libc__picolibc.a(libc-hooks.c.obj)
                0x000000000003c0c4                __stdout_hook_install
 .text.cbvprintf
                0x000000000003c0dc       0x38 zephyr/lib/libc/picolibc/liblib__libc__picolibc.a(libc-hooks.c.obj)
                0x000000000003c0dc                cbvprintf
 .text.malloc_prepare
                0x000000000003c114       0x24 zephyr/lib/libc/common/liblib__libc__common.a(malloc.c.obj)
 .text.nordicsemi_nrf91_init
                0x000000000003c138       0x10 zephyr/soc/soc/nrf9151/libsoc__nordic.a(soc.c.obj)
 .text.arch_busy_wait
                0x000000000003c148       0x14 zephyr/soc/soc/nrf9151/libsoc__nordic.a(soc.c.obj)
                0x000000000003c148                arch_busy_wait
 .text.bmm350_init_minimal
                0x000000000003c15c       0x4c zephyr/boards/boards/arm/thingy91x/libbmm350_init_minimal.a(bmm350_init_minimal.c.obj)
 .text.onoff_stop
                0x000000000003c1a8       0x30 zephyr/drivers/clock_control/libdrivers__clock_control.a(clock_control_nrf.c.obj)
 .text.onoff_start
                0x000000000003c1d8       0x44 zephyr/drivers/clock_control/libdrivers__clock_control.a(clock_control_nrf.c.obj)
 .text.generic_hfclk_stop
                0x000000000003c21c       0x34 zephyr/drivers/clock_control/libdrivers__clock_control.a(clock_control_nrf.c.obj)
 .text.clk_init
                0x000000000003c250       0x58 zephyr/drivers/clock_control/libdrivers__clock_control.a(clock_control_nrf.c.obj)
 .text.api_blocking_start
                0x000000000003c2a8       0x34 zephyr/drivers/clock_control/libdrivers__clock_control.a(clock_control_nrf.c.obj)
 .text.clkstarted_handle.constprop.0
                0x000000000003c2dc       0x4c zephyr/drivers/clock_control/libdrivers__clock_control.a(clock_control_nrf.c.obj)
 .text.generic_hfclk_start
                0x000000000003c328       0x7c zephyr/drivers/clock_control/libdrivers__clock_control.a(clock_control_nrf.c.obj)
 .text.clock_event_handler
                0x000000000003c3a4       0x1c zephyr/drivers/clock_control/libdrivers__clock_control.a(clock_control_nrf.c.obj)
 .text.z_nrf_clock_control_lf_on
                0x000000000003c3c0       0xf4 zephyr/drivers/clock_control/libdrivers__clock_control.a(clock_control_nrf.c.obj)
                0x000000000003c3c0                z_nrf_clock_control_lf_on
 .text.uart_console_init
                0x000000000003c4b4       0x28 zephyr/drivers/console/libdrivers__console.a(uart_console.c.obj)
 .text.console_out
                0x000000000003c4dc       0x3c zephyr/drivers/console/libdrivers__console.a(uart_console.c.obj)
 .text.flash_nor_get_parameters
                0x000000000003c518        0x8 zephyr/drivers/flash/libdrivers__flash.a(spi_nor.c.obj)
 .text.spi_nor_init
                0x000000000003c520       0x20 zephyr/drivers/flash/libdrivers__flash.a(spi_nor.c.obj)
 .text.spi_nor_pm_control
                0x000000000003c540      0x3bc zephyr/drivers/flash/libdrivers__flash.a(spi_nor.c.obj)
 .text.flash_nrf_pages_layout
                0x000000000003c8fc       0x10 zephyr/drivers/flash/libdrivers__flash.a(soc_flash_nrf.c.obj)
 .text.flash_nrf_get_parameters
                0x000000000003c90c        0x8 zephyr/drivers/flash/libdrivers__flash.a(soc_flash_nrf.c.obj)
 .text.flash_nrf_read.part.0
                0x000000000003c914       0x24 zephyr/drivers/flash/libdrivers__flash.a(soc_flash_nrf.c.obj)
 .text.nrf_flash_init
                0x000000000003c938       0x28 zephyr/drivers/flash/libdrivers__flash.a(soc_flash_nrf.c.obj)
 .text.flash_nrf_erase
                0x000000000003c960       0x8c zephyr/drivers/flash/libdrivers__flash.a(soc_flash_nrf.c.obj)
 .text.flash_nrf_write
                0x000000000003c9ec       0x88 zephyr/drivers/flash/libdrivers__flash.a(soc_flash_nrf.c.obj)
 .text.jesd216_bfp_decode_dw16
                0x000000000003ca74       0x40 zephyr/drivers/flash/libdrivers__flash.a(jesd216.c.obj)
                0x000000000003ca74                jesd216_bfp_decode_dw16
 .text.gpio_nrfx_init
                0x000000000003cab4       0x48 zephyr/drivers/gpio/libdrivers__gpio.a(gpio_nrfx.c.obj)
 .text.nrfx_gpio_handler
                0x000000000003cafc       0x3c zephyr/drivers/gpio/libdrivers__gpio.a(gpio_nrfx.c.obj)
 .text.gpio_nrfx_pin_configure
                0x000000000003cb38      0x17c zephyr/drivers/gpio/libdrivers__gpio.a(gpio_nrfx.c.obj)
 .text.gpio_nrfx_pin_interrupt_configure
                0x000000000003ccb4       0xf4 zephyr/drivers/gpio/libdrivers__gpio.a(gpio_nrfx.c.obj)
 .text.gpio_hogs_init
                0x000000000003cda8      0x110 zephyr/drivers/gpio/libdrivers__gpio.a(gpio_hogs.c.obj)
 .text.event_handler
                0x000000000003ceb8       0x38 zephyr/drivers/i2c/libdrivers__i2c.a(i2c_nrfx_twim.c.obj)
 .text.i2c_nrfx_twim_transfer
                0x000000000003cef0      0x1a0 zephyr/drivers/i2c/libdrivers__i2c.a(i2c_nrfx_twim.c.obj)
 .text.i2c_nrfx_twim_recover_bus
                0x000000000003d090       0x54 zephyr/drivers/i2c/libdrivers__i2c.a(i2c_nrfx_twim_common.c.obj)
                0x000000000003d090                i2c_nrfx_twim_recover_bus
 .text.i2c_nrfx_twim_configure
                0x000000000003d0e4       0x44 zephyr/drivers/i2c/libdrivers__i2c.a(i2c_nrfx_twim_common.c.obj)
                0x000000000003d0e4                i2c_nrfx_twim_configure
 .text.i2c_nrfx_twim_msg_transfer
                0x000000000003d128       0x80 zephyr/drivers/i2c/libdrivers__i2c.a(i2c_nrfx_twim_common.c.obj)
                0x000000000003d128                i2c_nrfx_twim_msg_transfer
 .text.i2c_nrfx_twim_common_init
                0x000000000003d1a8       0x78 zephyr/drivers/i2c/libdrivers__i2c.a(i2c_nrfx_twim_common.c.obj)
                0x000000000003d1a8                i2c_nrfx_twim_common_init
 .text.mfd_npm1300_init
                0x000000000003d220      0x104 zephyr/drivers/mfd/libdrivers__mfd.a(mfd_npm1300.c.obj)
 .text.work_callback
                0x000000000003d324       0xc4 zephyr/drivers/mfd/libdrivers__mfd.a(mfd_npm1300.c.obj)
 .text.pinctrl_configure_pins
                0x000000000003d3e8      0x17c zephyr/drivers/pinctrl/libdrivers__pinctrl.a(pinctrl_nrf.c.obj)
                0x000000000003d3e8                pinctrl_configure_pins
 .text.regulator_delay
                0x000000000003d564       0x2c zephyr/drivers/regulator/libdrivers__regulator.a(regulator_common.c.obj)
 .text.linear_range_get_value.constprop.0
                0x000000000003d590       0x20 zephyr/drivers/regulator/libdrivers__regulator.a(regulator_npm1300.c.obj)
 .text.linear_range_get_win_index.constprop.0
                0x000000000003d5b0       0x5c zephyr/drivers/regulator/libdrivers__regulator.a(regulator_npm1300.c.obj)
 .text.npm1300_charger_attr_get
                0x000000000003d60c       0x6c zephyr/drivers/sensor/nordic/npm1300_charger/libdrivers__sensor__nordic__npm1300_charger.a(npm1300_charger.c.obj)
 .text.npm1300_charger_channel_get
                0x000000000003d678      0x168 zephyr/drivers/sensor/nordic/npm1300_charger/libdrivers__sensor__nordic__npm1300_charger.a(npm1300_charger.c.obj)
                0x000000000003d678                npm1300_charger_channel_get
 .text.npm1300_charger_init
                0x000000000003d7e0      0x304 zephyr/drivers/sensor/nordic/npm1300_charger/libdrivers__sensor__nordic__npm1300_charger.a(npm1300_charger.c.obj)
                0x000000000003d7e0                npm1300_charger_init
 .text.npm1300_charger_attr_set
                0x000000000003dae4       0x80 zephyr/drivers/sensor/nordic/npm1300_charger/libdrivers__sensor__nordic__npm1300_charger.a(npm1300_charger.c.obj)
 .text.uarte_0_init
                0x000000000003db64       0xe4 zephyr/drivers/serial/libdrivers__serial.a(uart_nrfx_uarte.c.obj)
 .text.uarte_nrfx_poll_out
                0x000000000003dc48       0xdc zephyr/drivers/serial/libdrivers__serial.a(uart_nrfx_uarte.c.obj)
 .text.spi_nrfx_init
                0x000000000003dd24      0x114 zephyr/drivers/spi/libdrivers__spi.a(spi_nrfx_spim.c.obj)
 .text.transfer_next_chunk
                0x000000000003de38       0xd0 zephyr/drivers/spi/libdrivers__spi.a(spi_nrfx_spim.c.obj)
 .text.event_handler
                0x000000000003df08       0xd4 zephyr/drivers/spi/libdrivers__spi.a(spi_nrfx_spim.c.obj)
 .text.spi_nrfx_transceive
                0x000000000003dfdc      0x3b4 zephyr/drivers/spi/libdrivers__spi.a(spi_nrfx_spim.c.obj)
 .text.spi_nrfx_wake_init
                0x000000000003e390       0x60 zephyr/drivers/spi/libdrivers__spi.a(spi_nrfx_common.c.obj)
                0x000000000003e390                spi_nrfx_wake_init
 .text.spi_nrfx_wake_request
                0x000000000003e3f0       0x88 zephyr/drivers/spi/libdrivers__spi.a(spi_nrfx_common.c.obj)
                0x000000000003e3f0                spi_nrfx_wake_request
 .text.compare_int_lock
                0x000000000003e478       0x40 zephyr/drivers/timer/libdrivers__timer.a(nrf_rtc_timer.c.obj)
 .text.sys_clock_timeout_handler
                0x000000000003e4b8       0x48 zephyr/drivers/timer/libdrivers__timer.a(nrf_rtc_timer.c.obj)
 .text.compare_int_unlock
                0x000000000003e500       0x4c zephyr/drivers/timer/libdrivers__timer.a(nrf_rtc_timer.c.obj)
 .text.z_nrf_rtc_timer_read
                0x000000000003e54c       0x44 zephyr/drivers/timer/libdrivers__timer.a(nrf_rtc_timer.c.obj)
                0x000000000003e54c                z_nrf_rtc_timer_read
 .text.compare_set
                0x000000000003e590      0x124 zephyr/drivers/timer/libdrivers__timer.a(nrf_rtc_timer.c.obj)
 .text.sys_clock_driver_init
                0x000000000003e6b4       0x90 zephyr/drivers/timer/libdrivers__timer.a(nrf_rtc_timer.c.obj)
 .text.rtc_nrf_isr
                0x000000000003e744       0xd0 zephyr/drivers/timer/libdrivers__timer.a(nrf_rtc_timer.c.obj)
                0x000000000003e744                rtc_nrf_isr
 .text.sys_clock_set_timeout
                0x000000000003e814       0x5c zephyr/drivers/timer/libdrivers__timer.a(nrf_rtc_timer.c.obj)
                0x000000000003e814                sys_clock_set_timeout
 .text.sys_clock_elapsed
                0x000000000003e870       0x14 zephyr/drivers/timer/libdrivers__timer.a(nrf_rtc_timer.c.obj)
                0x000000000003e870                sys_clock_elapsed
 .text.thread_monitor_entry_get
                0x000000000003e884       0x48 modules/nrf/lib/nrf_modem_lib/lib..__nrf__lib__nrf_modem_lib.a(nrf_modem_os.c.obj)
 .text.on_init  0x000000000003e8cc       0x20 modules/nrf/lib/nrf_modem_lib/lib..__nrf__lib__nrf_modem_lib.a(nrf_modem_os.c.obj)
 .text.nrf_modem_os_timedwait
                0x000000000003e8ec      0x190 modules/nrf/lib/nrf_modem_lib/lib..__nrf__lib__nrf_modem_lib.a(nrf_modem_os.c.obj)
                0x000000000003e8ec                nrf_modem_os_timedwait
 .text.nrf_modem_os_errno_set
                0x000000000003ea7c       0x14 modules/nrf/lib/nrf_modem_lib/lib..__nrf__lib__nrf_modem_lib.a(nrf_modem_os.c.obj)
                0x000000000003ea7c                nrf_modem_os_errno_set
 .text.nrf_modem_os_sem_init
                0x000000000003ea90       0x40 modules/nrf/lib/nrf_modem_lib/lib..__nrf__lib__nrf_modem_lib.a(nrf_modem_os.c.obj)
                0x000000000003ea90                nrf_modem_os_sem_init
 .text.nrf_modem_os_event_notify
                0x000000000003ead0       0x38 modules/nrf/lib/nrf_modem_lib/lib..__nrf__lib__nrf_modem_lib.a(nrf_modem_os.c.obj)
                0x000000000003ead0                nrf_modem_os_event_notify
 .text.nrf_modem_os_alloc
                0x000000000003eb08       0x10 modules/nrf/lib/nrf_modem_lib/lib..__nrf__lib__nrf_modem_lib.a(nrf_modem_os.c.obj)
                0x000000000003eb08                nrf_modem_os_alloc
 .text.nrf_modem_os_free
                0x000000000003eb18        0xc modules/nrf/lib/nrf_modem_lib/lib..__nrf__lib__nrf_modem_lib.a(nrf_modem_os.c.obj)
                0x000000000003eb18                nrf_modem_os_free
 .text.nrf_modem_os_shm_tx_alloc
                0x000000000003eb24       0x10 modules/nrf/lib/nrf_modem_lib/lib..__nrf__lib__nrf_modem_lib.a(nrf_modem_os.c.obj)
                0x000000000003eb24                nrf_modem_os_shm_tx_alloc
 .text.nrf_modem_os_shm_tx_free
                0x000000000003eb34        0xc modules/nrf/lib/nrf_modem_lib/lib..__nrf__lib__nrf_modem_lib.a(nrf_modem_os.c.obj)
                0x000000000003eb34                nrf_modem_os_shm_tx_free
 .text.cfun_callback
                0x000000000003eb40       0x24 modules/nrf/lib/nrf_modem_lib/lib..__nrf__lib__nrf_modem_lib.a(cfun_hooks.c.obj)
 .text.on_modem_init
                0x000000000003eb64        0xc modules/nrf/lib/nrf_modem_lib/lib..__nrf__lib__nrf_modem_lib.a(cfun_hooks.c.obj)
 .text.set_antenna_configuration.part.0
                0x000000000003eb70       0x2c modules/nrf/lib/modem_antenna/lib..__nrf__lib__modem_antenna.a(modem_antenna.c.obj)
 .text.on_modem_lib_init
                0x000000000003eb9c       0x50 modules/nrf/lib/modem_antenna/lib..__nrf__lib__modem_antenna.a(modem_antenna.c.obj)
 .text.check_ext_api_requests
                0x000000000003ebec       0xa0 modules/nrf/subsys/fw_info/lib..__nrf__subsys__fw_info.a(fw_info.c.obj)
 .text.ns_fault_init
                0x000000000003ec8c       0x30 modules/nrf/modules/trusted-firmware-m/lib..__nrf__modules__trusted-firmware-m.a(fault.c.obj)
 .text.arm_fault
                0x000000000003ecbc      0x24c modules/nrf/modules/trusted-firmware-m/lib..__nrf__modules__trusted-firmware-m.a(fault.c.obj)
                0x000000000003ecbc                arm_fault
 .text.tfm_ns_fault_handler_callback
                0x000000000003ef08       0x48 modules/nrf/modules/trusted-firmware-m/lib..__nrf__modules__trusted-firmware-m.a(fault.c.obj)
                0x000000000003ef08                tfm_ns_fault_handler_callback
 .text.tfm_ns_interface_dispatch
                0x000000000003ef50       0x68 modules/trusted-firmware-m/libtfm_api.a(interface.c.obj)
                0x000000000003ef50                tfm_ns_interface_dispatch
 .text.tfm_platform_ioctl
                0x000000000003efb8       0x4c modules/trusted-firmware-m/libtfm_api.a(tfm_platform_api.c.obj)
                0x000000000003efb8                tfm_platform_ioctl
 .text.psa_call
                0x000000000003f004       0x34 modules/trusted-firmware-m/libtfm_api.a(tfm_tz_psa_ns_api.c.obj)
                0x000000000003f004                psa_call
 .text.nrfx_flag32_alloc
                0x000000000003f038       0x40 modules/hal_nordic/nrfx/libmodules__hal_nordic__nrfx.a(nrfx_flag32_allocator.c.obj)
                0x000000000003f038                nrfx_flag32_alloc
 .text.nrfx_flag32_free
                0x000000000003f078       0x38 modules/hal_nordic/nrfx/libmodules__hal_nordic__nrfx.a(nrfx_flag32_allocator.c.obj)
                0x000000000003f078                nrfx_flag32_free
 .text.nrfx_gppi_channels_enable
                0x000000000003f0b0        0xc modules/hal_nordic/nrfx/libmodules__hal_nordic__nrfx.a(nrfx_gppi_dppi.c.obj)
                0x000000000003f0b0                nrfx_gppi_channels_enable
 .text.nrfx_gppi_channel_alloc
                0x000000000003f0bc        0xc modules/hal_nordic/nrfx/libmodules__hal_nordic__nrfx.a(nrfx_gppi_dppi.c.obj)
                0x000000000003f0bc                nrfx_gppi_channel_alloc
 .text.clock_stop
                0x000000000003f0c8       0xb0 modules/hal_nordic/nrfx/libmodules__hal_nordic__nrfx.a(nrfx_clock.c.obj)
 .text.nrfx_clock_init
                0x000000000003f178       0x20 modules/hal_nordic/nrfx/libmodules__hal_nordic__nrfx.a(nrfx_clock.c.obj)
                0x000000000003f178                nrfx_clock_init
 .text.nrfx_clock_enable
                0x000000000003f198       0x28 modules/hal_nordic/nrfx/libmodules__hal_nordic__nrfx.a(nrfx_clock.c.obj)
                0x000000000003f198                nrfx_clock_enable
 .text.nrfx_clock_start
                0x000000000003f1c0       0xb8 modules/hal_nordic/nrfx/libmodules__hal_nordic__nrfx.a(nrfx_clock.c.obj)
                0x000000000003f1c0                nrfx_clock_start
 .text.nrfx_power_clock_irq_handler
                0x000000000003f278       0x64 modules/hal_nordic/nrfx/libmodules__hal_nordic__nrfx.a(nrfx_clock.c.obj)
                0x000000000003f278                nrfx_power_clock_irq_handler
 .text.nrfx_dppi_channel_alloc
                0x000000000003f2dc       0x10 modules/hal_nordic/nrfx/libmodules__hal_nordic__nrfx.a(nrfx_dppi.c.obj)
                0x000000000003f2dc                nrfx_dppi_channel_alloc
 .text.nrf_gpio_pin_port_decode
                0x000000000003f2ec       0x18 modules/hal_nordic/nrfx/libmodules__hal_nordic__nrfx.a(nrfx_gpiote.c.obj)
 .text.release_handler
                0x000000000003f304       0x6c modules/hal_nordic/nrfx/libmodules__hal_nordic__nrfx.a(nrfx_gpiote.c.obj)
 .text.pin_te_get.isra.0
                0x000000000003f370       0x18 modules/hal_nordic/nrfx/libmodules__hal_nordic__nrfx.a(nrfx_gpiote.c.obj)
 .text.pin_is_input.isra.0
                0x000000000003f388       0x20 modules/hal_nordic/nrfx/libmodules__hal_nordic__nrfx.a(nrfx_gpiote.c.obj)
 .text.pin_in_use_by_te.isra.0
                0x000000000003f3a8       0x1c modules/hal_nordic/nrfx/libmodules__hal_nordic__nrfx.a(nrfx_gpiote.c.obj)
 .text.latch_pending_read_and_check
                0x000000000003f3c4       0x1c modules/hal_nordic/nrfx/libmodules__hal_nordic__nrfx.a(nrfx_gpiote.c.obj)
 .text.__nrfy_internal_gpiote_events_process.constprop.0
                0x000000000003f3e0       0x5c modules/hal_nordic/nrfx/libmodules__hal_nordic__nrfx.a(nrfx_gpiote.c.obj)
 .text.irq_handler.constprop.0
                0x000000000003f43c      0x15c modules/hal_nordic/nrfx/libmodules__hal_nordic__nrfx.a(nrfx_gpiote.c.obj)
 .text.pin_uninit
                0x000000000003f598       0xa0 modules/hal_nordic/nrfx/libmodules__hal_nordic__nrfx.a(nrfx_gpiote.c.obj)
 .text.nrfx_gpiote_input_configure
                0x000000000003f638      0x1f8 modules/hal_nordic/nrfx/libmodules__hal_nordic__nrfx.a(nrfx_gpiote.c.obj)
                0x000000000003f638                nrfx_gpiote_input_configure
 .text.nrfx_gpiote_output_configure
                0x000000000003f830      0x130 modules/hal_nordic/nrfx/libmodules__hal_nordic__nrfx.a(nrfx_gpiote.c.obj)
                0x000000000003f830                nrfx_gpiote_output_configure
 .text.nrfx_gpiote_global_callback_set
                0x000000000003f960       0x1c modules/hal_nordic/nrfx/libmodules__hal_nordic__nrfx.a(nrfx_gpiote.c.obj)
                0x000000000003f960                nrfx_gpiote_global_callback_set
 .text.nrfx_gpiote_channel_get
                0x000000000003f97c       0x38 modules/hal_nordic/nrfx/libmodules__hal_nordic__nrfx.a(nrfx_gpiote.c.obj)
                0x000000000003f97c                nrfx_gpiote_channel_get
 .text.nrfx_gpiote_init
                0x000000000003f9b4       0x78 modules/hal_nordic/nrfx/libmodules__hal_nordic__nrfx.a(nrfx_gpiote.c.obj)
                0x000000000003f9b4                nrfx_gpiote_init
 .text.nrfx_gpiote_init_check
                0x000000000003fa2c       0x1c modules/hal_nordic/nrfx/libmodules__hal_nordic__nrfx.a(nrfx_gpiote.c.obj)
                0x000000000003fa2c                nrfx_gpiote_init_check
 .text.nrfx_gpiote_channel_free
                0x000000000003fa48       0x18 modules/hal_nordic/nrfx/libmodules__hal_nordic__nrfx.a(nrfx_gpiote.c.obj)
                0x000000000003fa48                nrfx_gpiote_channel_free
 .text.nrfx_gpiote_channel_alloc
                0x000000000003fa60       0x18 modules/hal_nordic/nrfx/libmodules__hal_nordic__nrfx.a(nrfx_gpiote.c.obj)
                0x000000000003fa60                nrfx_gpiote_channel_alloc
 .text.nrfx_gpiote_trigger_enable
                0x000000000003fa78       0xb0 modules/hal_nordic/nrfx/libmodules__hal_nordic__nrfx.a(nrfx_gpiote.c.obj)
                0x000000000003fa78                nrfx_gpiote_trigger_enable
 .text.nrfx_gpiote_1_irq_handler
                0x000000000003fb28        0xc modules/hal_nordic/nrfx/libmodules__hal_nordic__nrfx.a(nrfx_gpiote.c.obj)
                0x000000000003fb28                nrfx_gpiote_1_irq_handler
 .text.nrfx_ipc_init
                0x000000000003fb34       0x30 modules/hal_nordic/nrfx/libmodules__hal_nordic__nrfx.a(nrfx_ipc.c.obj)
                0x000000000003fb34                nrfx_ipc_init
 .text.nrfx_ipc_config_load
                0x000000000003fb64       0x40 modules/hal_nordic/nrfx/libmodules__hal_nordic__nrfx.a(nrfx_ipc.c.obj)
                0x000000000003fb64                nrfx_ipc_config_load
 .text.nrfx_ipc_uninit
                0x000000000003fba4       0x64 modules/hal_nordic/nrfx/libmodules__hal_nordic__nrfx.a(nrfx_ipc.c.obj)
                0x000000000003fba4                nrfx_ipc_uninit
 .text.nrfx_ipc_receive_event_enable
                0x000000000003fc08       0x10 modules/hal_nordic/nrfx/libmodules__hal_nordic__nrfx.a(nrfx_ipc.c.obj)
                0x000000000003fc08                nrfx_ipc_receive_event_enable
 .text.nrfx_ipc_receive_event_disable
                0x000000000003fc18       0x10 modules/hal_nordic/nrfx/libmodules__hal_nordic__nrfx.a(nrfx_ipc.c.obj)
                0x000000000003fc18                nrfx_ipc_receive_event_disable
 .text.nrfx_ipc_irq_handler
                0x000000000003fc28       0x40 modules/hal_nordic/nrfx/libmodules__hal_nordic__nrfx.a(nrfx_ipc.c.obj)
                0x000000000003fc28                nrfx_ipc_irq_handler
 .text.nvmc_word_write
                0x000000000003fc68       0x18 modules/hal_nordic/nrfx/libmodules__hal_nordic__nrfx.a(nrfx_nvmc.c.obj)
 .text.nrfx_nvmc_page_erase
                0x000000000003fc80       0x38 modules/hal_nordic/nrfx/libmodules__hal_nordic__nrfx.a(nrfx_nvmc.c.obj)
                0x000000000003fc80                nrfx_nvmc_page_erase
 .text.nrfx_nvmc_word_write
                0x000000000003fcb8       0x1c modules/hal_nordic/nrfx/libmodules__hal_nordic__nrfx.a(nrfx_nvmc.c.obj)
                0x000000000003fcb8                nrfx_nvmc_word_write
 .text.nrf_gpio_pin_set
                0x000000000003fcd4       0x18 modules/hal_nordic/nrfx/libmodules__hal_nordic__nrfx.a(nrfx_spim.c.obj)
 .text.spim_frequency_valid_check.constprop.0
                0x000000000003fcec       0x50 modules/hal_nordic/nrfx/libmodules__hal_nordic__nrfx.a(nrfx_spim.c.obj)
 .text.spim_pin_uninit
                0x000000000003fd3c       0x38 modules/hal_nordic/nrfx/libmodules__hal_nordic__nrfx.a(nrfx_spim.c.obj)
 .text.nrf_gpio_pin_clear
                0x000000000003fd74       0x18 modules/hal_nordic/nrfx/libmodules__hal_nordic__nrfx.a(nrfx_spim.c.obj)
 .text.pin_init.constprop.0
                0x000000000003fd8c       0x54 modules/hal_nordic/nrfx/libmodules__hal_nordic__nrfx.a(nrfx_spim.c.obj)
 .text.spim_configure
                0x000000000003fde0      0x164 modules/hal_nordic/nrfx/libmodules__hal_nordic__nrfx.a(nrfx_spim.c.obj)
 .text.nrfx_spim_init
                0x000000000003ff44       0x68 modules/hal_nordic/nrfx/libmodules__hal_nordic__nrfx.a(nrfx_spim.c.obj)
                0x000000000003ff44                nrfx_spim_init
 .text.nrfx_spim_uninit
                0x000000000003ffac       0x78 modules/hal_nordic/nrfx/libmodules__hal_nordic__nrfx.a(nrfx_spim.c.obj)
                0x000000000003ffac                nrfx_spim_uninit
 .text.nrfx_spim_xfer
                0x0000000000040024      0x168 modules/hal_nordic/nrfx/libmodules__hal_nordic__nrfx.a(nrfx_spim.c.obj)
                0x0000000000040024                nrfx_spim_xfer
 .text.nrfx_spim_3_irq_handler
                0x000000000004018c       0x54 modules/hal_nordic/nrfx/libmodules__hal_nordic__nrfx.a(nrfx_spim.c.obj)
                0x000000000004018c                nrfx_spim_3_irq_handler
 .text.twim_configure
                0x00000000000401e0       0x3c modules/hal_nordic/nrfx/libmodules__hal_nordic__nrfx.a(nrfx_twim.c.obj)
 .text.pins_configure
                0x000000000004021c       0x60 modules/hal_nordic/nrfx/libmodules__hal_nordic__nrfx.a(nrfx_twim.c.obj)
 .text.nrfx_twim_init
                0x000000000004027c       0x74 modules/hal_nordic/nrfx/libmodules__hal_nordic__nrfx.a(nrfx_twim.c.obj)
                0x000000000004027c                nrfx_twim_init
 .text.nrfx_twim_enable
                0x00000000000402f0       0x20 modules/hal_nordic/nrfx/libmodules__hal_nordic__nrfx.a(nrfx_twim.c.obj)
                0x00000000000402f0                nrfx_twim_enable
 .text.nrfx_twim_disable
                0x0000000000040310       0x3c modules/hal_nordic/nrfx/libmodules__hal_nordic__nrfx.a(nrfx_twim.c.obj)
                0x0000000000040310                nrfx_twim_disable
 .text.nrfx_twim_xfer
                0x000000000004034c      0x350 modules/hal_nordic/nrfx/libmodules__hal_nordic__nrfx.a(nrfx_twim.c.obj)
                0x000000000004034c                nrfx_twim_xfer
 .text.nrfx_twim_2_irq_handler
                0x000000000004069c      0x188 modules/hal_nordic/nrfx/libmodules__hal_nordic__nrfx.a(nrfx_twim.c.obj)
                0x000000000004069c                nrfx_twim_2_irq_handler
 .text.nrf_gpio_pin_port_decode
                0x0000000000040824       0x18 modules/hal_nordic/nrfx/libmodules__hal_nordic__nrfx.a(nrfx_twi_twim.c.obj)
 .text.nrfx_twi_twim_bus_recover
                0x000000000004083c       0xd4 modules/hal_nordic/nrfx/libmodules__hal_nordic__nrfx.a(nrfx_twi_twim.c.obj)
                0x000000000004083c                nrfx_twi_twim_bus_recover
 .text.nrf_modem_fault_handler_internal
                0x0000000000040910       0x18 C:/ncs/v2.9.1/nrfxlib/nrf_modem/lib/cellular/nrf9120/soft-float/libmodem.a(nrf_modem_fault.c.obj)
                0x0000000000040910                nrf_modem_fault_handler_internal
 .text.nrf_modem_state_set
                0x0000000000040928        0xc C:/ncs/v2.9.1/nrfxlib/nrf_modem/lib/cellular/nrf9120/soft-float/libmodem.a(nrf_modem_state.c.obj)
                0x0000000000040928                nrf_modem_state_set
 .text.nrf_modem_state_is_initialized
                0x0000000000040934       0x10 C:/ncs/v2.9.1/nrfxlib/nrf_modem/lib/cellular/nrf9120/soft-float/libmodem.a(nrf_modem_state.c.obj)
                0x0000000000040934                nrf_modem_state_is_initialized
 .text.rpc_handle_data_message
                0x0000000000040944       0x38 C:/ncs/v2.9.1/nrfxlib/nrf_modem/lib/cellular/nrf9120/soft-float/libmodem.a(rpc_framework.c.obj)
                0x0000000000040944                rpc_handle_data_message
 .text.rpc_transport_msg_alloc
                0x000000000004097c        0xc C:/ncs/v2.9.1/nrfxlib/nrf_modem/lib/cellular/nrf9120/soft-float/libmodem.a(rpc_transport.c.obj)
                0x000000000004097c                rpc_transport_msg_alloc
 .text.rpc_transport_msg_data_rx_free
                0x0000000000040988        0xc C:/ncs/v2.9.1/nrfxlib/nrf_modem/lib/cellular/nrf9120/soft-float/libmodem.a(rpc_transport.c.obj)
                0x0000000000040988                rpc_transport_msg_data_rx_free
 .text.rpc_transport_msg_send
                0x0000000000040994        0xc C:/ncs/v2.9.1/nrfxlib/nrf_modem/lib/cellular/nrf9120/soft-float/libmodem.a(rpc_transport.c.obj)
                0x0000000000040994                rpc_transport_msg_send
 .text.rpc_transport_ipc_msg_data_tx_size
                0x00000000000409a0        0xc C:/ncs/v2.9.1/nrfxlib/nrf_modem/lib/cellular/nrf9120/soft-float/libmodem.a(rpc_transport_ipc.c.obj)
 .text.rpc_transport_ipc_msg_tx_free
                0x00000000000409ac       0x38 C:/ncs/v2.9.1/nrfxlib/nrf_modem/lib/cellular/nrf9120/soft-float/libmodem.a(rpc_transport_ipc.c.obj)
 .text.handle_modem_rpc_msg
                0x00000000000409e4       0x68 C:/ncs/v2.9.1/nrfxlib/nrf_modem/lib/cellular/nrf9120/soft-float/libmodem.a(rpc_transport_ipc.c.obj)
 .text.rpc_message_handler
                0x0000000000040a4c       0x24 C:/ncs/v2.9.1/nrfxlib/nrf_modem/lib/cellular/nrf9120/soft-float/libmodem.a(rpc_transport_ipc.c.obj)
 .text.ipc_irq_handler
                0x0000000000040a70       0xec C:/ncs/v2.9.1/nrfxlib/nrf_modem/lib/cellular/nrf9120/soft-float/libmodem.a(rpc_transport_ipc.c.obj)
                0x0000000000040a70                ipc_irq_handler
 .text.rpc_transport_ipc_ctrl_msg_alloc
                0x0000000000040b5c       0x44 C:/ncs/v2.9.1/nrfxlib/nrf_modem/lib/cellular/nrf9120/soft-float/libmodem.a(rpc_transport_ipc.c.obj)
 .text.rpc_transport_ipc_data_msg_alloc
                0x0000000000040ba0       0x24 C:/ncs/v2.9.1/nrfxlib/nrf_modem/lib/cellular/nrf9120/soft-float/libmodem.a(rpc_transport_ipc.c.obj)
 .text.rpc_transport_ipc_data_msg_send
                0x0000000000040bc4       0x6c C:/ncs/v2.9.1/nrfxlib/nrf_modem/lib/cellular/nrf9120/soft-float/libmodem.a(rpc_transport_ipc.c.obj)
 .text.rpc_transport_ipc_init
                0x0000000000040c30      0x1d4 C:/ncs/v2.9.1/nrfxlib/nrf_modem/lib/cellular/nrf9120/soft-float/libmodem.a(rpc_transport_ipc.c.obj)
 .text.rpc_transport_ipc_ctrl_msg_send
                0x0000000000040e04       0x6c C:/ncs/v2.9.1/nrfxlib/nrf_modem/lib/cellular/nrf9120/soft-float/libmodem.a(rpc_transport_ipc.c.obj)
 .text.rpc_transport_ipc_request_shutdown
                0x0000000000040e70       0x38 C:/ncs/v2.9.1/nrfxlib/nrf_modem/lib/cellular/nrf9120/soft-float/libmodem.a(rpc_transport_ipc.c.obj)
 .text.rpc_transport_ipc_msg_data_rx_free
                0x0000000000040ea8       0x30 C:/ncs/v2.9.1/nrfxlib/nrf_modem/lib/cellular/nrf9120/soft-float/libmodem.a(rpc_transport_ipc.c.obj)
 .text.cfun_post_modem
                0x0000000000040ed8       0x14 C:/ncs/v2.9.1/nrfxlib/nrf_modem/lib/cellular/nrf9120/soft-float/libmodem.a(nrf_modem_at.c.obj)
 .text.at_cmd_vsprintf
                0x0000000000040eec       0x50 C:/ncs/v2.9.1/nrfxlib/nrf_modem/lib/cellular/nrf9120/soft-float/libmodem.a(nrf_modem_at.c.obj)
 .text.cfun_pre_modem
                0x0000000000040f3c       0x44 C:/ncs/v2.9.1/nrfxlib/nrf_modem/lib/cellular/nrf9120/soft-float/libmodem.a(nrf_modem_at.c.obj)
 .text.at_cmd_send
                0x0000000000040f80       0x68 C:/ncs/v2.9.1/nrfxlib/nrf_modem/lib/cellular/nrf9120/soft-float/libmodem.a(nrf_modem_at.c.obj)
 .text.at_response_match
                0x0000000000040fe8       0x48 C:/ncs/v2.9.1/nrfxlib/nrf_modem/lib/cellular/nrf9120/soft-float/libmodem.a(nrf_modem_at.c.obj)
 .text.nrf_modem_at_cfun_handler_set
                0x0000000000041030        0xc C:/ncs/v2.9.1/nrfxlib/nrf_modem/lib/cellular/nrf9120/soft-float/libmodem.a(nrf_modem_at.c.obj)
                0x0000000000041030                nrf_modem_at_cfun_handler_set
 .text.nrf_modem_at_printf
                0x000000000004103c       0xc8 C:/ncs/v2.9.1/nrfxlib/nrf_modem/lib/cellular/nrf9120/soft-float/libmodem.a(nrf_modem_at.c.obj)
                0x000000000004103c                nrf_modem_at_printf
 .text.rpc_at_event_handler
                0x0000000000041104       0x88 C:/ncs/v2.9.1/nrfxlib/nrf_modem/lib/cellular/nrf9120/soft-float/libmodem.a(nrf_modem_at.c.obj)
                0x0000000000041104                rpc_at_event_handler
 .text.sock_unref.isra.0
                0x000000000004118c       0x3c C:/ncs/v2.9.1/nrfxlib/nrf_modem/lib/cellular/nrf9120/soft-float/libmodem.a(sock.c.obj)
 .text.sock_find
                0x00000000000411c8       0x24 C:/ncs/v2.9.1/nrfxlib/nrf_modem/lib/cellular/nrf9120/soft-float/libmodem.a(sock.c.obj)
                0x00000000000411c8                sock_find
 .text._sock_close
                0x00000000000411ec       0x30 C:/ncs/v2.9.1/nrfxlib/nrf_modem/lib/cellular/nrf9120/soft-float/libmodem.a(sock.c.obj)
                0x00000000000411ec                _sock_close
 .text.sock_rpc_flow_control_set
                0x000000000004121c       0x50 C:/ncs/v2.9.1/nrfxlib/nrf_modem/lib/cellular/nrf9120/soft-float/libmodem.a(sock.c.obj)
                0x000000000004121c                sock_rpc_flow_control_set
 .text.on_getaddrinfo_res
                0x000000000004126c       0x28 C:/ncs/v2.9.1/nrfxlib/nrf_modem/lib/cellular/nrf9120/soft-float/libmodem.a(dns.c.obj)
                0x000000000004126c                on_getaddrinfo_res
 .text.rpc_ip_event_handler
                0x0000000000041294      0x2d8 C:/ncs/v2.9.1/nrfxlib/nrf_modem/lib/cellular/nrf9120/soft-float/libmodem.a(ip.c.obj)
                0x0000000000041294                rpc_ip_event_handler
 .text.on_tls_attach_res
                0x000000000004156c       0x30 C:/ncs/v2.9.1/nrfxlib/nrf_modem/lib/cellular/nrf9120/soft-float/libmodem.a(tls.c.obj)
                0x000000000004156c                on_tls_attach_res
 .text.on_tls_handshake_ntf
                0x000000000004159c       0x3c C:/ncs/v2.9.1/nrfxlib/nrf_modem/lib/cellular/nrf9120/soft-float/libmodem.a(tls.c.obj)
                0x000000000004159c                on_tls_handshake_ntf
 .text.tls_attach
                0x00000000000415d8      0x108 C:/ncs/v2.9.1/nrfxlib/nrf_modem/lib/cellular/nrf9120/soft-float/libmodem.a(tls.c.obj)
                0x00000000000415d8                tls_attach
 .text.rpc_error_to_nrf_errno
                0x00000000000416e0       0x18 C:/ncs/v2.9.1/nrfxlib/nrf_modem/lib/cellular/nrf9120/soft-float/libmodem.a(tables.c.obj)
                0x00000000000416e0                rpc_error_to_nrf_errno
 .text.rpc_gnss_event_handler
                0x00000000000416f8      0x138 C:/ncs/v2.9.1/nrfxlib/nrf_modem/lib/cellular/nrf9120/soft-float/libmodem.a(nrf_modem_gnss.c.obj)
                0x00000000000416f8                rpc_gnss_event_handler
 .text.rpc_softsim_event_handler
                0x0000000000041830       0x24 C:/ncs/v2.9.1/nrfxlib/nrf_modem/lib/cellular/nrf9120/soft-float/libmodem.a(nrf_modem_softsim.c.obj)
                0x0000000000041830                rpc_softsim_event_handler
 .text.ipc_trace_init
                0x0000000000041854       0x40 C:/ncs/v2.9.1/nrfxlib/nrf_modem/lib/cellular/nrf9120/soft-float/libmodem.a(ipc_trace.c.obj)
                0x0000000000041854                ipc_trace_init
 .text.ipc_trace_uninit
                0x0000000000041894       0x10 C:/ncs/v2.9.1/nrfxlib/nrf_modem/lib/cellular/nrf9120/soft-float/libmodem.a(ipc_trace.c.obj)
                0x0000000000041894                ipc_trace_uninit
 .text.ipc_trace_handler
                0x00000000000418a4       0xb4 C:/ncs/v2.9.1/nrfxlib/nrf_modem/lib/cellular/nrf9120/soft-float/libmodem.a(ipc_trace.c.obj)
                0x00000000000418a4                ipc_trace_handler
 .text.k_sys_fatal_error_handler
                0x0000000000041958       0x20 zephyr/kernel/libkernel.a(fatal.c.obj)
                0x0000000000041958                k_sys_fatal_error_handler
 .text.z_fatal_error
                0x0000000000041978       0xe8 zephyr/kernel/libkernel.a(fatal.c.obj)
                0x0000000000041978                z_fatal_error
 .text.z_sys_init_run_level
                0x0000000000041a60       0x2c zephyr/kernel/libkernel.a(init.c.obj)
 .text.bg_thread_main
                0x0000000000041a8c       0xc4 zephyr/kernel/libkernel.a(init.c.obj)
 .text.z_bss_zero
                0x0000000000041b50       0x18 zephyr/kernel/libkernel.a(init.c.obj)
                0x0000000000041b50                z_bss_zero
 .text.z_init_cpu
                0x0000000000041b68       0x68 zephyr/kernel/libkernel.a(init.c.obj)
                0x0000000000041b68                z_init_cpu
 .text.z_cstart
                0x0000000000041bd0       0xe4 zephyr/kernel/libkernel.a(init.c.obj)
                0x0000000000041bd0                z_cstart
 .text.statics_init
                0x0000000000041cb4       0x24 zephyr/kernel/libkernel.a(kheap.c.obj)
 .text.z_impl_k_mutex_lock
                0x0000000000041cd8       0xf0 zephyr/kernel/libkernel.a(mutex.c.obj)
                0x0000000000041cd8                z_impl_k_mutex_lock
 .text.z_impl_k_mutex_unlock
                0x0000000000041dc8       0x78 zephyr/kernel/libkernel.a(mutex.c.obj)
                0x0000000000041dc8                z_impl_k_mutex_unlock
 .text.z_impl_k_sem_give
                0x0000000000041e40       0x48 zephyr/kernel/libkernel.a(sem.c.obj)
                0x0000000000041e40                z_impl_k_sem_give
 .text.z_impl_k_sem_take
                0x0000000000041e88       0x4c zephyr/kernel/libkernel.a(sem.c.obj)
                0x0000000000041e88                z_impl_k_sem_take
 .text.z_impl_k_sem_reset
                0x0000000000041ed4       0x3c zephyr/kernel/libkernel.a(sem.c.obj)
                0x0000000000041ed4                z_impl_k_sem_reset
 .text.work_queue_main
                0x0000000000041f10      0x144 zephyr/kernel/libkernel.a(work.c.obj)
 .text.submit_to_queue_locked
                0x0000000000042054       0xb4 zephyr/kernel/libkernel.a(work.c.obj)
 .text.k_work_submit
                0x0000000000042108        0xc zephyr/kernel/libkernel.a(work.c.obj)
                0x0000000000042108                k_work_submit
 .text.k_work_queue_start
                0x0000000000042114       0x7c zephyr/kernel/libkernel.a(work.c.obj)
                0x0000000000042114                k_work_queue_start
 .text.k_work_schedule_for_queue
                0x0000000000042190       0x54 zephyr/kernel/libkernel.a(work.c.obj)
                0x0000000000042190                k_work_schedule_for_queue
 .text.k_work_schedule
                0x00000000000421e4        0xc zephyr/kernel/libkernel.a(work.c.obj)
                0x00000000000421e4                k_work_schedule
 .text.z_setup_new_thread
                0x00000000000421f0       0x80 zephyr/kernel/libkernel.a(thread.c.obj)
                0x00000000000421f0                z_setup_new_thread
 .text.z_impl_k_thread_create
                0x0000000000042270       0x58 zephyr/kernel/libkernel.a(thread.c.obj)
                0x0000000000042270                z_impl_k_thread_create
 .text.update_cache
                0x00000000000422c8       0x3c zephyr/kernel/libkernel.a(sched.c.obj)
 .text.unready_thread
                0x0000000000042304       0x30 zephyr/kernel/libkernel.a(sched.c.obj)
 .text.ready_thread
                0x0000000000042334       0x68 zephyr/kernel/libkernel.a(sched.c.obj)
 .text.z_thread_halt
                0x000000000004239c       0xe0 zephyr/kernel/libkernel.a(sched.c.obj)
 .text.move_thread_to_end_of_prio_q
                0x000000000004247c       0x74 zephyr/kernel/libkernel.a(sched.c.obj)
                0x000000000004247c                move_thread_to_end_of_prio_q
 .text.z_pend_curr
                0x00000000000424f0       0x58 zephyr/kernel/libkernel.a(sched.c.obj)
                0x00000000000424f0                z_pend_curr
 .text.z_thread_prio_set
                0x0000000000042548       0x88 zephyr/kernel/libkernel.a(sched.c.obj)
                0x0000000000042548                z_thread_prio_set
 .text.z_reschedule
                0x00000000000425d0       0x24 zephyr/kernel/libkernel.a(sched.c.obj)
                0x00000000000425d0                z_reschedule
 .text.z_sched_start
                0x00000000000425f4       0x3c zephyr/kernel/libkernel.a(sched.c.obj)
                0x00000000000425f4                z_sched_start
 .text.z_reschedule_irqlock
                0x0000000000042630       0x28 zephyr/kernel/libkernel.a(sched.c.obj)
                0x0000000000042630                z_reschedule_irqlock
 .text.k_sched_lock
                0x0000000000042658       0x28 zephyr/kernel/libkernel.a(sched.c.obj)
                0x0000000000042658                k_sched_lock
 .text.k_sched_unlock
                0x0000000000042680       0x40 zephyr/kernel/libkernel.a(sched.c.obj)
                0x0000000000042680                k_sched_unlock
 .text.z_sched_init
                0x00000000000426c0       0x10 zephyr/kernel/libkernel.a(sched.c.obj)
                0x00000000000426c0                z_sched_init
 .text.z_impl_k_yield
                0x00000000000426d0       0x7c zephyr/kernel/libkernel.a(sched.c.obj)
                0x00000000000426d0                z_impl_k_yield
 .text.z_tick_sleep
                0x000000000004274c       0x88 zephyr/kernel/libkernel.a(sched.c.obj)
 .text.z_impl_k_sleep
                0x00000000000427d4       0x3c zephyr/kernel/libkernel.a(sched.c.obj)
                0x00000000000427d4                z_impl_k_sleep
 .text.z_impl_k_sched_current_thread_query
                0x0000000000042810        0xc zephyr/kernel/libkernel.a(sched.c.obj)
                0x0000000000042810                z_impl_k_sched_current_thread_query
 .text.z_sched_wait
                0x000000000004281c       0x24 zephyr/kernel/libkernel.a(sched.c.obj)
                0x000000000004281c                z_sched_wait
 .text.slice_timeout
                0x0000000000042840       0x20 zephyr/kernel/libkernel.a(timeslicing.c.obj)
 .text.thread_is_sliceable
                0x0000000000042860       0x3c zephyr/kernel/libkernel.a(timeslicing.c.obj)
                0x0000000000042860                thread_is_sliceable
 .text.z_reset_time_slice
                0x000000000004289c       0x50 zephyr/kernel/libkernel.a(timeslicing.c.obj)
                0x000000000004289c                z_reset_time_slice
 .text.z_time_slice
                0x00000000000428ec       0x60 zephyr/kernel/libkernel.a(timeslicing.c.obj)
                0x00000000000428ec                z_time_slice
 .text.z_data_copy
                0x000000000004294c       0x34 zephyr/kernel/libkernel.a(xip.c.obj)
                0x000000000004294c                z_data_copy
 .text.elapsed  0x0000000000042980       0x14 zephyr/kernel/libkernel.a(timeout.c.obj)
 .text.remove_timeout
                0x0000000000042994       0x38 zephyr/kernel/libkernel.a(timeout.c.obj)
 .text.next_timeout
                0x00000000000429cc       0x40 zephyr/kernel/libkernel.a(timeout.c.obj)
 .text.z_add_timeout
                0x0000000000042a0c       0xf4 zephyr/kernel/libkernel.a(timeout.c.obj)
                0x0000000000042a0c                z_add_timeout
 .text.sys_clock_announce
                0x0000000000042b00       0xd0 zephyr/kernel/libkernel.a(timeout.c.obj)
                0x0000000000042b00                sys_clock_announce
 .text.sys_clock_tick_get
                0x0000000000042bd0       0x30 zephyr/kernel/libkernel.a(timeout.c.obj)
                0x0000000000042bd0                sys_clock_tick_get
 .text.z_timer_expiration_handler
                0x0000000000042c00       0xe0 zephyr/kernel/libkernel.a(timer.c.obj)
                0x0000000000042c00                z_timer_expiration_handler
 .text.z_impl_k_timer_start
                0x0000000000042ce0       0x74 zephyr/kernel/libkernel.a(timer.c.obj)
                0x0000000000042ce0                z_impl_k_timer_start
 .text.k_event_post_internal
                0x0000000000042d54       0x5c zephyr/kernel/libkernel.a(events.c.obj)
 .text.k_thread_system_pool_assign
                0x0000000000042db0        0xc zephyr/kernel/libkernel.a(mempool.c.obj)
                0x0000000000042db0                k_thread_system_pool_assign
 .text.k_sys_work_q_init
                0x0000000000042dbc       0x34 zephyr/kernel/libkernel.a(system_work_q.c.obj)
 .text.snprintf
                0x0000000000042df0       0x58 c:\ncs\toolchains\b620d30767\opt\zephyr-sdk\arm-zephyr-eabi\bin\../lib/gcc/../../picolibc/arm-zephyr-eabi/lib/thumb/v8-m.main/nofp\libc.a(libc_tinystdio_snprintf.c.o)
                0x0000000000042df0                snprintf
 .text.strtol   0x0000000000042e48       0xec c:\ncs\toolchains\b620d30767\opt\zephyr-sdk\arm-zephyr-eabi\bin\../lib/gcc/../../picolibc/arm-zephyr-eabi/lib/thumb/v8-m.main/nofp\libc.a(libc_tinystdio_strtol.c.o)
                0x0000000000042e48                strtol
 .text.strtoul  0x0000000000042f34       0xcc c:\ncs\toolchains\b620d30767\opt\zephyr-sdk\arm-zephyr-eabi\bin\../lib/gcc/../../picolibc/arm-zephyr-eabi/lib/thumb/v8-m.main/nofp\libc.a(libc_tinystdio_strtoul.c.o)
                0x0000000000042f34                strtoul
 .text.__l_vfprintf
                0x0000000000043000      0x4b4 c:\ncs\toolchains\b620d30767\opt\zephyr-sdk\arm-zephyr-eabi\bin\../lib/gcc/../../picolibc/arm-zephyr-eabi/lib/thumb/v8-m.main/nofp\libc.a(libc_tinystdio_vflprintf.c.o)
                0x0000000000043000                __l_vfprintf
 .text.vsnprintf
                0x00000000000434b4       0x50 c:\ncs\toolchains\b620d30767\opt\zephyr-sdk\arm-zephyr-eabi\bin\../lib/gcc/../../picolibc/arm-zephyr-eabi/lib/thumb/v8-m.main/nofp\libc.a(libc_tinystdio_vsnprintf.c.o)
                0x00000000000434b4                vsnprintf
 .text.fmodf    0x0000000000043504      0x128 c:\ncs\toolchains\b620d30767\opt\zephyr-sdk\arm-zephyr-eabi\bin\../lib/gcc/../../picolibc/arm-zephyr-eabi/lib/thumb/v8-m.main/nofp\libc.a(libm_math_sf_fmod.c.o)
                0x0000000000043504                fmodf
 .text.__math_oflow
                0x000000000004362c       0x18 c:\ncs\toolchains\b620d30767\opt\zephyr-sdk\arm-zephyr-eabi\bin\../lib/gcc/../../picolibc/arm-zephyr-eabi/lib/thumb/v8-m.main/nofp\libc.a(libm_common_math_err_oflow.c.o)
                0x000000000004362c                __math_oflow
 .text.__math_divzero
                0x0000000000043644       0x18 c:\ncs\toolchains\b620d30767\opt\zephyr-sdk\arm-zephyr-eabi\bin\../lib/gcc/../../picolibc/arm-zephyr-eabi/lib/thumb/v8-m.main/nofp\libc.a(libm_common_math_err_divzero.c.o)
                0x0000000000043644                __math_divzero
 .text.__math_invalid
                0x000000000004365c       0x10 c:\ncs\toolchains\b620d30767\opt\zephyr-sdk\arm-zephyr-eabi\bin\../lib/gcc/../../picolibc/arm-zephyr-eabi/lib/thumb/v8-m.main/nofp\libc.a(libm_common_math_err_invalid.c.o)
                0x000000000004365c                __math_invalid
 .text.__fpclassifyf
                0x000000000004366c       0x34 c:\ncs\toolchains\b620d30767\opt\zephyr-sdk\arm-zephyr-eabi\bin\../lib/gcc/../../picolibc/arm-zephyr-eabi/lib/thumb/v8-m.main/nofp\libc.a(libm_common_sf_fpclassify.c.o)
                0x000000000004366c                __fpclassifyf
 .text.__math_invalidf
                0x00000000000436a0       0x10 c:\ncs\toolchains\b620d30767\opt\zephyr-sdk\arm-zephyr-eabi\bin\../lib/gcc/../../picolibc/arm-zephyr-eabi/lib/thumb/v8-m.main/nofp\libc.a(libm_common_math_errf_invalidf.c.o)
                0x00000000000436a0                __math_invalidf
 .text.__fpclassifyd
                0x00000000000436b0       0x48 c:\ncs\toolchains\b620d30767\opt\zephyr-sdk\arm-zephyr-eabi\bin\../lib/gcc/../../picolibc/arm-zephyr-eabi/lib/thumb/v8-m.main/nofp\libc.a(libm_common_s_fpclassify.c.o)
                0x00000000000436b0                __fpclassifyd
                0x00000000000436b0                __fpclassifyl
 .text._OffsetAbsSyms
                0x00000000000436f8        0x2 zephyr/CMakeFiles/offsets.dir/./arch/arm/core/offsets/offsets.c.obj
                0x00000000000436f8                _OffsetAbsSyms
 .text.gpio_pin_get
                0x00000000000436fa       0x28 app/libapp.a(main.c.obj)
 .text.gpio_pin_set_dt.isra.0
                0x0000000000043722       0x28 app/libapp.a(main.c.obj)
 .text.gpio_pin_configure_dt.isra.0
                0x000000000004374a       0x3e app/libapp.a(main.c.obj)
 .text.chunk_field
                0x0000000000043788       0x16 zephyr/libzephyr.a(heap.c.obj)
 .text.chunk_set
                0x000000000004379e       0x16 zephyr/libzephyr.a(heap.c.obj)
 .text.chunk_size
                0x00000000000437b4        0xc zephyr/libzephyr.a(heap.c.obj)
 .text.set_chunk_used
                0x00000000000437c0       0x30 zephyr/libzephyr.a(heap.c.obj)
 .text.set_chunk_size
                0x00000000000437f0        0x8 zephyr/libzephyr.a(heap.c.obj)
 .text.mem_to_chunkid
                0x00000000000437f8       0x14 zephyr/libzephyr.a(heap.c.obj)
 .text.bucket_idx.isra.0
                0x000000000004380c       0x1c zephyr/libzephyr.a(heap.c.obj)
 .text.free_list_remove_bidx
                0x0000000000043828       0x5c zephyr/libzephyr.a(heap.c.obj)
 .text.free_list_remove
                0x0000000000043884       0x2e zephyr/libzephyr.a(heap.c.obj)
 .text.alloc_chunk
                0x00000000000438b2       0x74 zephyr/libzephyr.a(heap.c.obj)
 .text.split_chunks
                0x0000000000043926       0x4e zephyr/libzephyr.a(heap.c.obj)
 .text.merge_chunks
                0x0000000000043974       0x3c zephyr/libzephyr.a(heap.c.obj)
 .text.free_list_add
                0x00000000000439b0       0x84 zephyr/libzephyr.a(heap.c.obj)
 .text.free_chunk
                0x0000000000043a34       0x84 zephyr/libzephyr.a(heap.c.obj)
 .text.sys_heap_free
                0x0000000000043ab8       0x24 zephyr/libzephyr.a(heap.c.obj)
                0x0000000000043ab8                sys_heap_free
 .text.sys_heap_alloc
                0x0000000000043adc       0x6e zephyr/libzephyr.a(heap.c.obj)
                0x0000000000043adc                sys_heap_alloc
 .text.sys_heap_aligned_alloc
                0x0000000000043b4a       0xe8 zephyr/libzephyr.a(heap.c.obj)
                0x0000000000043b4a                sys_heap_aligned_alloc
 .text.sys_heap_init
                0x0000000000043c32       0xb0 zephyr/libzephyr.a(heap.c.obj)
                0x0000000000043c32                sys_heap_init
 .text.cbpprintf_external
                0x0000000000043ce2       0x62 zephyr/libzephyr.a(cbprintf_packaged.c.obj)
                0x0000000000043ce2                cbpprintf_external
 .text.is_ptr   0x0000000000043d44       0x4a zephyr/libzephyr.a(cbprintf_packaged.c.obj)
                0x0000000000043d44                is_ptr
 .text.arch_printk_char_out
                0x0000000000043d8e        0x4 zephyr/libzephyr.a(printk.c.obj)
                0x0000000000043d8e                arch_printk_char_out
 .text.printk   0x0000000000043d92       0x1a zephyr/libzephyr.a(printk.c.obj)
                0x0000000000043d92                printk
 .text.free_space
                0x0000000000043dac       0x26 zephyr/libzephyr.a(mpsc_pbuf.c.obj)
 .text.get_usage
                0x0000000000043dd2       0x22 zephyr/libzephyr.a(mpsc_pbuf.c.obj)
 .text.idx_inc  0x0000000000043df4       0x1c zephyr/libzephyr.a(mpsc_pbuf.c.obj)
 .text.rd_idx_inc
                0x0000000000043e10       0x18 zephyr/libzephyr.a(mpsc_pbuf.c.obj)
 .text.add_skip_item
                0x0000000000043e28       0x3e zephyr/libzephyr.a(mpsc_pbuf.c.obj)
 .text.drop_item_locked
                0x0000000000043e66       0xee zephyr/libzephyr.a(mpsc_pbuf.c.obj)
 .text.post_drop_action
                0x0000000000043f54       0x36 zephyr/libzephyr.a(mpsc_pbuf.c.obj)
 .text.max_utilization_update
                0x0000000000043f8a       0x1a zephyr/libzephyr.a(mpsc_pbuf.c.obj)
 .text.mpsc_pbuf_init
                0x0000000000043fa4       0x42 zephyr/libzephyr.a(mpsc_pbuf.c.obj)
                0x0000000000043fa4                mpsc_pbuf_init
 .text.mpsc_pbuf_alloc
                0x0000000000043fe6       0xf8 zephyr/libzephyr.a(mpsc_pbuf.c.obj)
                0x0000000000043fe6                mpsc_pbuf_alloc
 .text.mpsc_pbuf_commit
                0x00000000000440de       0x3e zephyr/libzephyr.a(mpsc_pbuf.c.obj)
                0x00000000000440de                mpsc_pbuf_commit
 .text.mpsc_pbuf_claim
                0x000000000004411c       0xa8 zephyr/libzephyr.a(mpsc_pbuf.c.obj)
                0x000000000004411c                mpsc_pbuf_claim
 .text.mpsc_pbuf_free
                0x00000000000441c4       0x76 zephyr/libzephyr.a(mpsc_pbuf.c.obj)
                0x00000000000441c4                mpsc_pbuf_free
 .text.mpsc_pbuf_is_pending
                0x000000000004423a       0x32 zephyr/libzephyr.a(mpsc_pbuf.c.obj)
                0x000000000004423a                mpsc_pbuf_is_pending
 .text.process_recheck
                0x000000000004426c       0x38 zephyr/libzephyr.a(onoff.c.obj)
 .text.validate_args
                0x00000000000442a4       0x20 zephyr/libzephyr.a(onoff.c.obj)
 .text.notify_one
                0x00000000000442c4       0x2c zephyr/libzephyr.a(onoff.c.obj)
 .text.transition_complete
                0x00000000000442f0       0x1a zephyr/libzephyr.a(onoff.c.obj)
 .text.onoff_manager_init
                0x000000000004430a       0x26 zephyr/libzephyr.a(onoff.c.obj)
                0x000000000004430a                onoff_manager_init
 .text.onoff_request
                0x0000000000044330       0xae zephyr/libzephyr.a(onoff.c.obj)
                0x0000000000044330                onoff_request
 .text.sys_notify_validate
                0x00000000000443de       0x22 zephyr/libzephyr.a(notify.c.obj)
                0x00000000000443de                sys_notify_validate
 .text.sys_notify_finalize
                0x0000000000044400       0x1a zephyr/libzephyr.a(notify.c.obj)
                0x0000000000044400                sys_notify_finalize
 .text._ConfigAbsSyms
                0x000000000004441a        0x2 zephyr/libzephyr.a(configs.c.obj)
                0x000000000004441a                _ConfigAbsSyms
 .text.log_msg_generic_get_wlen
                0x000000000004441c       0x20 zephyr/libzephyr.a(log_core.c.obj)
 .text.dummy_timestamp
                0x000000000004443c        0x4 zephyr/libzephyr.a(log_core.c.obj)
 .text.default_get_timestamp
                0x0000000000044440        0x4 zephyr/libzephyr.a(log_core.c.obj)
 .text.atomic_inc
                0x0000000000044444       0x12 zephyr/libzephyr.a(log_core.c.obj)
 .text.z_log_vprintk
                0x0000000000044456       0x1c zephyr/libzephyr.a(log_core.c.obj)
                0x0000000000044456                z_log_vprintk
 .text.z_log_notify_drop
                0x0000000000044472        0x6 zephyr/libzephyr.a(log_core.c.obj)
 .text.z_log_get_tag
                0x0000000000044478        0x4 zephyr/libzephyr.a(log_core.c.obj)
                0x0000000000044478                z_log_get_tag
 .text.z_cbprintf_cpy
                0x000000000004447c       0x2c zephyr/libzephyr.a(log_msg.c.obj)
 .text.z_log_msg_finalize
                0x00000000000444a8       0x32 zephyr/libzephyr.a(log_msg.c.obj)
                0x00000000000444a8                z_log_msg_finalize
 .text.z_log_msg_simple_create
                0x00000000000444da       0x6e zephyr/libzephyr.a(log_msg.c.obj)
 .text.z_impl_z_log_msg_simple_create_0
                0x0000000000044548       0x12 zephyr/libzephyr.a(log_msg.c.obj)
                0x0000000000044548                z_impl_z_log_msg_simple_create_0
 .text.z_impl_z_log_msg_simple_create_1
                0x000000000004455a       0x14 zephyr/libzephyr.a(log_msg.c.obj)
                0x000000000004455a                z_impl_z_log_msg_simple_create_1
 .text.z_impl_z_log_msg_simple_create_2
                0x000000000004456e       0x18 zephyr/libzephyr.a(log_msg.c.obj)
                0x000000000004456e                z_impl_z_log_msg_simple_create_2
 .text.log_output_write
                0x0000000000044586       0x1c zephyr/libzephyr.a(log_output.c.obj)
 .text.log_output_flush
                0x00000000000445a2       0x1a zephyr/libzephyr.a(log_output.c.obj)
 .text.out_func
                0x00000000000445bc       0x2e zephyr/libzephyr.a(log_output.c.obj)
 .text.cr_out_func
                0x00000000000445ea       0x1c zephyr/libzephyr.a(log_output.c.obj)
 .text.log_output_msg_process
                0x0000000000044606       0x6a zephyr/libzephyr.a(log_output.c.obj)
                0x0000000000044606                log_output_msg_process
 .text.format_set
                0x0000000000044670        0xc zephyr/libzephyr.a(log_backend_uart.c.obj)
 .text.log_backend_uart_init
                0x000000000004467c        0xc zephyr/libzephyr.a(log_backend_uart.c.obj)
 .text.dropped  0x0000000000044688        0xa zephyr/libzephyr.a(log_backend_uart.c.obj)
 .text.process  0x0000000000044692       0x1e zephyr/libzephyr.a(log_backend_uart.c.obj)
 .text.pm_device_state_get
                0x00000000000446b0       0x12 zephyr/libzephyr.a(device.c.obj)
                0x00000000000446b0                pm_device_state_get
 .text.pm_device_is_busy
                0x00000000000446c2        0xe zephyr/libzephyr.a(device.c.obj)
                0x00000000000446c2                pm_device_is_busy
 .text.pm_device_is_powered
                0x00000000000446d0       0x18 zephyr/libzephyr.a(device.c.obj)
                0x00000000000446d0                pm_device_is_powered
 .text.pm_device_driver_init
                0x00000000000446e8       0x44 zephyr/libzephyr.a(device.c.obj)
                0x00000000000446e8                pm_device_driver_init
 .text.put_sync_locked
                0x000000000004472c       0x3e zephyr/libzephyr.a(device_runtime.c.obj)
 .text.atomic_test_bit
                0x000000000004476a        0xc zephyr/libzephyr.a(device_runtime.c.obj)
 .text.k_sem_take
                0x0000000000044776        0x4 zephyr/libzephyr.a(device_runtime.c.obj)
 .text.k_sem_give
                0x000000000004477a        0x4 zephyr/libzephyr.a(device_runtime.c.obj)
 .text.pm_device_runtime_put
                0x000000000004477e       0x5a zephyr/libzephyr.a(device_runtime.c.obj)
                0x000000000004477e                pm_device_runtime_put
 .text.runtime_suspend_work
                0x00000000000447d8       0x6c zephyr/libzephyr.a(device_runtime.c.obj)
 .text.pm_device_runtime_put_async
                0x0000000000044844       0x3a zephyr/libzephyr.a(device_runtime.c.obj)
                0x0000000000044844                pm_device_runtime_put_async
 .text.pm_device_runtime_auto_enable
                0x000000000004487e       0x1e zephyr/libzephyr.a(device_runtime.c.obj)
                0x000000000004487e                pm_device_runtime_auto_enable
 .text.z_do_kernel_oops
                0x000000000004489c        0x8 zephyr/arch/arch/arm/core/libarch__arm__core.a(fatal.c.obj)
                0x000000000004489c                z_do_kernel_oops
 .text.z_arm_nmi
                0x00000000000448a4        0xe zephyr/arch/arch/arm/core/libarch__arm__core.a(nmi.c.obj)
                0x00000000000448a4                z_arm_nmi
 .text.z_log_msg_simple_create_0.constprop.0
                0x00000000000448b2        0x8 zephyr/arch/arch/arm/core/cortex_m/libarch__arm__core__cortex_m.a(fault.c.obj)
 .text.z_arm_save_fp_context
                0x00000000000448ba        0x2 zephyr/arch/arch/arm/core/cortex_m/libarch__arm__core__cortex_m.a(fpu.c.obj)
                0x00000000000448ba                z_arm_save_fp_context
 .text.z_arm_restore_fp_context
                0x00000000000448bc        0x2 zephyr/arch/arch/arm/core/cortex_m/libarch__arm__core__cortex_m.a(fpu.c.obj)
                0x00000000000448bc                z_arm_restore_fp_context
 .text.z_irq_spurious
                0x00000000000448be        0x8 zephyr/arch/arch/arm/core/cortex_m/libarch__arm__core__cortex_m.a(irq_manage.c.obj)
                0x00000000000448be                z_irq_spurious
 .text.configure_builtin_stack_guard
                0x00000000000448c6        0x8 zephyr/arch/arch/arm/core/cortex_m/libarch__arm__core__cortex_m.a(thread.c.obj)
                0x00000000000448c6                configure_builtin_stack_guard
 .text.arch_irq_unlock_outlined
                0x00000000000448ce        0xe zephyr/arch/arch/arm/core/cortex_m/libarch__arm__core__cortex_m.a(thread.c.obj)
                0x00000000000448ce                arch_irq_unlock_outlined
 .text.arch_cpu_idle
                0x00000000000448dc       0x1a zephyr/arch/arch/arm/core/cortex_m/libarch__arm__core__cortex_m.a(cpu_idle.c.obj)
                0x00000000000448dc                arch_cpu_idle
 .text.arch_cpu_atomic_idle
                0x00000000000448f6       0x1e zephyr/arch/arch/arm/core/cortex_m/libarch__arm__core__cortex_m.a(cpu_idle.c.obj)
                0x00000000000448f6                arch_cpu_atomic_idle
 .text.arm_cmse_mpu_region_get
                0x0000000000044914       0x12 zephyr/arch/arch/arm/core/cortex_m/cmse/libarch__arm__core__cortex_m__cmse.a(arm_core_cmse.c.obj)
                0x0000000000044914                arm_cmse_mpu_region_get
 .text.mpu_configure_region
                0x0000000000044926       0x32 zephyr/arch/arch/arm/core/mpu/libarch__arm__core__mpu.a(arm_mpu.c.obj)
 .text.cbputc   0x0000000000044958        0xc zephyr/lib/libc/picolibc/liblib__libc__picolibc.a(libc-hooks.c.obj)
 .text.picolibc_put
                0x0000000000044964        0xa zephyr/lib/libc/picolibc/liblib__libc__picolibc.a(libc-hooks.c.obj)
 .text.soc_secure_mem_read
                0x000000000004496e       0x34 zephyr/soc/soc/nrf9151/libsoc__nordic.a(soc_secure.c.obj)
                0x000000000004496e                soc_secure_mem_read
 .text.get_status
                0x00000000000449a2       0x12 zephyr/drivers/clock_control/libdrivers__clock_control.a(clock_control_nrf.c.obj)
 .text.stop     0x00000000000449b4       0x50 zephyr/drivers/clock_control/libdrivers__clock_control.a(clock_control_nrf.c.obj)
 .text.api_stop
                0x0000000000044a04        0x6 zephyr/drivers/clock_control/libdrivers__clock_control.a(clock_control_nrf.c.obj)
 .text.async_start
                0x0000000000044a0a       0x5a zephyr/drivers/clock_control/libdrivers__clock_control.a(clock_control_nrf.c.obj)
 .text.api_start
                0x0000000000044a64        0xe zephyr/drivers/clock_control/libdrivers__clock_control.a(clock_control_nrf.c.obj)
 .text.onoff_started_callback
                0x0000000000044a72       0x12 zephyr/drivers/clock_control/libdrivers__clock_control.a(clock_control_nrf.c.obj)
 .text.lfclk_start
                0x0000000000044a84        0x6 zephyr/drivers/clock_control/libdrivers__clock_control.a(clock_control_nrf.c.obj)
 .text.lfclk_stop
                0x0000000000044a8a        0x6 zephyr/drivers/clock_control/libdrivers__clock_control.a(clock_control_nrf.c.obj)
 .text.blocking_start_callback
                0x0000000000044a90        0x6 zephyr/drivers/clock_control/libdrivers__clock_control.a(clock_control_nrf.c.obj)
 .text.spi_nor_pages_layout
                0x0000000000044a96        0xc zephyr/drivers/flash/libdrivers__flash.a(spi_nor.c.obj)
 .text.release_device
                0x0000000000044aa2       0x16 zephyr/drivers/flash/libdrivers__flash.a(spi_nor.c.obj)
 .text.acquire_device
                0x0000000000044ab8       0x1c zephyr/drivers/flash/libdrivers__flash.a(spi_nor.c.obj)
 .text.spi_nor_access
                0x0000000000044ad4       0x84 zephyr/drivers/flash/libdrivers__flash.a(spi_nor.c.obj)
 .text.spi_nor_rdsr
                0x0000000000044b58       0x22 zephyr/drivers/flash/libdrivers__flash.a(spi_nor.c.obj)
 .text.enter_dpd
                0x0000000000044b7a       0x48 zephyr/drivers/flash/libdrivers__flash.a(spi_nor.c.obj)
 .text.spi_nor_write_protection_set
                0x0000000000044bc2       0x3a zephyr/drivers/flash/libdrivers__flash.a(spi_nor.c.obj)
 .text.spi_nor_wait_until_ready
                0x0000000000044bfc       0x3a zephyr/drivers/flash/libdrivers__flash.a(spi_nor.c.obj)
 .text.spi_nor_erase
                0x0000000000044c36      0x134 zephyr/drivers/flash/libdrivers__flash.a(spi_nor.c.obj)
 .text.spi_nor_write
                0x0000000000044d6a       0xdc zephyr/drivers/flash/libdrivers__flash.a(spi_nor.c.obj)
 .text.spi_nor_read
                0x0000000000044e46       0x5a zephyr/drivers/flash/libdrivers__flash.a(spi_nor.c.obj)
 .text.exit_dpd
                0x0000000000044ea0       0x9e zephyr/drivers/flash/libdrivers__flash.a(spi_nor.c.obj)
 .text.is_regular_addr_valid
                0x0000000000044f3e       0x22 zephyr/drivers/flash/libdrivers__flash.a(soc_flash_nrf.c.obj)
 .text.flash_nrf_read
                0x0000000000044f60       0x3c zephyr/drivers/flash/libdrivers__flash.a(soc_flash_nrf.c.obj)
 .text.jesd216_bfp_erase
                0x0000000000044f9c       0x26 zephyr/drivers/flash/libdrivers__flash.a(jesd216.c.obj)
                0x0000000000044f9c                jesd216_bfp_erase
 .text.gpio_npm1300_port_set_masked_raw
                0x0000000000044fc2       0x38 zephyr/drivers/gpio/libdrivers__gpio.a(gpio_npm1300.c.obj)
 .text.gpio_npm1300_port_clear_bits_raw
                0x0000000000044ffa        0x6 zephyr/drivers/gpio/libdrivers__gpio.a(gpio_npm1300.c.obj)
 .text.gpio_npm1300_port_set_bits_raw
                0x0000000000045000        0x6 zephyr/drivers/gpio/libdrivers__gpio.a(gpio_npm1300.c.obj)
 .text.gpio_npm1300_port_get_raw
                0x0000000000045006       0x24 zephyr/drivers/gpio/libdrivers__gpio.a(gpio_npm1300.c.obj)
 .text.gpio_npm1300_port_toggle_bits
                0x000000000004502a       0x26 zephyr/drivers/gpio/libdrivers__gpio.a(gpio_npm1300.c.obj)
 .text.gpio_npm1300_configure
                0x0000000000045050       0xca zephyr/drivers/gpio/libdrivers__gpio.a(gpio_npm1300.c.obj)
 .text.gpio_npm1300_init
                0x000000000004511a       0x16 zephyr/drivers/gpio/libdrivers__gpio.a(gpio_npm1300.c.obj)
 .text.gpio_nrfx_port_get_raw
                0x0000000000045130        0xc zephyr/drivers/gpio/libdrivers__gpio.a(gpio_nrfx.c.obj)
 .text.gpio_nrfx_port_set_masked_raw
                0x000000000004513c       0x14 zephyr/drivers/gpio/libdrivers__gpio.a(gpio_nrfx.c.obj)
 .text.gpio_nrfx_port_set_bits_raw
                0x0000000000045150        0xa zephyr/drivers/gpio/libdrivers__gpio.a(gpio_nrfx.c.obj)
 .text.gpio_nrfx_port_clear_bits_raw
                0x000000000004515a        0xa zephyr/drivers/gpio/libdrivers__gpio.a(gpio_nrfx.c.obj)
 .text.gpio_nrfx_port_toggle_bits
                0x0000000000045164       0x14 zephyr/drivers/gpio/libdrivers__gpio.a(gpio_nrfx.c.obj)
 .text.gpio_nrfx_manage_callback
                0x0000000000045178       0x52 zephyr/drivers/gpio/libdrivers__gpio.a(gpio_nrfx.c.obj)
 .text.irq_connect2
                0x00000000000451ca        0xa zephyr/drivers/i2c/libdrivers__i2c.a(i2c_nrfx_twim.c.obj)