Archive member included to satisfy reference by file (symbol)

app/libapp.a(main.c.obj)      (--whole-archive)
zephyr/libzephyr.a(heap.c.obj)
                              (--whole-archive)
zephyr/libzephyr.a(cbprintf_packaged.c.obj)
                              (--whole-archive)
zephyr/libzephyr.a(printk.c.obj)
                              (--whole-archive)
zephyr/libzephyr.a(sem.c.obj)
                              (--whole-archive)
zephyr/libzephyr.a(thread_entry.c.obj)
                              (--whole-archive)
zephyr/libzephyr.a(cbprintf_complete.c.obj)
                              (--whole-archive)
zephyr/libzephyr.a(assert.c.obj)
                              (--whole-archive)
zephyr/libzephyr.a(dec.c.obj)
                              (--whole-archive)
zephyr/libzephyr.a(hex.c.obj)
                              (--whole-archive)
zephyr/libzephyr.a(rb.c.obj)  (--whole-archive)
zephyr/libzephyr.a(timeutil.c.obj)
                              (--whole-archive)
zephyr/libzephyr.a(bitarray.c.obj)
                              (--whole-archive)
zephyr/libzephyr.a(onoff.c.obj)
                              (--whole-archive)
zephyr/libzephyr.a(notify.c.obj)
                              (--whole-archive)
zephyr/libzephyr.a(configs.c.obj)
                              (--whole-archive)
zephyr/libzephyr.a(log_minimal.c.obj)
                              (--whole-archive)
zephyr/libzephyr.a(tracing_none.c.obj)
                              (--whole-archive)
zephyr/libzephyr.a(banner.c.obj)
                              (--whole-archive)
zephyr/libzephyr.a(flash_map_partition_manager.c.obj)
                              (--whole-archive)
zephyr/libzephyr.a(nrf_cc3xx_platform_abort_zephyr.c.obj)
                              (--whole-archive)
zephyr/libzephyr.a(nrf_cc3xx_platform_no_mutex_zephyr.c.obj)
                              (--whole-archive)
zephyr/arch/common/libarch__common.a(sw_isr_common.c.obj)
                              (--whole-archive)
zephyr/arch/arch/arm/core/libarch__arm__core.a(fatal.c.obj)
                              (--whole-archive)
zephyr/arch/arch/arm/core/libarch__arm__core.a(nmi.c.obj)
                              (--whole-archive)
zephyr/arch/arch/arm/core/libarch__arm__core.a(nmi_on_reset.S.obj)
                              (--whole-archive)
zephyr/arch/arch/arm/core/libarch__arm__core.a(tls.c.obj)
                              (--whole-archive)
zephyr/arch/arch/arm/core/cortex_m/libarch__arm__core__cortex_m.a(exc_exit.c.obj)
                              (--whole-archive)
zephyr/arch/arch/arm/core/cortex_m/libarch__arm__core__cortex_m.a(fault.c.obj)
                              (--whole-archive)
zephyr/arch/arch/arm/core/cortex_m/libarch__arm__core__cortex_m.a(fault_s.S.obj)
                              (--whole-archive)
zephyr/arch/arch/arm/core/cortex_m/libarch__arm__core__cortex_m.a(fpu.c.obj)
                              (--whole-archive)
zephyr/arch/arch/arm/core/cortex_m/libarch__arm__core__cortex_m.a(reset.S.obj)
                              (--whole-archive)
zephyr/arch/arch/arm/core/cortex_m/libarch__arm__core__cortex_m.a(scb.c.obj)
                              (--whole-archive)
zephyr/arch/arch/arm/core/cortex_m/libarch__arm__core__cortex_m.a(thread_abort.c.obj)
                              (--whole-archive)
zephyr/arch/arch/arm/core/cortex_m/libarch__arm__core__cortex_m.a(vector_table.S.obj)
                              (--whole-archive)
zephyr/arch/arch/arm/core/cortex_m/libarch__arm__core__cortex_m.a(swap.c.obj)
                              (--whole-archive)
zephyr/arch/arch/arm/core/cortex_m/libarch__arm__core__cortex_m.a(swap_helper.S.obj)
                              (--whole-archive)
zephyr/arch/arch/arm/core/cortex_m/libarch__arm__core__cortex_m.a(irq_manage.c.obj)
                              (--whole-archive)
zephyr/arch/arch/arm/core/cortex_m/libarch__arm__core__cortex_m.a(prep_c.c.obj)
                              (--whole-archive)
zephyr/arch/arch/arm/core/cortex_m/libarch__arm__core__cortex_m.a(thread.c.obj)
                              (--whole-archive)
zephyr/arch/arch/arm/core/cortex_m/libarch__arm__core__cortex_m.a(cpu_idle.c.obj)
                              (--whole-archive)
zephyr/arch/arch/arm/core/cortex_m/libarch__arm__core__cortex_m.a(irq_init.c.obj)
                              (--whole-archive)
zephyr/arch/arch/arm/core/cortex_m/libarch__arm__core__cortex_m.a(isr_wrapper.c.obj)
                              (--whole-archive)
zephyr/arch/arch/arm/core/cortex_m/libarch__arm__core__cortex_m.a(__aeabi_read_tp.S.obj)
                              (--whole-archive)
zephyr/arch/arch/arm/core/cortex_m/cmse/libarch__arm__core__cortex_m__cmse.a(arm_core_cmse.c.obj)
                              (--whole-archive)
zephyr/lib/libc/picolibc/liblib__libc__picolibc.a(libc-hooks.c.obj)
                              (--whole-archive)
zephyr/lib/libc/common/liblib__libc__common.a(abort.c.obj)
[...]
Memory Configuration

Name             Origin             Length             Attributes
FLASH            0x0000000000000000 0x0000000000008000 xr
RAM              0x000000002000e568 0x0000000000031a98 xw
IDT_LIST         0x00000000ffff7fff 0x0000000000008000 xw
*default*        0x0000000000000000 0xffffffffffffffff

Linker script and memory map

                0x000000000000394c                vfprintf = __d_vfprintf
                0x0000000000000000                vfscanf = __d_vfscanf
LOAD zephyr/CMakeFiles/zephyr_pre0.dir/misc/empty_file.c.obj
LOAD zephyr/CMakeFiles/offsets.dir/./arch/arm/core/offsets/offsets.c.obj
LOAD app/libapp.a
LOAD zephyr/libzephyr.a
LOAD zephyr/arch/common/libarch__common.a
LOAD zephyr/arch/arch/arm/core/libarch__arm__core.a
LOAD zephyr/arch/arch/arm/core/cortex_m/libarch__arm__core__cortex_m.a
LOAD zephyr/arch/arch/arm/core/cortex_m/cmse/libarch__arm__core__cortex_m__cmse.a
LOAD zephyr/lib/libc/picolibc/liblib__libc__picolibc.a
LOAD zephyr/lib/libc/common/liblib__libc__common.a
LOAD zephyr/soc/soc/nrf9151/libsoc__nordic.a
LOAD zephyr/drivers/clock_control/libdrivers__clock_control.a
LOAD zephyr/drivers/console/libdrivers__console.a
LOAD zephyr/drivers/pinctrl/libdrivers__pinctrl.a
LOAD zephyr/drivers/serial/libdrivers__serial.a
LOAD zephyr/drivers/timer/libdrivers__timer.a
LOAD modules/nrf/lib/fprotect/lib..__nrf__lib__fprotect.a
LOAD modules/nrf/subsys/bootloader/bl_boot/lib..__nrf__subsys__bootloader__bl_boot.a
LOAD modules/nrf/subsys/bootloader/bl_crypto/lib..__nrf__subsys__bootloader__bl_crypto.a
LOAD modules/nrf/subsys/bootloader/bl_validation/lib..__nrf__subsys__bootloader__bl_validation.a
LOAD modules/nrf/subsys/bootloader/bl_storage/lib..__nrf__subsys__bootloader__bl_storage.a
LOAD modules/nrf/subsys/fw_info/lib..__nrf__subsys__fw_info.a
LOAD modules/nrf/drivers/hw_cc3xx/lib..__nrf__drivers__hw_cc3xx.a
LOAD modules/hal_nordic/nrfx/libmodules__hal_nordic__nrfx.a
LOAD zephyr/kernel/libkernel.a
LOAD zephyr/arch/common/libisr_tables.a
LOAD C:/ncs/v2.9.1/nrfxlib/crypto/nrf_oberon/lib/cortex-m33/hard-float/liboberon_3.0.15.a
LOAD C:/ncs/v2.9.1/nrfxlib/crypto/nrf_cc310_bl/lib/cortex-m33/hard-float/no-interrupts/libnrf_cc310_bl_0.9.12.a
LOAD C:/ncs/v2.9.1/nrfxlib/crypto/nrf_cc310_platform/lib/cortex-m33/hard-float/no-interrupts/libnrf_cc310_platform_0.9.19.a
LOAD c:\ncs\toolchains\b620d30767\opt\zephyr-sdk\arm-zephyr-eabi\bin\../lib/gcc/../../picolibc/arm-zephyr-eabi/lib/thumb/v8-m.main+fp/hard\libc.a
LOAD c:/ncs/toolchains/b620d30767/opt/zephyr-sdk/arm-zephyr-eabi/bin/../lib/gcc/arm-zephyr-eabi/12.2.0/thumb/v8-m.main+fp/hard\libgcc.a
                0x0000000000000007                _image_1_primary_slot_id = 0x7
                0x0000000000000004                _region_min_align = 0x4

.rel.plt        0x0000000000000000        0x0
 *(SORT_BY_ALIGNMENT(.rel.plt))
                [!provide]                        PROVIDE (__rel_iplt_start = .)
 *(SORT_BY_ALIGNMENT(.rel.iplt))
 .rel.iplt      0x0000000000000000        0x0 app/libapp.a(main.c.obj)
                [!provide]                        PROVIDE (__rel_iplt_end = .)

.rela.plt       0x0000000000000000        0x0
 *(SORT_BY_ALIGNMENT(.rela.plt))
                [!provide]                        PROVIDE (__rela_iplt_start = .)
 *(SORT_BY_ALIGNMENT(.rela.iplt))
                [!provide]                        PROVIDE (__rela_iplt_end = .)

.rel.dyn
 *(SORT_BY_ALIGNMENT(.rel.*))

.rela.dyn
 *(SORT_BY_ALIGNMENT(.rela.*))

/DISCARD/
 *(SORT_BY_ALIGNMENT(.plt))

/DISCARD/
 *(SORT_BY_ALIGNMENT(.iplt))
                0x0000000000000000                __rom_region_start = 0x0

rom_start       0x0000000000000000      0x2ec
                0x0000000000000000                __rom_start_address = .
 FILL mask 0x00
                0x0000000000000000                . = (. + (0x0 - (. - __rom_start_address)))
                0x0000000000000000                . = ALIGN (0x4)
                0x0000000000000000                . = ALIGN (0x80)
                0x0000000000000000                . = ALIGN (0x200)
                0x0000000000000000                _vector_start = .
 *(SORT_BY_ALIGNMENT(.exc_vector_table))
 *(SORT_BY_ALIGNMENT(.exc_vector_table.*))
 .exc_vector_table._vector_table_section
                0x0000000000000000       0x40 zephyr/arch/arch/arm/core/cortex_m/libarch__arm__core__cortex_m.a(vector_table.S.obj)
                0x0000000000000000                _vector_table
 *(SORT_BY_ALIGNMENT(.vectors))
                0x0000000000000144                _vector_end = .
                0x0000000000000040                . = ALIGN (0x4)
 *(SORT_BY_ALIGNMENT(.gnu.linkonce.irq_vector_table*))
 .gnu.linkonce.irq_vector_table
                0x0000000000000040      0x104 zephyr/arch/common/libisr_tables.a(isr_tables.c.obj)
                0x0000000000000040                _irq_vector_table
                0x0000000000000144                _vector_end = .
                0x0000000000000200                . = 0x200
 *fill*         0x0000000000000144       0xbc 00
                0x0000000000000200                _fw_info_start = .
 *(SORT_BY_NAME(SORT_BY_ALIGNMENT(.firmware_info*)))
 .firmware_info
                0x0000000000000200       0x3c modules/nrf/subsys/fw_info/lib..__nrf__subsys__fw_info.a(fw_info.c.obj)
                0x0000000000000200                m_firmware_info
 .firmware_info.1
                0x000000000000023c       0x70 modules/nrf/subsys/bootloader/bl_crypto/lib..__nrf__subsys__bootloader__bl_crypto.a(bl_crypto.c.obj)
                0x000000000000023c                bl_secp256r1_ext_api
                0x000000000000025c                bl_sha256_ext_api
                0x000000000000028c                bl_rot_verify_ext_api
 .firmware_info.1
                0x00000000000002ac       0x20 modules/nrf/subsys/bootloader/bl_validation/lib..__nrf__subsys__bootloader__bl_validation.a(bl_validation.c.obj)
                0x00000000000002ac                bl_validate_fw_ext_api
 .firmware_info.1
                0x00000000000002cc       0x20 modules/nrf/subsys/fw_info/lib..__nrf__subsys__fw_info.a(fw_info.c.obj)
                0x00000000000002cc                ext_api_provide_ext_api
                0x00000000000000ec                _fw_info_size = ABSOLUTE ((. - _fw_info_start))

text            0x00000000000002ec     0x5534
                0x00000000000002ec                __text_region_start = .
 *(SORT_BY_ALIGNMENT(.text))
 .text          0x00000000000002ec       0x5c C:/ncs/v2.9.1/nrfxlib/crypto/nrf_oberon/lib/cortex-m33/hard-float/liboberon_3.0.15.a(ocrypto_constant_time.s.obj)
                0x00000000000002ec                ocrypto_constant_time_equal
                0x0000000000000314                ocrypto_constant_time_is_zero
                0x0000000000000330                ocrypto_constant_time_xor
 .text          0x0000000000000348       0x30 c:/ncs/toolchains/b620d30767/opt/zephyr-sdk/arm-zephyr-eabi/bin/../lib/gcc/arm-zephyr-eabi/12.2.0/thumb/v8-m.main+fp/hard\libgcc.a(_aeabi_uldivmod.o)
                0x0000000000000348                __aeabi_uldivmod
 .text          0x0000000000000378        0x4 c:/ncs/toolchains/b620d30767/opt/zephyr-sdk/arm-zephyr-eabi/bin/../lib/gcc/arm-zephyr-eabi/12.2.0/thumb/v8-m.main+fp/hard\libgcc.a(_dvmd_tls.o)
                0x0000000000000378                __aeabi_idiv0
                0x0000000000000378                __aeabi_ldiv0
 .text          0x000000000000037c      0x29c c:/ncs/toolchains/b620d30767/opt/zephyr-sdk/arm-zephyr-eabi/bin/../lib/gcc/arm-zephyr-eabi/12.2.0/thumb/v8-m.main+fp/hard\libgcc.a(_udivmoddi4.o)
                0x000000000000037c                __udivmoddi4
 *(SORT_BY_ALIGNMENT(.text.*))
 .text.fw_info_find
                0x0000000000000618       0x48 app/libapp.a(main.c.obj)
 .text.validate_and_boot
                0x0000000000000660       0x9c app/libapp.a(main.c.obj)
 .text.main     0x00000000000006fc       0x68 app/libapp.a(main.c.obj)
                0x00000000000006fc                main
 .text.char_out
                0x0000000000000764        0xc zephyr/libzephyr.a(printk.c.obj)
 .text.__printk_hook_install
                0x0000000000000770        0xc zephyr/libzephyr.a(printk.c.obj)
                0x0000000000000770                __printk_hook_install
 .text.vprintk  0x000000000000077c       0x30 zephyr/libzephyr.a(printk.c.obj)
                0x000000000000077c                vprintk
 .text.boot_banner
                0x00000000000007ac       0x1c zephyr/libzephyr.a(banner.c.obj)
                0x00000000000007ac                boot_banner
 .text.nrf_cc3xx_platform_abort_init
                0x00000000000007c8        0xc zephyr/libzephyr.a(nrf_cc3xx_platform_abort_zephyr.c.obj)
                0x00000000000007c8                nrf_cc3xx_platform_abort_init
 .text.z_SysNmiOnReset
                0x00000000000007d4        0x8 zephyr/arch/arch/arm/core/libarch__arm__core.a(nmi_on_reset.S.obj)
                0x00000000000007d4                z_SysNmiOnReset
 .text.usage_fault.constprop.0
                0x00000000000007dc       0x5c zephyr/arch/arch/arm/core/cortex_m/libarch__arm__core__cortex_m.a(fault.c.obj)
 .text.bus_fault.constprop.0
                0x0000000000000838       0x6c zephyr/arch/arch/arm/core/cortex_m/libarch__arm__core__cortex_m.a(fault.c.obj)
 .text.mem_manage_fault.constprop.0
                0x00000000000008a4       0x78 zephyr/arch/arch/arm/core/cortex_m/libarch__arm__core__cortex_m.a(fault.c.obj)
 .text.z_arm_fault
                0x000000000000091c      0x124 zephyr/arch/arch/arm/core/cortex_m/libarch__arm__core__cortex_m.a(fault.c.obj)
                0x000000000000091c                z_arm_fault
 .text.z_arm_fault_init
                0x0000000000000a40       0x20 zephyr/arch/arch/arm/core/cortex_m/libarch__arm__core__cortex_m.a(fault.c.obj)
                0x0000000000000a40                z_arm_fault_init
 .text.__fault  0x0000000000000a60       0x14 zephyr/arch/arch/arm/core/cortex_m/libarch__arm__core__cortex_m.a(fault_s.S.obj)
                0x0000000000000a60                z_arm_usage_fault
                0x0000000000000a60                z_arm_mpu_fault
                0x0000000000000a60                z_arm_exc_spurious
                0x0000000000000a60                z_arm_debug_monitor
                0x0000000000000a60                z_arm_hard_fault
                0x0000000000000a60                z_arm_bus_fault
 .text._reset_section
                0x0000000000000a74       0x60 zephyr/arch/arch/arm/core/cortex_m/libarch__arm__core__cortex_m.a(reset.S.obj)
                0x0000000000000a74                __start
                0x0000000000000a74                z_arm_reset
 .text.z_arm_init_arch_hw_at_boot
                0x0000000000000ad4       0x44 zephyr/arch/arch/arm/core/cortex_m/libarch__arm__core__cortex_m.a(scb.c.obj)
                0x0000000000000ad4                z_arm_init_arch_hw_at_boot
 .text.z_arm_svc
                0x0000000000000b18       0x20 zephyr/arch/arch/arm/core/cortex_m/libarch__arm__core__cortex_m.a(swap_helper.S.obj)
                0x0000000000000b18                z_arm_svc
 .text.arch_irq_enable
                0x0000000000000b38       0x1c zephyr/arch/arch/arm/core/cortex_m/libarch__arm__core__cortex_m.a(irq_manage.c.obj)
                0x0000000000000b38                arch_irq_enable
 .text.arch_irq_is_enabled
                0x0000000000000b54       0x1c zephyr/arch/arch/arm/core/cortex_m/libarch__arm__core__cortex_m.a(irq_manage.c.obj)
                0x0000000000000b54                arch_irq_is_enabled
 .text.z_arm_irq_priority_set
                0x0000000000000b70       0x2c zephyr/arch/arch/arm/core/cortex_m/libarch__arm__core__cortex_m.a(irq_manage.c.obj)
                0x0000000000000b70                z_arm_irq_priority_set
 .text.z_prep_c
                0x0000000000000b9c       0x5c zephyr/arch/arch/arm/core/cortex_m/libarch__arm__core__cortex_m.a(prep_c.c.obj)
                0x0000000000000b9c                z_prep_c
 .text.z_arm_switch_to_main_no_multithreading
                0x0000000000000bf8       0x44 zephyr/arch/arch/arm/core/cortex_m/libarch__arm__core__cortex_m.a(thread.c.obj)
                0x0000000000000bf8                z_arm_switch_to_main_no_multithreading
 .text.z_arm_cpu_idle_init
                0x0000000000000c3c        0xc zephyr/arch/arch/arm/core/cortex_m/libarch__arm__core__cortex_m.a(cpu_idle.c.obj)
                0x0000000000000c3c                z_arm_cpu_idle_init
 .text.z_arm_interrupt_init
                0x0000000000000c48       0x18 zephyr/arch/arch/arm/core/cortex_m/libarch__arm__core__cortex_m.a(irq_init.c.obj)
                0x0000000000000c48                z_arm_interrupt_init
 .text._isr_wrapper
                0x0000000000000c60       0x24 zephyr/arch/arch/arm/core/cortex_m/libarch__arm__core__cortex_m.a(isr_wrapper.c.obj)
                0x0000000000000c60                _isr_wrapper
 .text.z_impl_zephyr_fputc
                0x0000000000000c84       0x10 zephyr/lib/libc/picolibc/liblib__libc__picolibc.a(libc-hooks.c.obj)
                0x0000000000000c84                z_impl_zephyr_fputc
 .text.__stdout_hook_install
                0x0000000000000c94       0x18 zephyr/lib/libc/picolibc/liblib__libc__picolibc.a(libc-hooks.c.obj)
                0x0000000000000c94                __stdout_hook_install
 .text.malloc_prepare
                0x0000000000000cac       0x24 zephyr/lib/libc/common/liblib__libc__common.a(malloc.c.obj)
 .text.nordicsemi_nrf91_init
                0x0000000000000cd0       0x10 zephyr/soc/soc/nrf9151/libsoc__nordic.a(soc.c.obj)
 .text.arch_busy_wait
                0x0000000000000ce0       0x14 zephyr/soc/soc/nrf9151/libsoc__nordic.a(soc.c.obj)
                0x0000000000000ce0                arch_busy_wait
 .text.onoff_stop
                0x0000000000000cf4       0x30 zephyr/drivers/clock_control/libdrivers__clock_control.a(clock_control_nrf.c.obj)
 .text.onoff_start
                0x0000000000000d24       0x44 zephyr/drivers/clock_control/libdrivers__clock_control.a(clock_control_nrf.c.obj)
 .text.generic_hfclk_stop
                0x0000000000000d68       0x34 zephyr/drivers/clock_control/libdrivers__clock_control.a(clock_control_nrf.c.obj)
 .text.clk_init
                0x0000000000000d9c       0x58 zephyr/drivers/clock_control/libdrivers__clock_control.a(clock_control_nrf.c.obj)
 .text.clkstarted_handle.constprop.0
                0x0000000000000df4       0x4c zephyr/drivers/clock_control/libdrivers__clock_control.a(clock_control_nrf.c.obj)
 .text.generic_hfclk_start
                0x0000000000000e40       0x7c zephyr/drivers/clock_control/libdrivers__clock_control.a(clock_control_nrf.c.obj)
 .text.clock_event_handler
                0x0000000000000ebc       0x1c zephyr/drivers/clock_control/libdrivers__clock_control.a(clock_control_nrf.c.obj)
 .text.uart_console_init
                0x0000000000000ed8       0x28 zephyr/drivers/console/libdrivers__console.a(uart_console.c.obj)
 .text.console_out
                0x0000000000000f00       0x28 zephyr/drivers/console/libdrivers__console.a(uart_console.c.obj)
 .text.pinctrl_configure_pins
                0x0000000000000f28      0x17c zephyr/drivers/pinctrl/libdrivers__pinctrl.a(pinctrl_nrf.c.obj)
                0x0000000000000f28                pinctrl_configure_pins
 .text.uarte_nrfx_poll_out
                0x00000000000010a4       0xac zephyr/drivers/serial/libdrivers__serial.a(uart_nrfx_uarte.c.obj)
 .text.uarte_instance_init.constprop.0
                0x0000000000001150       0xf8 zephyr/drivers/serial/libdrivers__serial.a(uart_nrfx_uarte.c.obj)
 .text.fprotect_area
                0x0000000000001248       0x3c modules/nrf/lib/fprotect/lib..__nrf__lib__fprotect.a(fprotect_spu.c.obj)
                0x0000000000001248                fprotect_area
 .text.uninit_used_uarte
                0x0000000000001284       0x68 modules/nrf/subsys/bootloader/bl_boot/lib..__nrf__subsys__bootloader__bl_boot.a(bl_boot.c.obj)
 .text.bl_boot  0x00000000000012ec       0xcc modules/nrf/subsys/bootloader/bl_boot/lib..__nrf__subsys__bootloader__bl_boot.a(bl_boot.c.obj)
                0x00000000000012ec                bl_boot
 .text.cc310_bl_backend_enable
                0x00000000000013b8       0x10 modules/nrf/subsys/bootloader/bl_crypto/lib..__nrf__subsys__bootloader__bl_crypto.a(bl_crypto_cc310_common.c.obj)
                0x00000000000013b8                cc310_bl_backend_enable
 .text.cc310_bl_backend_disable
                0x00000000000013c8       0x10 modules/nrf/subsys/bootloader/bl_crypto/lib..__nrf__subsys__bootloader__bl_crypto.a(bl_crypto_cc310_common.c.obj)
                0x00000000000013c8                cc310_bl_backend_disable
 .text.cc310_bl_init
                0x00000000000013d8       0x3c modules/nrf/subsys/bootloader/bl_crypto/lib..__nrf__subsys__bootloader__bl_crypto.a(bl_crypto_cc310_common.c.obj)
                0x00000000000013d8                cc310_bl_init
 .text.sha256_update
                0x0000000000001414       0x64 modules/nrf/subsys/bootloader/bl_crypto/lib..__nrf__subsys__bootloader__bl_crypto.a(bl_crypto_cc310_hash.c.obj)
 .text.bl_sha256_init
                0x0000000000001478       0x18 modules/nrf/subsys/bootloader/bl_crypto/lib..__nrf__subsys__bootloader__bl_crypto.a(bl_crypto_cc310_hash.c.obj)
                0x0000000000001478                bl_sha256_init
 .text.fw_info_check
                0x0000000000001490       0x28 modules/nrf/subsys/bootloader/bl_validation/lib..__nrf__subsys__bootloader__bl_validation.a(bl_validation.c.obj)
 .text.fw_info_find
                0x00000000000014b8       0x20 modules/nrf/subsys/bootloader/bl_validation/lib..__nrf__subsys__bootloader__bl_validation.a(bl_validation.c.obj)
 .text.set_monotonic_version
                0x00000000000014d8       0x74 modules/nrf/subsys/bootloader/bl_validation/lib..__nrf__subsys__bootloader__bl_validation.a(bl_validation.c.obj)
                0x00000000000014d8                set_monotonic_version
 .text.get_monotonic_version
                0x000000000000154c       0x38 modules/nrf/subsys/bootloader/bl_validation/lib..__nrf__subsys__bootloader__bl_validation.a(bl_validation.c.obj)
                0x000000000000154c                get_monotonic_version
 .text.validate_firmware
                0x0000000000001584      0x2a8 modules/nrf/subsys/bootloader/bl_validation/lib..__nrf__subsys__bootloader__bl_validation.a(bl_validation.c.obj)
 .text.s0_address_read
                0x000000000000182c        0xc modules/nrf/subsys/bootloader/bl_storage/lib..__nrf__subsys__bootloader__bl_storage.a(bl_storage.c.obj)
                0x000000000000182c                s0_address_read
 .text.s1_address_read
                0x0000000000001838        0xc modules/nrf/subsys/bootloader/bl_storage/lib..__nrf__subsys__bootloader__bl_storage.a(bl_storage.c.obj)
                0x0000000000001838                s1_address_read
 .text.num_public_keys_read
                0x0000000000001844        0xc modules/nrf/subsys/bootloader/bl_storage/lib..__nrf__subsys__bootloader__bl_storage.a(bl_storage.c.obj)
                0x0000000000001844                num_public_keys_read
 .text.key_is_valid
                0x0000000000001850       0x50 modules/nrf/subsys/bootloader/bl_storage/lib..__nrf__subsys__bootloader__bl_storage.a(bl_storage.c.obj)
 .text.verify_public_keys
                0x00000000000018a0       0x50 modules/nrf/subsys/bootloader/bl_storage/lib..__nrf__subsys__bootloader__bl_storage.a(bl_storage.c.obj)
                0x00000000000018a0                verify_public_keys
 .text.public_key_data_read
                0x00000000000018f0       0x50 modules/nrf/subsys/bootloader/bl_storage/lib..__nrf__subsys__bootloader__bl_storage.a(bl_storage.c.obj)
                0x00000000000018f0                public_key_data_read
 .text.invalidate_public_key
                0x0000000000001940       0x28 modules/nrf/subsys/bootloader/bl_storage/lib..__nrf__subsys__bootloader__bl_storage.a(bl_storage.c.obj)
                0x0000000000001940                invalidate_public_key
 .text.get_counter_collection
                0x0000000000001968       0x24 modules/nrf/subsys/bootloader/bl_storage/lib..__nrf__subsys__bootloader__bl_storage.a(bl_storage.c.obj)
                0x0000000000001968                get_counter_collection
 .text.fw_info_ext_api_provide
                0x000000000000198c       0xe0 modules/nrf/subsys/fw_info/lib..__nrf__subsys__fw_info.a(fw_info.c.obj)
                0x000000000000198c                fw_info_ext_api_provide
 .text.check_ext_api_requests
                0x0000000000001a6c       0xa0 modules/nrf/subsys/fw_info/lib..__nrf__subsys__fw_info.a(fw_info.c.obj)
 .text.fw_info_invalidate
                0x0000000000001b0c       0x1c modules/nrf/subsys/fw_info/lib..__nrf__subsys__fw_info.a(fw_info.c.obj)
                0x0000000000001b0c                fw_info_invalidate
 .text.uicr_HFXOCNT_erased
                0x0000000000001b28       0x40 modules/hal_nordic/nrfx/libmodules__hal_nordic__nrfx.a(system_nrf91.c.obj)
 .text.uicr_HFXOSRC_erased
                0x0000000000001b68       0x3c modules/hal_nordic/nrfx/libmodules__hal_nordic__nrfx.a(system_nrf91.c.obj)
 .text.SystemInit
                0x0000000000001ba4      0x1d0 modules/hal_nordic/nrfx/libmodules__hal_nordic__nrfx.a(system_nrf91.c.obj)
                0x0000000000001ba4                SystemInit
 .text.nrfx_flag32_alloc
                0x0000000000001d74       0x40 modules/hal_nordic/nrfx/libmodules__hal_nordic__nrfx.a(nrfx_flag32_allocator.c.obj)
                0x0000000000001d74                nrfx_flag32_alloc
 .text.nrfx_gppi_channels_enable
                0x0000000000001db4        0xc modules/hal_nordic/nrfx/libmodules__hal_nordic__nrfx.a(nrfx_gppi_dppi.c.obj)
                0x0000000000001db4                nrfx_gppi_channels_enable
 .text.nrfx_gppi_channel_alloc
                0x0000000000001dc0        0xc modules/hal_nordic/nrfx/libmodules__hal_nordic__nrfx.a(nrfx_gppi_dppi.c.obj)
                0x0000000000001dc0                nrfx_gppi_channel_alloc
 .text.nrfx_clock_init
                0x0000000000001dcc       0x20 modules/hal_nordic/nrfx/libmodules__hal_nordic__nrfx.a(nrfx_clock.c.obj)
                0x0000000000001dcc                nrfx_clock_init
 .text.nrfx_clock_enable
                0x0000000000001dec       0x28 modules/hal_nordic/nrfx/libmodules__hal_nordic__nrfx.a(nrfx_clock.c.obj)
                0x0000000000001dec                nrfx_clock_enable
 .text.nrfx_clock_start
                0x0000000000001e14       0xb0 modules/hal_nordic/nrfx/libmodules__hal_nordic__nrfx.a(nrfx_clock.c.obj)
                0x0000000000001e14                nrfx_clock_start
 .text.nrfx_power_clock_irq_handler
                0x0000000000001ec4       0x64 modules/hal_nordic/nrfx/libmodules__hal_nordic__nrfx.a(nrfx_clock.c.obj)
                0x0000000000001ec4                nrfx_power_clock_irq_handler
 .text.nrfx_dppi_channel_alloc
                0x0000000000001f28       0x10 modules/hal_nordic/nrfx/libmodules__hal_nordic__nrfx.a(nrfx_dppi.c.obj)
                0x0000000000001f28                nrfx_dppi_channel_alloc
 .text.nvmc_readonly_mode_set
                0x0000000000001f38       0x14 modules/hal_nordic/nrfx/libmodules__hal_nordic__nrfx.a(nrfx_nvmc.c.obj)
 .text.nvmc_word_write
                0x0000000000001f4c       0x18 modules/hal_nordic/nrfx/libmodules__hal_nordic__nrfx.a(nrfx_nvmc.c.obj)
 .text.nrfx_nvmc_word_write
                0x0000000000001f64       0x20 modules/hal_nordic/nrfx/libmodules__hal_nordic__nrfx.a(nrfx_nvmc.c.obj)
                0x0000000000001f64                nrfx_nvmc_word_write
 .text.z_sys_init_run_level
                0x0000000000001f84       0x2c zephyr/kernel/libkernel.a(init.c.obj)
 .text.bg_thread_main
                0x0000000000001fb0       0x34 zephyr/kernel/libkernel.a(init.c.obj)
 .text.z_bss_zero
                0x0000000000001fe4       0x18 zephyr/kernel/libkernel.a(init.c.obj)
                0x0000000000001fe4                z_bss_zero
 .text.z_cstart
                0x0000000000001ffc       0x70 zephyr/kernel/libkernel.a(init.c.obj)
                0x0000000000001ffc                z_cstart
 .text.z_data_copy
                0x000000000000206c       0x34 zephyr/kernel/libkernel.a(xip.c.obj)
                0x000000000000206c                z_data_copy
 .text.verify_context_ecdsa_verify_secp256r1
                0x00000000000020a0       0x20 C:/ncs/v2.9.1/nrfxlib/crypto/nrf_cc310_bl/lib/cortex-m33/hard-float/no-interrupts/libnrf_cc310_bl_0.9.12.a(nrf_cc310_bl_ecdsa_verify_secp256r1.c.obj)
 .text.nrf_cc310_bl_ecdsa_verify_init_secp256r1
                0x00000000000020c0       0x4c C:/ncs/v2.9.1/nrfxlib/crypto/nrf_cc310_bl/lib/cortex-m33/hard-float/no-interrupts/libnrf_cc310_bl_0.9.12.a(nrf_cc310_bl_ecdsa_verify_secp256r1.c.obj)
                0x00000000000020c0                nrf_cc310_bl_ecdsa_verify_init_secp256r1
 .text.nrf_cc310_bl_ecdsa_verify_hash_secp256r1
                0x000000000000210c      0x168 C:/ncs/v2.9.1/nrfxlib/crypto/nrf_cc310_bl/lib/cortex-m33/hard-float/no-interrupts/libnrf_cc310_bl_0.9.12.a(nrf_cc310_bl_ecdsa_verify_secp256r1.c.obj)
                0x000000000000210c                nrf_cc310_bl_ecdsa_verify_hash_secp256r1
 .text.set_digest_in_hw_sha256
                0x0000000000002274       0x38 C:/ncs/v2.9.1/nrfxlib/crypto/nrf_cc310_bl/lib/cortex-m33/hard-float/no-interrupts/libnrf_cc310_bl_0.9.12.a(nrf_cc310_bl_hash_sha256.c.obj)
 .text.read_digest_in_hw_sha256
                0x00000000000022ac       0x54 C:/ncs/v2.9.1/nrfxlib/crypto/nrf_cc310_bl/lib/cortex-m33/hard-float/no-interrupts/libnrf_cc310_bl_0.9.12.a(nrf_cc310_bl_hash_sha256.c.obj)
 .text.verify_context_hash_sha256
                0x0000000000002300       0x20 C:/ncs/v2.9.1/nrfxlib/crypto/nrf_cc310_bl/lib/cortex-m33/hard-float/no-interrupts/libnrf_cc310_bl_0.9.12.a(nrf_cc310_bl_hash_sha256.c.obj)
 .text.nrf_cc310_bl_hash_sha256_init
                0x0000000000002320       0x34 C:/ncs/v2.9.1/nrfxlib/crypto/nrf_cc310_bl/lib/cortex-m33/hard-float/no-interrupts/libnrf_cc310_bl_0.9.12.a(nrf_cc310_bl_hash_sha256.c.obj)
                0x0000000000002320                nrf_cc310_bl_hash_sha256_init
 .text.nrf_cc310_bl_hash_sha256_update
                0x0000000000002354       0xb0 C:/ncs/v2.9.1/nrfxlib/crypto/nrf_cc310_bl/lib/cortex-m33/hard-float/no-interrupts/libnrf_cc310_bl_0.9.12.a(nrf_cc310_bl_hash_sha256.c.obj)
                0x0000000000002354                nrf_cc310_bl_hash_sha256_update
 .text.nrf_cc310_bl_hash_sha256_finalize
                0x0000000000002404       0x60 C:/ncs/v2.9.1/nrfxlib/crypto/nrf_cc310_bl/lib/cortex-m33/hard-float/no-interrupts/libnrf_cc310_bl_0.9.12.a(nrf_cc310_bl_hash_sha256.c.obj)
                0x0000000000002404                nrf_cc310_bl_hash_sha256_finalize
 .text.nrf_cc310_bl_init
                0x0000000000002464       0x34 C:/ncs/v2.9.1/nrfxlib/crypto/nrf_cc310_bl/lib/cortex-m33/hard-float/no-interrupts/libnrf_cc310_bl_0.9.12.a(nrf_cc310_bl_init.c.obj)
                0x0000000000002464                nrf_cc310_bl_init
 .text.PkaSetRegsMapTab
                0x0000000000002498       0x48 C:/ncs/v2.9.1/nrfxlib/crypto/nrf_cc310_bl/lib/cortex-m33/hard-float/no-interrupts/libnrf_cc310_bl_0.9.12.a(pka.c.obj)
                0x0000000000002498                PkaSetRegsMapTab
 .text.PkaGetRegEffectiveSizeInBits
                0x00000000000024e0       0x8c C:/ncs/v2.9.1/nrfxlib/crypto/nrf_cc310_bl/lib/cortex-m33/hard-float/no-interrupts/libnrf_cc310_bl_0.9.12.a(pka.c.obj)
                0x00000000000024e0                PkaGetRegEffectiveSizeInBits
 .text.PkaGetNextMsBit
                0x000000000000256c       0x7c C:/ncs/v2.9.1/nrfxlib/crypto/nrf_cc310_bl/lib/cortex-m33/hard-float/no-interrupts/libnrf_cc310_bl_0.9.12.a(pka.c.obj)
                0x000000000000256c                PkaGetNextMsBit
 .text.PkaSetRegsSizesTab
                0x00000000000025e8       0x3c C:/ncs/v2.9.1/nrfxlib/crypto/nrf_cc310_bl/lib/cortex-m33/hard-float/no-interrupts/libnrf_cc310_bl_0.9.12.a(pka.c.obj)
                0x00000000000025e8                PkaSetRegsSizesTab
 .text.PkaInitPka
                0x0000000000002624       0x74 C:/ncs/v2.9.1/nrfxlib/crypto/nrf_cc310_bl/lib/cortex-m33/hard-float/no-interrupts/libnrf_cc310_bl_0.9.12.a(pka.c.obj)
                0x0000000000002624                PkaInitPka
 .text.PkaClearBlockOfRegs
                0x0000000000002698      0x134 C:/ncs/v2.9.1/nrfxlib/crypto/nrf_cc310_bl/lib/cortex-m33/hard-float/no-interrupts/libnrf_cc310_bl_0.9.12.a(pka.c.obj)
                0x0000000000002698                PkaClearBlockOfRegs
 .text.PkaFinishAndMutexUnlock
                0x00000000000027cc       0x24 C:/ncs/v2.9.1/nrfxlib/crypto/nrf_cc310_bl/lib/cortex-m33/hard-float/no-interrupts/libnrf_cc310_bl_0.9.12.a(pka.c.obj)
                0x00000000000027cc                PkaFinishAndMutexUnlock
 .text.PkaCopyDataIntoPkaReg
                0x00000000000027f0       0xb8 C:/ncs/v2.9.1/nrfxlib/crypto/nrf_cc310_bl/lib/cortex-m33/hard-float/no-interrupts/libnrf_cc310_bl_0.9.12.a(pka.c.obj)
                0x00000000000027f0                PkaCopyDataIntoPkaReg
 .text.PkaEcdsaVerify
                0x00000000000028a8      0x284 C:/ncs/v2.9.1/nrfxlib/crypto/nrf_cc310_bl/lib/cortex-m33/hard-float/no-interrupts/libnrf_cc310_bl_0.9.12.a(pka_ec_wrst_dsa_verify.c.obj)
                0x00000000000028a8                PkaEcdsaVerify
 .text.nrf_cc310_bl_hash_update_internal
                0x0000000000002b2c       0xf0 C:/ncs/v2.9.1/nrfxlib/crypto/nrf_cc310_bl/lib/cortex-m33/hard-float/no-interrupts/libnrf_cc310_bl_0.9.12.a(nrf_cc310_bl_hash.c.obj)
                0x0000000000002b2c                nrf_cc310_bl_hash_update_internal
 .text.PkaDoubleMdf2Mdf
                0x0000000000002c1c      0x1ac C:/ncs/v2.9.1/nrfxlib/crypto/nrf_cc310_bl/lib/cortex-m33/hard-float/no-interrupts/libnrf_cc310_bl_0.9.12.a(pka_ec_wrst.c.obj)
                0x0000000000002c1c                PkaDoubleMdf2Mdf
 .text.PkaDoubleMdf2Jcb
                0x0000000000002dc8      0x178 C:/ncs/v2.9.1/nrfxlib/crypto/nrf_cc310_bl/lib/cortex-m33/hard-float/no-interrupts/libnrf_cc310_bl_0.9.12.a(pka_ec_wrst.c.obj)
                0x0000000000002dc8                PkaDoubleMdf2Jcb
 .text.PkaAddJcbAfn2Mdf
                0x0000000000002f40      0x194 C:/ncs/v2.9.1/nrfxlib/crypto/nrf_cc310_bl/lib/cortex-m33/hard-float/no-interrupts/libnrf_cc310_bl_0.9.12.a(pka_ec_wrst.c.obj)
                0x0000000000002f40                PkaAddJcbAfn2Mdf
 .text.PkaJcb2Afn
                0x00000000000030d4       0xb0 C:/ncs/v2.9.1/nrfxlib/crypto/nrf_cc310_bl/lib/cortex-m33/hard-float/no-interrupts/libnrf_cc310_bl_0.9.12.a(pka_ec_wrst.c.obj)
                0x00000000000030d4                PkaJcb2Afn
 .text.PkaAddAff
                0x0000000000003184      0x114 C:/ncs/v2.9.1/nrfxlib/crypto/nrf_cc310_bl/lib/cortex-m33/hard-float/no-interrupts/libnrf_cc310_bl_0.9.12.a(pka_ec_wrst.c.obj)
                0x0000000000003184                PkaAddAff
 .text.PkaSum2ScalarMullt
                0x0000000000003298      0x1e4 C:/ncs/v2.9.1/nrfxlib/crypto/nrf_cc310_bl/lib/cortex-m33/hard-float/no-interrupts/libnrf_cc310_bl_0.9.12.a(pka_ec_wrst.c.obj)
                0x0000000000003298                PkaSum2ScalarMullt
 .text.SaSi_HalClearInterruptBit
                0x000000000000347c        0xc C:/ncs/v2.9.1/nrfxlib/crypto/nrf_cc310_bl/lib/cortex-m33/hard-float/no-interrupts/libnrf_cc310_bl_0.9.12.a(ssi_hal.c.obj)
                0x000000000000347c                SaSi_HalClearInterruptBit
 .text.SaSi_HalMaskInterrupt
                0x0000000000003488        0xc C:/ncs/v2.9.1/nrfxlib/crypto/nrf_cc310_bl/lib/cortex-m33/hard-float/no-interrupts/libnrf_cc310_bl_0.9.12.a(ssi_hal.c.obj)
                0x0000000000003488                SaSi_HalMaskInterrupt
 .text.SaSi_HalWaitInterrupt
                0x0000000000003494       0x18 C:/ncs/v2.9.1/nrfxlib/crypto/nrf_cc310_bl/lib/cortex-m33/hard-float/no-interrupts/libnrf_cc310_bl_0.9.12.a(ssi_hal.c.obj)
                0x0000000000003494                SaSi_HalWaitInterrupt
 .text.nrf_cc3xx_platform_init_no_rng
                0x00000000000034ac       0x38 C:/ncs/v2.9.1/nrfxlib/crypto/nrf_cc310_platform/lib/cortex-m33/hard-float/no-interrupts/libnrf_cc310_platform_0.9.19.a(nrf_cc3xx_platform.c.obj)
                0x00000000000034ac                nrf_cc3xx_platform_init_no_rng
 .text.nrf_cc3xx_platform_abort
                0x00000000000034e4       0x24 C:/ncs/v2.9.1/nrfxlib/crypto/nrf_cc310_platform/lib/cortex-m33/hard-float/no-interrupts/libnrf_cc310_platform_0.9.19.a(nrf_cc3xx_platform_abort.c.obj)
 .text.CC_PalAbort
                0x0000000000003508       0x34 C:/ncs/v2.9.1/nrfxlib/crypto/nrf_cc310_platform/lib/cortex-m33/hard-float/no-interrupts/libnrf_cc310_platform_0.9.19.a(nrf_cc3xx_platform_abort.c.obj)
                0x0000000000003508                CC_PalAbort
 .text.nrf_cc3xx_platform_set_abort
                0x000000000000353c       0x10 C:/ncs/v2.9.1/nrfxlib/crypto/nrf_cc310_platform/lib/cortex-m33/hard-float/no-interrupts/libnrf_cc310_platform_0.9.19.a(nrf_cc3xx_platform_abort.c.obj)
                0x000000000000353c                nrf_cc3xx_platform_set_abort
 .text.CC_LibInitNoRng
                0x000000000000354c       0x64 C:/ncs/v2.9.1/nrfxlib/crypto/nrf_cc310_platform/lib/cortex-m33/hard-float/no-interrupts/libnrf_cc310_platform_0.9.19.a(cc_lib.c.obj)
                0x000000000000354c                CC_LibInitNoRng
 .text.CC_HalInit
                0x00000000000035b0        0x4 C:/ncs/v2.9.1/nrfxlib/crypto/nrf_cc310_platform/lib/cortex-m33/hard-float/no-interrupts/libnrf_cc310_platform_0.9.19.a(cc_hal.c.obj)
                0x00000000000035b0                CC_HalInit
 .text.CC_HalTerminate
                0x00000000000035b4        0x4 C:/ncs/v2.9.1/nrfxlib/crypto/nrf_cc310_platform/lib/cortex-m33/hard-float/no-interrupts/libnrf_cc310_platform_0.9.19.a(cc_hal.c.obj)
                0x00000000000035b4                CC_HalTerminate
 .text.CC_HalMaskInterrupt
                0x00000000000035b8        0xc C:/ncs/v2.9.1/nrfxlib/crypto/nrf_cc310_platform/lib/cortex-m33/hard-float/no-interrupts/libnrf_cc310_platform_0.9.19.a(cc_hal.c.obj)
                0x00000000000035b8                CC_HalMaskInterrupt
 .text.CC_PalInit
                0x00000000000035c4       0x5c C:/ncs/v2.9.1/nrfxlib/crypto/nrf_cc310_platform/lib/cortex-m33/hard-float/no-interrupts/libnrf_cc310_platform_0.9.19.a(cc_pal.c.obj)
                0x00000000000035c4                CC_PalInit
 .text.CC_PalTerminate
                0x0000000000003620       0x34 C:/ncs/v2.9.1/nrfxlib/crypto/nrf_cc310_platform/lib/cortex-m33/hard-float/no-interrupts/libnrf_cc310_platform_0.9.19.a(cc_pal.c.obj)
                0x0000000000003620                CC_PalTerminate
 .text.CC_PalDmaInit
                0x0000000000003654        0x4 C:/ncs/v2.9.1/nrfxlib/crypto/nrf_cc310_platform/lib/cortex-m33/hard-float/no-interrupts/libnrf_cc310_platform_0.9.19.a(cc_pal_dma.c.obj)
                0x0000000000003654                CC_PalDmaInit
 .text.CC_PalDmaTerminate
                0x0000000000003658        0x4 C:/ncs/v2.9.1/nrfxlib/crypto/nrf_cc310_platform/lib/cortex-m33/hard-float/no-interrupts/libnrf_cc310_platform_0.9.19.a(cc_pal_dma.c.obj)
                0x0000000000003658                CC_PalDmaTerminate
 .text.CC_PalMutexCreate
                0x000000000000365c       0x14 C:/ncs/v2.9.1/nrfxlib/crypto/nrf_cc310_platform/lib/cortex-m33/hard-float/no-interrupts/libnrf_cc310_platform_0.9.19.a(cc_pal_mutex.c.obj)
                0x000000000000365c                CC_PalMutexCreate
 .text.CC_PalMutexDestroy
                0x0000000000003670       0x14 C:/ncs/v2.9.1/nrfxlib/crypto/nrf_cc310_platform/lib/cortex-m33/hard-float/no-interrupts/libnrf_cc310_platform_0.9.19.a(cc_pal_mutex.c.obj)
                0x0000000000003670                CC_PalMutexDestroy
 .text.CC_PalPowerSaveModeInit
                0x0000000000003684       0x3c C:/ncs/v2.9.1/nrfxlib/crypto/nrf_cc310_platform/lib/cortex-m33/hard-float/no-interrupts/libnrf_cc310_platform_0.9.19.a(cc_pal_pm.c.obj)
                0x0000000000003684                CC_PalPowerSaveModeInit
 .text.CC_PalPowerSaveModeSelect
                0x00000000000036c0       0x84 C:/ncs/v2.9.1/nrfxlib/crypto/nrf_cc310_platform/lib/cortex-m33/hard-float/no-interrupts/libnrf_cc310_platform_0.9.19.a(cc_pal_pm.c.obj)
                0x00000000000036c0                CC_PalPowerSaveModeSelect
 .text.mutex_free
                0x0000000000003744       0x34 C:/ncs/v2.9.1/nrfxlib/crypto/nrf_cc310_platform/lib/cortex-m33/hard-float/no-interrupts/libnrf_cc310_platform_0.9.19.a(nrf_cc3xx_platform_mutex.c.obj)
 .text.mutex_lock
                0x0000000000003778       0x48 C:/ncs/v2.9.1/nrfxlib/crypto/nrf_cc310_platform/lib/cortex-m33/hard-float/no-interrupts/libnrf_cc310_platform_0.9.19.a(nrf_cc3xx_platform_mutex.c.obj)
 .text.mutex_unlock
                0x00000000000037c0       0x38 C:/ncs/v2.9.1/nrfxlib/crypto/nrf_cc310_platform/lib/cortex-m33/hard-float/no-interrupts/libnrf_cc310_platform_0.9.19.a(nrf_cc3xx_platform_mutex.c.obj)
 .text.mutex_init
                0x00000000000037f8       0x20 C:/ncs/v2.9.1/nrfxlib/crypto/nrf_cc310_platform/lib/cortex-m33/hard-float/no-interrupts/libnrf_cc310_platform_0.9.19.a(nrf_cc3xx_platform_mutex.c.obj)
 .text.skip_to_arg
                0x0000000000003818      0x134 c:\ncs\toolchains\b620d30767\opt\zephyr-sdk\arm-zephyr-eabi\bin\../lib/gcc/../../picolibc/arm-zephyr-eabi/lib/thumb/v8-m.main+fp/hard\libc.a(libc_tinystdio_vfprintf.c.o)
 .text.vfprintf
                0x000000000000394c      0x9a4 c:\ncs\toolchains\b620d30767\opt\zephyr-sdk\arm-zephyr-eabi\bin\../lib/gcc/../../picolibc/arm-zephyr-eabi/lib/thumb/v8-m.main+fp/hard\libc.a(libc_tinystdio_vfprintf.c.o)
                0x000000000000394c                __d_vfprintf
 .text.div10    0x00000000000042f0       0x28 c:\ncs\toolchains\b620d30767\opt\zephyr-sdk\arm-zephyr-eabi\bin\../lib/gcc/../../picolibc/arm-zephyr-eabi/lib/thumb/v8-m.main+fp/hard\libc.a(libc_tinystdio_dtoa_ryu.c.o)
 .text.__dtoa_engine
                0x0000000000004318      0x4b4 c:\ncs\toolchains\b620d30767\opt\zephyr-sdk\arm-zephyr-eabi\bin\../lib/gcc/../../picolibc/arm-zephyr-eabi/lib/thumb/v8-m.main+fp/hard\libc.a(libc_tinystdio_dtoa_ryu.c.o)
                0x0000000000004318                __dtoa_engine
 .text.__log10Pow2
                0x00000000000047cc        0xc c:\ncs\toolchains\b620d30767\opt\zephyr-sdk\arm-zephyr-eabi\bin\../lib/gcc/../../picolibc/arm-zephyr-eabi/lib/thumb/v8-m.main+fp/hard\libc.a(libc_tinystdio_ryu_log10.c.o)
                0x00000000000047cc                __log10Pow2
 .text.__log10Pow5
                0x00000000000047d8        0xc c:\ncs\toolchains\b620d30767\opt\zephyr-sdk\arm-zephyr-eabi\bin\../lib/gcc/../../picolibc/arm-zephyr-eabi/lib/thumb/v8-m.main+fp/hard\libc.a(libc_tinystdio_ryu_log10.c.o)
                0x00000000000047d8                __log10Pow5
 .text.__pow5bits
                0x00000000000047e4       0x10 c:\ncs\toolchains\b620d30767\opt\zephyr-sdk\arm-zephyr-eabi\bin\../lib/gcc/../../picolibc/arm-zephyr-eabi/lib/thumb/v8-m.main+fp/hard\libc.a(libc_tinystdio_ryu_pow5bits.c.o)
                0x00000000000047e4                __pow5bits
 .text.__pow5Factor
                0x00000000000047f4       0x30 c:\ncs\toolchains\b620d30767\opt\zephyr-sdk\arm-zephyr-eabi\bin\../lib/gcc/../../picolibc/arm-zephyr-eabi/lib/thumb/v8-m.main+fp/hard\libc.a(libc_tinystdio_ryu_table.c.o)
                0x00000000000047f4                __pow5Factor
 .text.__double_computePow5
                0x0000000000004824       0xe4 c:\ncs\toolchains\b620d30767\opt\zephyr-sdk\arm-zephyr-eabi\bin\../lib/gcc/../../picolibc/arm-zephyr-eabi/lib/thumb/v8-m.main+fp/hard\libc.a(libc_tinystdio_ryu_table.c.o)
                0x0000000000004824                __double_computePow5
 .text.__double_computeInvPow5
                0x0000000000004908       0xf8 c:\ncs\toolchains\b620d30767\opt\zephyr-sdk\arm-zephyr-eabi\bin\../lib/gcc/../../picolibc/arm-zephyr-eabi/lib/thumb/v8-m.main+fp/hard\libc.a(libc_tinystdio_ryu_table.c.o)
                0x0000000000004908                __double_computeInvPow5
 .text._OffsetAbsSyms
                0x0000000000004a00        0x2 zephyr/CMakeFiles/offsets.dir/./arch/arm/core/offsets/offsets.c.obj
                0x0000000000004a00                _OffsetAbsSyms
 .text.chunk_field
                0x0000000000004a02       0x16 zephyr/libzephyr.a(heap.c.obj)
 .text.chunk_set
                0x0000000000004a18       0x16 zephyr/libzephyr.a(heap.c.obj)
 .text.chunk_size
                0x0000000000004a2e        0xc zephyr/libzephyr.a(heap.c.obj)
 .text.set_chunk_used
                0x0000000000004a3a       0x30 zephyr/libzephyr.a(heap.c.obj)
 .text.set_chunk_size
                0x0000000000004a6a        0x8 zephyr/libzephyr.a(heap.c.obj)
 .text.bucket_idx.isra.0
                0x0000000000004a72       0x1c zephyr/libzephyr.a(heap.c.obj)
 .text.free_list_add
                0x0000000000004a8e       0x84 zephyr/libzephyr.a(heap.c.obj)
 .text.sys_heap_init
                0x0000000000004b12       0xb0 zephyr/libzephyr.a(heap.c.obj)
                0x0000000000004b12                sys_heap_init
 .text.arch_printk_char_out
                0x0000000000004bc2        0x4 zephyr/libzephyr.a(printk.c.obj)
                0x0000000000004bc2                arch_printk_char_out
 .text.printk   0x0000000000004bc6       0x1a zephyr/libzephyr.a(printk.c.obj)
                0x0000000000004bc6                printk
 .text.onoff_manager_init
                0x0000000000004be0       0x26 zephyr/libzephyr.a(onoff.c.obj)
                0x0000000000004be0                onoff_manager_init
 .text._ConfigAbsSyms
                0x0000000000004c06        0x2 zephyr/libzephyr.a(configs.c.obj)
                0x0000000000004c06                _ConfigAbsSyms
 .text.z_log_minimal_printk
                0x0000000000004c08       0x1a zephyr/libzephyr.a(log_minimal.c.obj)
                0x0000000000004c08                z_log_minimal_printk
 .text.abort_function
                0x0000000000004c22        0x2 zephyr/libzephyr.a(nrf_cc3xx_platform_abort_zephyr.c.obj)
 .text.nrf_cc3xx_platform_mutex_init
                0x0000000000004c24        0x2 zephyr/libzephyr.a(nrf_cc3xx_platform_no_mutex_zephyr.c.obj)
                0x0000000000004c24                nrf_cc3xx_platform_mutex_init
 .text.z_arm_fatal_error
                0x0000000000004c26        0xc zephyr/arch/arch/arm/core/libarch__arm__core.a(fatal.c.obj)
                0x0000000000004c26                z_arm_fatal_error
 .text.z_do_kernel_oops
                0x0000000000004c32        0x8 zephyr/arch/arch/arm/core/libarch__arm__core.a(fatal.c.obj)
                0x0000000000004c32                z_do_kernel_oops
 .text.z_arm_nmi
                0x0000000000004c3a        0xe zephyr/arch/arch/arm/core/libarch__arm__core.a(nmi.c.obj)
                0x0000000000004c3a                z_arm_nmi
 .text._HandlerModeExit
                0x0000000000004c48        0x2 zephyr/arch/arch/arm/core/cortex_m/libarch__arm__core__cortex_m.a(exc_exit.c.obj)
                0x0000000000004c48                z_arm_int_exit
                0x0000000000004c48                z_arm_exc_exit
 .text.z_irq_spurious
                0x0000000000004c4a        0x8 zephyr/arch/arch/arm/core/cortex_m/libarch__arm__core__cortex_m.a(irq_manage.c.obj)
                0x0000000000004c4a                z_irq_spurious
 .text.arch_irq_unlock_outlined
                0x0000000000004c52        0xe zephyr/arch/arch/arm/core/cortex_m/libarch__arm__core__cortex_m.a(thread.c.obj)
                0x0000000000004c52                arch_irq_unlock_outlined
 .text.arch_irq_lock_outlined
                0x0000000000004c60       0x10 zephyr/arch/arch/arm/core/cortex_m/libarch__arm__core__cortex_m.a(thread.c.obj)
                0x0000000000004c60                arch_irq_lock_outlined
 .text.picolibc_put
                0x0000000000004c70        0xa zephyr/lib/libc/picolibc/liblib__libc__picolibc.a(libc-hooks.c.obj)
 .text.get_status
                0x0000000000004c7a       0x12 zephyr/drivers/clock_control/libdrivers__clock_control.a(clock_control_nrf.c.obj)
 .text.stop     0x0000000000004c8c       0x50 zephyr/drivers/clock_control/libdrivers__clock_control.a(clock_control_nrf.c.obj)
 .text.api_stop
                0x0000000000004cdc        0x6 zephyr/drivers/clock_control/libdrivers__clock_control.a(clock_control_nrf.c.obj)
 .text.async_start
                0x0000000000004ce2       0x5a zephyr/drivers/clock_control/libdrivers__clock_control.a(clock_control_nrf.c.obj)
 .text.api_start
                0x0000000000004d3c        0xe zephyr/drivers/clock_control/libdrivers__clock_control.a(clock_control_nrf.c.obj)
 .text.api_blocking_start
                0x0000000000004d4a        0x6 zephyr/drivers/clock_control/libdrivers__clock_control.a(clock_control_nrf.c.obj)
 .text.onoff_started_callback
                0x0000000000004d50       0x14 zephyr/drivers/clock_control/libdrivers__clock_control.a(clock_control_nrf.c.obj)
 .text.lfclk_start
                0x0000000000004d64        0x6 zephyr/drivers/clock_control/libdrivers__clock_control.a(clock_control_nrf.c.obj)
 .text.lfclk_stop
                0x0000000000004d6a        0x6 zephyr/drivers/clock_control/libdrivers__clock_control.a(clock_control_nrf.c.obj)
 .text.pinctrl_lookup_state
                0x0000000000004d70       0x26 zephyr/drivers/pinctrl/libdrivers__pinctrl.a(common.c.obj)
                0x0000000000004d70                pinctrl_lookup_state
 .text.uarte_nrfx_err_check
                0x0000000000004d96        0xe zephyr/drivers/serial/libdrivers__serial.a(uart_nrfx_uarte.c.obj)
 .text.uarte_nrfx_poll_in
                0x0000000000004da4       0x26 zephyr/drivers/serial/libdrivers__serial.a(uart_nrfx_uarte.c.obj)
 .text.is_tx_ready.isra.0
                0x0000000000004dca       0x20 zephyr/drivers/serial/libdrivers__serial.a(uart_nrfx_uarte.c.obj)
 .text.uarte_nrfx_isr_int
                0x0000000000004dea       0x42 zephyr/drivers/serial/libdrivers__serial.a(uart_nrfx_uarte.c.obj)
 .text.uarte_1_init
                0x0000000000004e2c       0x1e zephyr/drivers/serial/libdrivers__serial.a(uart_nrfx_uarte.c.obj)
 .text.uarte_0_init
                0x0000000000004e4a       0x1e zephyr/drivers/serial/libdrivers__serial.a(uart_nrfx_uarte.c.obj)
 .text.bl_sha256_verify
                0x0000000000004e68       0x2e modules/nrf/subsys/bootloader/bl_crypto/lib..__nrf__subsys__bootloader__bl_crypto.a(bl_crypto.c.obj)
                0x0000000000004e68                bl_sha256_verify
 .text.root_of_trust_verify
                0x0000000000004e96       0x68 modules/nrf/subsys/bootloader/bl_crypto/lib..__nrf__subsys__bootloader__bl_crypto.a(bl_crypto.c.obj)
 .text.bl_root_of_trust_verify_external
                0x0000000000004efe       0x12 modules/nrf/subsys/bootloader/bl_crypto/lib..__nrf__subsys__bootloader__bl_crypto.a(bl_crypto.c.obj)
                0x0000000000004efe                bl_root_of_trust_verify_external
 .text.bl_crypto_init
                0x0000000000004f10        0xe modules/nrf/subsys/bootloader/bl_crypto/lib..__nrf__subsys__bootloader__bl_crypto.a(bl_crypto.c.obj)
                0x0000000000004f10                bl_crypto_init
 .text.bl_root_of_trust_verify
                0x0000000000004f1e       0x12 modules/nrf/subsys/bootloader/bl_crypto/lib..__nrf__subsys__bootloader__bl_crypto.a(bl_crypto.c.obj)
                0x0000000000004f1e                bl_root_of_trust_verify
 .text.crypto_init_signing
                0x0000000000004f30        0x4 modules/nrf/subsys/bootloader/bl_crypto/lib..__nrf__subsys__bootloader__bl_crypto.a(bl_crypto_cc310_ecdsa.c.obj)
                0x0000000000004f30                crypto_init_signing
 .text.bl_secp256r1_validate
                0x0000000000004f34       0x56 modules/nrf/subsys/bootloader/bl_crypto/lib..__nrf__subsys__bootloader__bl_crypto.a(bl_crypto_cc310_ecdsa.c.obj)
                0x0000000000004f34                bl_secp256r1_validate
 .text.hash_blocks
                0x0000000000004f8a       0x62 modules/nrf/subsys/bootloader/bl_crypto/lib..__nrf__subsys__bootloader__bl_crypto.a(bl_crypto_cc310_hash.c.obj)
 .text.crypto_init_hash
                0x0000000000004fec        0x4 modules/nrf/subsys/bootloader/bl_crypto/lib..__nrf__subsys__bootloader__bl_crypto.a(bl_crypto_cc310_hash.c.obj)
                0x0000000000004fec                crypto_init_hash
 .text.bl_sha256_update
                0x0000000000004ff0        0x6 modules/nrf/subsys/bootloader/bl_crypto/lib..__nrf__subsys__bootloader__bl_crypto.a(bl_crypto_cc310_hash.c.obj)
                0x0000000000004ff0                bl_sha256_update
 .text.bl_sha256_finalize
                0x0000000000004ff6       0x38 modules/nrf/subsys/bootloader/bl_crypto/lib..__nrf__subsys__bootloader__bl_crypto.a(bl_crypto_cc310_hash.c.obj)
                0x0000000000004ff6                bl_sha256_finalize
 .text.get_hash
                0x000000000000502e       0x2e modules/nrf/subsys/bootloader/bl_crypto/lib..__nrf__subsys__bootloader__bl_crypto.a(bl_crypto_cc310_hash.c.obj)
                0x000000000000502e                get_hash
 .text.bl_validate_firmware
                0x000000000000505c       0x1c modules/nrf/subsys/bootloader/bl_validation/lib..__nrf__subsys__bootloader__bl_validation.a(bl_validation.c.obj)
                0x000000000000505c                bl_validate_firmware
 .text.bl_validate_firmware_local
                0x0000000000005078        0xa modules/nrf/subsys/bootloader/bl_validation/lib..__nrf__subsys__bootloader__bl_validation.a(bl_validation.c.obj)
                0x0000000000005078                bl_validate_firmware_local
 .text.nrfx_nvmc_uicr_word_read
                0x0000000000005082       0x1c modules/nrf/subsys/bootloader/bl_storage/lib..__nrf__subsys__bootloader__bl_storage.a(bl_storage.c.obj)
 .text.get_counter_struct
                0x000000000000509e       0x44 modules/nrf/subsys/bootloader/bl_storage/lib..__nrf__subsys__bootloader__bl_storage.a(bl_storage.c.obj)
                0x000000000000509e                get_counter_struct
 .text.num_monotonic_counter_slots
                0x00000000000050e2       0x2c modules/nrf/subsys/bootloader/bl_storage/lib..__nrf__subsys__bootloader__bl_storage.a(bl_storage.c.obj)
                0x00000000000050e2                num_monotonic_counter_slots
 .text.get_counter
                0x000000000000510e       0x58 modules/nrf/subsys/bootloader/bl_storage/lib..__nrf__subsys__bootloader__bl_storage.a(bl_storage.c.obj)
                0x000000000000510e                get_counter
 .text.get_monotonic_counter
                0x0000000000005166        0x6 modules/nrf/subsys/bootloader/bl_storage/lib..__nrf__subsys__bootloader__bl_storage.a(bl_storage.c.obj)
                0x0000000000005166                get_monotonic_counter
 .text.set_monotonic_counter
                0x000000000000516c       0x38 modules/nrf/subsys/bootloader/bl_storage/lib..__nrf__subsys__bootloader__bl_storage.a(bl_storage.c.obj)
                0x000000000000516c                set_monotonic_counter
 .text.skip_ext_apis
                0x00000000000051a4       0x16 modules/nrf/subsys/fw_info/lib..__nrf__subsys__fw_info.a(fw_info.c.obj)
                0x00000000000051a4                skip_ext_apis
 .text.hw_cc3xx_init_internal
                0x00000000000051ba        0x4 modules/nrf/drivers/hw_cc3xx/lib..__nrf__drivers__hw_cc3xx.a(hw_cc3xx.c.obj)
 .text.hw_cc3xx_init
                0x00000000000051be       0x12 modules/nrf/drivers/hw_cc3xx/lib..__nrf__drivers__hw_cc3xx.a(hw_cc3xx.c.obj)
 .text.nrf91_errata_6
                0x00000000000051d0       0x1e modules/hal_nordic/nrfx/libmodules__hal_nordic__nrfx.a(system_nrf91.c.obj)
 .text.nrf91_errata_14
                0x00000000000051ee       0x24 modules/hal_nordic/nrfx/libmodules__hal_nordic__nrfx.a(system_nrf91.c.obj)
 .text.nrfx_isr
                0x0000000000005212        0x2 modules/hal_nordic/nrfx/libmodules__hal_nordic__nrfx.a(nrfx_glue.c.obj)
                0x0000000000005212                nrfx_isr
 .text.nrfx_busy_wait
                0x0000000000005214        0x4 modules/hal_nordic/nrfx/libmodules__hal_nordic__nrfx.a(nrfx_glue.c.obj)
                0x0000000000005214                nrfx_busy_wait
 .text.nrfx_gppi_channel_endpoints_setup
                0x0000000000005218        0xe modules/hal_nordic/nrfx/libmodules__hal_nordic__nrfx.a(nrfx_gppi_dppi.c.obj)
                0x0000000000005218                nrfx_gppi_channel_endpoints_setup
 .text.clock_stop
                0x0000000000005226       0xb2 modules/hal_nordic/nrfx/libmodules__hal_nordic__nrfx.a(nrfx_clock.c.obj)
 .text.nrfx_clock_stop
                0x00000000000052d8        0x4 modules/hal_nordic/nrfx/libmodules__hal_nordic__nrfx.a(nrfx_clock.c.obj)
                0x00000000000052d8                nrfx_clock_stop
 .text.partial_word_create
                0x00000000000052dc       0x1c modules/hal_nordic/nrfx/libmodules__hal_nordic__nrfx.a(nrfx_nvmc.c.obj)
 .text.nrfx_nvmc_halfword_write
                0x00000000000052f8       0x20 modules/hal_nordic/nrfx/libmodules__hal_nordic__nrfx.a(nrfx_nvmc.c.obj)
                0x00000000000052f8                nrfx_nvmc_halfword_write
 .text.nrfx_nvmc_otp_halfword_read
                0x0000000000005318       0x10 modules/hal_nordic/nrfx/libmodules__hal_nordic__nrfx.a(nrfx_nvmc.c.obj)
                0x0000000000005318                nrfx_nvmc_otp_halfword_read
 .text.z_impl_k_busy_wait
                0x0000000000005328        0x8 zephyr/kernel/libkernel.a(busy_wait.c.obj)
                0x0000000000005328                z_impl_k_busy_wait
 .text.z_device_state_init
                0x0000000000005330        0x2 zephyr/kernel/libkernel.a(device.c.obj)
                0x0000000000005330                z_device_state_init
 .text.z_impl_device_is_ready
                0x0000000000005332       0x16 zephyr/kernel/libkernel.a(device.c.obj)
                0x0000000000005332                z_impl_device_is_ready
 .text.arch_system_halt
                0x0000000000005348       0x10 zephyr/kernel/libkernel.a(fatal.c.obj)
                0x0000000000005348                arch_system_halt
 .text.k_sys_fatal_error_handler
                0x0000000000005358        0x6 zephyr/kernel/libkernel.a(fatal.c.obj)
                0x0000000000005358                k_sys_fatal_error_handler
 .text.z_fatal_error
                0x000000000000535e       0x1e zephyr/kernel/libkernel.a(fatal.c.obj)
                0x000000000000535e                z_fatal_error
 .text.do_device_init
                0x000000000000537c       0x30 zephyr/kernel/libkernel.a(init.c.obj)
 .text.z_early_memset
                0x00000000000053ac        0x4 zephyr/kernel/libkernel.a(init.c.obj)
                0x00000000000053ac                z_early_memset
 .text.z_early_memcpy
                0x00000000000053b0        0x4 zephyr/kernel/libkernel.a(init.c.obj)
                0x00000000000053b0                z_early_memcpy
 .text.z_init_static
                0x00000000000053b4        0x2 zephyr/kernel/libkernel.a(init_static.c.obj)
                0x00000000000053b4                z_init_static
 .text.k_is_in_isr
                0x00000000000053b6        0xc zephyr/kernel/libkernel.a(nothread.c.obj)
                0x00000000000053b6                k_is_in_isr
 .text.nrf_cc310_bl_ecdsa_verify_secp256r1
                0x00000000000053c2       0x26 C:/ncs/v2.9.1/nrfxlib/crypto/nrf_cc310_bl/lib/cortex-m33/hard-float/no-interrupts/libnrf_cc310_bl_0.9.12.a(nrf_cc310_bl_ecdsa_verify_secp256r1.c.obj)
                0x00000000000053c2                nrf_cc310_bl_ecdsa_verify_secp256r1
 .text.PkaInitAndMutexLock
                0x00000000000053e8        0x8 C:/ncs/v2.9.1/nrfxlib/crypto/nrf_cc310_bl/lib/cortex-m33/hard-float/no-interrupts/libnrf_cc310_bl_0.9.12.a(pka.c.obj)
                0x00000000000053e8                PkaInitAndMutexLock
 .text.SaSi_PalMemCopy
                0x00000000000053f0        0x4 C:/ncs/v2.9.1/nrfxlib/crypto/nrf_cc310_bl/lib/cortex-m33/hard-float/no-interrupts/libnrf_cc310_bl_0.9.12.a(ssi_pal_mem.c.obj)
                0x00000000000053f0                SaSi_PalMemCopy
 .text.SaSi_PalMemSet
                0x00000000000053f4        0x4 C:/ncs/v2.9.1/nrfxlib/crypto/nrf_cc310_bl/lib/cortex-m33/hard-float/no-interrupts/libnrf_cc310_bl_0.9.12.a(ssi_pal_mem.c.obj)
                0x00000000000053f4                SaSi_PalMemSet
 .text.SaSi_PalMemSetZero
                0x00000000000053f8        0x8 C:/ncs/v2.9.1/nrfxlib/crypto/nrf_cc310_bl/lib/cortex-m33/hard-float/no-interrupts/libnrf_cc310_bl_0.9.12.a(ssi_pal_mem.c.obj)
                0x00000000000053f8                SaSi_PalMemSetZero
 .text.CRYS_COMMON_ReverseMemcpy32
                0x0000000000005400       0x1a C:/ncs/v2.9.1/nrfxlib/crypto/nrf_cc310_bl/lib/cortex-m33/hard-float/no-interrupts/libnrf_cc310_bl_0.9.12.a(crys_common_conv_endian.c.obj)
                0x0000000000005400                CRYS_COMMON_ReverseMemcpy32
 .text.memcpy   0x000000000000541a       0x1a c:\ncs\toolchains\b620d30767\opt\zephyr-sdk\arm-zephyr-eabi\bin\../lib/gcc/../../picolibc/arm-zephyr-eabi/lib/thumb/v8-m.main+fp/hard\libc.a(memcpy.c.o)
                0x000000000000541a                __aeabi_memcpy
                0x000000000000541a                __aeabi_memcpy4
                0x000000000000541a                __aeabi_memcpy8
                0x000000000000541a                memcpy
 .text.memmove  0x0000000000005434       0x34 c:\ncs\toolchains\b620d30767\opt\zephyr-sdk\arm-zephyr-eabi\bin\../lib/gcc/../../picolibc/arm-zephyr-eabi/lib/thumb/v8-m.main+fp/hard\libc.a(memmove.c.o)
                0x0000000000005434                __aeabi_memmove8
                0x0000000000005434                __aeabi_memmove
                0x0000000000005434                __aeabi_memmove4
                0x0000000000005434                memmove
 .text.memset   0x0000000000005468       0x10 c:\ncs\toolchains\b620d30767\opt\zephyr-sdk\arm-zephyr-eabi\bin\../lib/gcc/../../picolibc/arm-zephyr-eabi/lib/thumb/v8-m.main+fp/hard\libc.a(memset.c.o)
                0x0000000000005468                memset
 .text.memcmp   0x0000000000005478       0x20 c:\ncs\toolchains\b620d30767\opt\zephyr-sdk\arm-zephyr-eabi\bin\../lib/gcc/../../picolibc/arm-zephyr-eabi/lib/thumb/v8-m.main+fp/hard\libc.a(libc_string_memcmp.c.o)
                0x0000000000005478                memcmp
 .text.strnlen  0x0000000000005498       0x18 c:\ncs\toolchains\b620d30767\opt\zephyr-sdk\arm-zephyr-eabi\bin\../lib/gcc/../../picolibc/arm-zephyr-eabi/lib/thumb/v8-m.main+fp/hard\libc.a(libc_string_strnlen.c.o)
                0x0000000000005498                strnlen
 .text.__ultoa_invert
                0x00000000000054b0       0x4e c:\ncs\toolchains\b620d30767\opt\zephyr-sdk\arm-zephyr-eabi\bin\../lib/gcc/../../picolibc/arm-zephyr-eabi/lib/thumb/v8-m.main+fp/hard\libc.a(libc_tinystdio_vfprintf.c.o)
 .text.mulShiftAll64
                0x00000000000054fe      0x17a c:\ncs\toolchains\b620d30767\opt\zephyr-sdk\arm-zephyr-eabi\bin\../lib/gcc/../../picolibc/arm-zephyr-eabi/lib/thumb/v8-m.main+fp/hard\libc.a(libc_tinystdio_dtoa_ryu.c.o)
 .text.__umul128
                0x0000000000005678       0x36 c:\ncs\toolchains\b620d30767\opt\zephyr-sdk\arm-zephyr-eabi\bin\../lib/gcc/../../picolibc/arm-zephyr-eabi/lib/thumb/v8-m.main+fp/hard\libc.a(libc_tinystdio_ryu_umul128.c.o)
                0x0000000000005678                __umul128
 .text.__shiftright128
                0x00000000000056ae       0x3e c:\ncs\toolchains\b620d30767\opt\zephyr-sdk\arm-zephyr-eabi\bin\../lib/gcc/../../picolibc/arm-zephyr-eabi/lib/thumb/v8-m.main+fp/hard\libc.a(libc_tinystdio_ryu_umul128.c.o)
                0x00000000000056ae                __shiftright128
 .text.__dtox_engine
                0x00000000000056ec      0x132 c:\ncs\toolchains\b620d30767\opt\zephyr-sdk\arm-zephyr-eabi\bin\../lib/gcc/../../picolibc/arm-zephyr-eabi/lib/thumb/v8-m.main+fp/hard\libc.a(libc_tinystdio_dtox_engine.c.o)
                0x00000000000056ec                __dtox_engine
 *(SORT_BY_ALIGNMENT(.TEXT.*))
 *(SORT_BY_ALIGNMENT(.gnu.linkonce.t.*))
 *(SORT_BY_ALIGNMENT(.glue_7t))
 .glue_7t       0x000000000000581e        0x0 linker stubs
 *(SORT_BY_ALIGNMENT(.glue_7))
 .glue_7        0x000000000000581e        0x0 linker stubs
 *(SORT_BY_ALIGNMENT(.vfp11_veneer))
 .vfp11_veneer  0x000000000000581e        0x0 linker stubs
 *(SORT_BY_ALIGNMENT(.v4_bx))
 .v4_bx         0x000000000000581e        0x0 linker stubs
                0x0000000000005820                . = ALIGN (0x4)
 *fill*         0x000000000000581e        0x2 
                0x0000000000005820                __text_region_end = .

.ARM.exidx      0x0000000000005820        0x8
                0x0000000000005820                __exidx_start = .
 *(SORT_BY_ALIGNMENT(.ARM.exidx*) SORT_BY_ALIGNMENT(gnu.linkonce.armexidx.*))
 .ARM.exidx     0x0000000000005820        0x8 c:/ncs/toolchains/b620d30767/opt/zephyr-sdk/arm-zephyr-eabi/bin/../lib/gcc/arm-zephyr-eabi/12.2.0/thumb/v8-m.main+fp/hard\libgcc.a(_udivmoddi4.o)
                0x0000000000005828                __exidx_end = .
                0x0000000000005828                __rodata_region_start = .

initlevel       0x0000000000005828       0x48
                0x0000000000005828                __init_start = .
                0x0000000000005828                __init_EARLY_start = .
 *(SORT_BY_NAME(SORT_BY_ALIGNMENT(.z_init_EARLY?_*)))
 *(SORT_BY_NAME(SORT_BY_ALIGNMENT(.z_init_EARLY??_*)))
                0x0000000000005828                __init_PRE_KERNEL_1_start = .
 *(SORT_BY_NAME(SORT_BY_ALIGNMENT(.z_init_PRE_KERNEL_1?_*)))
 .z_init_PRE_KERNEL_10_0_
                0x0000000000005828        0x8 zephyr/soc/soc/nrf9151/libsoc__nordic.a(soc.c.obj)
 *(SORT_BY_NAME(SORT_BY_ALIGNMENT(.z_init_PRE_KERNEL_1??_*)))
 .z_init_PRE_KERNEL_130_00062_
                0x0000000000005830        0x8 zephyr/drivers/clock_control/libdrivers__clock_control.a(clock_control_nrf.c.obj)
 .z_init_PRE_KERNEL_140_0_
                0x0000000000005838        0x8 modules/nrf/drivers/hw_cc3xx/lib..__nrf__drivers__hw_cc3xx.a(hw_cc3xx.c.obj)
 .z_init_PRE_KERNEL_150_00087_
                0x0000000000005840        0x8 zephyr/drivers/serial/libdrivers__serial.a(uart_nrfx_uarte.c.obj)
 .z_init_PRE_KERNEL_150_00088_
                0x0000000000005848        0x8 zephyr/drivers/serial/libdrivers__serial.a(uart_nrfx_uarte.c.obj)
 .z_init_PRE_KERNEL_160_0_
                0x0000000000005850        0x8 zephyr/drivers/console/libdrivers__console.a(uart_console.c.obj)
                0x0000000000005858                __init_PRE_KERNEL_2_start = .
 *(SORT_BY_NAME(SORT_BY_ALIGNMENT(.z_init_PRE_KERNEL_2?_*)))
 *(SORT_BY_NAME(SORT_BY_ALIGNMENT(.z_init_PRE_KERNEL_2??_*)))
                0x0000000000005858                __init_POST_KERNEL_start = .
 *(SORT_BY_NAME(SORT_BY_ALIGNMENT(.z_init_POST_KERNEL?_*)))
 *(SORT_BY_NAME(SORT_BY_ALIGNMENT(.z_init_POST_KERNEL??_*)))
 .z_init_POST_KERNEL35_0_
                0x0000000000005858        0x8 zephyr/lib/libc/common/liblib__libc__common.a(malloc.c.obj)
 .z_init_POST_KERNEL40_0_
                0x0000000000005860        0x8 modules/nrf/drivers/hw_cc3xx/lib..__nrf__drivers__hw_cc3xx.a(hw_cc3xx.c.obj)
 .z_init_POST_KERNEL90_0_
                0x0000000000005868        0x8 modules/nrf/subsys/fw_info/lib..__nrf__subsys__fw_info.a(fw_info.c.obj)
                0x0000000000005870                __init_APPLICATION_start = .
 *(SORT_BY_NAME(SORT_BY_ALIGNMENT(.z_init_APPLICATION?_*)))
 *(SORT_BY_NAME(SORT_BY_ALIGNMENT(.z_init_APPLICATION??_*)))
                0x0000000000005870                __init_SMP_start = .
 *(SORT_BY_NAME(SORT_BY_ALIGNMENT(.z_init_SMP?_*)))
 *(SORT_BY_NAME(SORT_BY_ALIGNMENT(.z_init_SMP??_*)))
                0x0000000000005870                __init_end = .
                0x0000000000005870                __deferred_init_list_start = .
 *(SORT_BY_ALIGNMENT(.z_deferred_init*))
                0x0000000000005870                __deferred_init_list_end = .

device_area     0x0000000000005870       0x3c
                0x0000000000005870                _device_list_start = .
 *(SORT_BY_NAME(SORT_BY_ALIGNMENT(._device.static.*_?_*)))
 *(SORT_BY_NAME(SORT_BY_ALIGNMENT(._device.static.*_??_*)))
 ._device.static.1_30_
                0x0000000000005870       0x14 zephyr/drivers/clock_control/libdrivers__clock_control.a(clock_control_nrf.c.obj)
                0x0000000000005870                __device_dts_ord_62
 ._device.static.1_50_
                0x0000000000005884       0x28 zephyr/drivers/serial/libdrivers__serial.a(uart_nrfx_uarte.c.obj)
                0x0000000000005884                __device_dts_ord_88
                0x0000000000005898                __device_dts_ord_87
                0x00000000000058ac                _device_list_end = .

sw_isr_table    0x00000000000058ac      0x208
                0x00000000000058ac                . = ALIGN (0x4)
 *(SORT_BY_ALIGNMENT(.gnu.linkonce.sw_isr_table*))
 .gnu.linkonce.sw_isr_table
                0x00000000000058ac      0x208 zephyr/arch/common/libisr_tables.a(isr_tables.c.obj)
                0x00000000000058ac                _sw_isr_table

initlevel_error
                0x0000000000005828        0x0
 *(SORT_BY_NAME(SORT_BY_ALIGNMENT(.z_init_[_A-Z0-9]*)))
                0x0000000000000001                ASSERT ((SIZEOF (initlevel_error) == 0x0), Undefined initialization levels used.)

app_shmem_regions
                0x0000000000005ab4        0x0
                0x0000000000005ab4                __app_shmem_regions_start = .
 *(SORT_BY_NAME(SORT_BY_ALIGNMENT(.app_regions.*)))
                0x0000000000005ab4                __app_shmem_regions_end = .

k_p4wq_initparam_area
                0x0000000000005ab4        0x0
                0x0000000000005ab4                _k_p4wq_initparam_list_start = .
 *(SORT_BY_NAME(SORT_BY_ALIGNMENT(._k_p4wq_initparam.static.*)))
                0x0000000000005ab4                _k_p4wq_initparam_list_end = .

_static_thread_data_area
                0x0000000000005ab4        0x0
                0x0000000000005ab4                __static_thread_data_list_start = .
 *(SORT_BY_NAME(SORT_BY_ALIGNMENT(.__static_thread_data.static.*)))
                0x0000000000005ab4                __static_thread_data_list_end = .

device_deps     0x0000000000005ab4        0x0
                0x0000000000005ab4                __device_deps_start = .
 *(SORT_BY_NAME(SORT_BY_ALIGNMENT(.__device_deps_pass2*)))
                0x0000000000005ab4                __device_deps_end = .

ztest           0x0000000000005ab4        0x0
                0x0000000000005ab4                _ztest_expected_result_entry_list_start = .
 *(SORT_BY_NAME(SORT_BY_ALIGNMENT(._ztest_expected_result_entry.static.*)))
                0x0000000000005ab4                _ztest_expected_result_entry_list_end = .
                0x0000000000005ab4                _ztest_suite_node_list_start = .
 *(SORT_BY_NAME(SORT_BY_ALIGNMENT(._ztest_suite_node.static.*)))
                0x0000000000005ab4                _ztest_suite_node_list_end = .
                0x0000000000005ab4                _ztest_unit_test_list_start = .
 *(SORT_BY_NAME(SORT_BY_ALIGNMENT(._ztest_unit_test.static.*)))
                0x0000000000005ab4                _ztest_unit_test_list_end = .
                0x0000000000005ab4                _ztest_test_rule_list_start = .
 *(SORT_BY_NAME(SORT_BY_ALIGNMENT(._ztest_test_rule.static.*)))
                0x0000000000005ab4                _ztest_test_rule_list_end = .

init_array      0x0000000000005ab4        0x0
 *(SORT_BY_NAME(SORT_BY_ALIGNMENT(.ctors*)))
 *(SORT_BY_NAME(SORT_BY_ALIGNMENT(.init_array*)))
                0x0000000000000001                ASSERT ((SIZEOF (init_array) == 0x0), GNU-style constructors required but STATIC_INIT_GNU not enabled)

bt_l2cap_fixed_chan_area
                0x0000000000005ab4        0x0
                0x0000000000005ab4                _bt_l2cap_fixed_chan_list_start = .
 *(SORT_BY_NAME(SORT_BY_ALIGNMENT(._bt_l2cap_fixed_chan.static.*)))
                0x0000000000005ab4                _bt_l2cap_fixed_chan_list_end = .

bt_gatt_service_static_area
                0x0000000000005ab4        0x0
                0x0000000000005ab4                _bt_gatt_service_static_list_start = .
 *(SORT_BY_NAME(SORT_BY_ALIGNMENT(._bt_gatt_service_static.static.*)))
                0x0000000000005ab4                _bt_gatt_service_static_list_end = .

log_strings_area
                0x0000000000005ab4        0x0
                0x0000000000005ab4                _log_strings_list_start = .
 *(SORT_BY_NAME(SORT_BY_ALIGNMENT(._log_strings.static.*)))
                0x0000000000005ab4                _log_strings_list_end = .

log_const_area  0x0000000000005ab4        0x8
                0x0000000000005ab4                _log_const_list_start = .
 *(SORT_BY_NAME(SORT_BY_ALIGNMENT(._log_const.static.*)))
 ._log_const.static.log_const_bl_validation_
                0x0000000000005ab4        0x8 modules/nrf/subsys/bootloader/bl_validation/lib..__nrf__subsys__bootloader__bl_validation.a(bl_validation.c.obj)
                0x0000000000005ab4                log_const_bl_validation
                0x0000000000005abc                _log_const_list_end = .

log_backend_area
                0x0000000000005abc        0x0
                0x0000000000005abc                _log_backend_list_start = .
 *(SORT_BY_NAME(SORT_BY_ALIGNMENT(._log_backend.static.*)))
                0x0000000000005abc                _log_backend_list_end = .

log_link_area   0x0000000000005abc        0x0
                0x0000000000005abc                _log_link_list_start = .
 *(SORT_BY_NAME(SORT_BY_ALIGNMENT(._log_link.static.*)))
                0x0000000000005abc                _log_link_list_end = .

tracing_backend_area
                0x0000000000005abc        0x0
                0x0000000000005abc                _tracing_backend_list_start = .
 *(SORT_BY_NAME(SORT_BY_ALIGNMENT(._tracing_backend.static.*)))
                0x0000000000005abc                _tracing_backend_list_end = .

zephyr_dbg_info
 *(SORT_BY_ALIGNMENT(.dbg_thread_info))

intc_table_area
                0x0000000000005abc        0x0
                0x0000000000005abc                _intc_table_list_start = .
 *(SORT_BY_NAME(SORT_BY_ALIGNMENT(._intc_table.static.*)))
                0x0000000000005abc                _intc_table_list_end = .

symbol_to_keep  0x0000000000005abc        0x0
                0x0000000000005abc                __symbol_to_keep_start = .
 *(SORT_BY_NAME(SORT_BY_ALIGNMENT(.symbol_to_keep*)))
                0x0000000000005abc                __symbol_to_keep_end = .

shell_area      0x0000000000005abc        0x0
                0x0000000000005abc                _shell_list_start = .
 *(SORT_BY_NAME(SORT_BY_ALIGNMENT(._shell.static.*)))
                0x0000000000005abc                _shell_list_end = .

shell_root_cmds_area
                0x0000000000005abc        0x0
                0x0000000000005abc                _shell_root_cmds_list_start = .
 *(SORT_BY_NAME(SORT_BY_ALIGNMENT(._shell_root_cmds.static.*)))
                0x0000000000005abc                _shell_root_cmds_list_end = .

shell_subcmds_area
                0x0000000000005abc        0x0
                0x0000000000005abc                _shell_subcmds_list_start = .
 *(SORT_BY_NAME(SORT_BY_ALIGNMENT(._shell_subcmds.static.*)))
                0x0000000000005abc                _shell_subcmds_list_end = .

shell_dynamic_subcmds_area
                0x0000000000005abc        0x0
                0x0000000000005abc                _shell_dynamic_subcmds_list_start = .
 *(SORT_BY_NAME(SORT_BY_ALIGNMENT(._shell_dynamic_subcmds.static.*)))
                0x0000000000005abc                _shell_dynamic_subcmds_list_end = .

cfb_font_area   0x0000000000005abc        0x0
                0x0000000000005abc                _cfb_font_list_start = .
 *(SORT_BY_NAME(SORT_BY_ALIGNMENT(._cfb_font.static.*)))
                0x0000000000005abc                _cfb_font_list_end = .

tdata           0x0000000000005abc        0x0
 *(SORT_BY_ALIGNMENT(.tdata) SORT_BY_ALIGNMENT(.tdata.*) SORT_BY_ALIGNMENT(.gnu.linkonce.td.*))

tbss            0x0000000000005abc        0x0
 *(SORT_BY_ALIGNMENT(.tbss) SORT_BY_ALIGNMENT(.tbss.*) SORT_BY_ALIGNMENT(.gnu.linkonce.tb.*) SORT_BY_ALIGNMENT(.tcommon))
                0x0000000000005abc                PROVIDE (__tdata_start = LOADADDR (tdata))
                0x0000000000000001                PROVIDE (__tdata_align = ALIGNOF (tdata))
                0x0000000000000000                PROVIDE (__tdata_size = (((SIZEOF (tdata) + __tdata_align) - 0x1) & ~ ((__tdata_align - 0x1))))
                [!provide]                        PROVIDE (__tdata_end = (__tdata_start + __tdata_size))
                0x0000000000000001                PROVIDE (__tbss_align = ALIGNOF (tbss))
                [!provide]                        PROVIDE (__tbss_start = ADDR (tbss))
                0x0000000000000000                PROVIDE (__tbss_size = (((SIZEOF (tbss) + __tbss_align) - 0x1) & ~ ((__tbss_align - 0x1))))
                [!provide]                        PROVIDE (__tbss_end = (__tbss_start + __tbss_size))
                [!provide]                        PROVIDE (__tls_start = __tdata_start)
                [!provide]                        PROVIDE (__tls_end = __tbss_end)
                [!provide]                        PROVIDE (__tls_size = (__tbss_end - __tdata_start))

rodata          0x0000000000005ac0      0xe90
 *(SORT_BY_ALIGNMENT(.rodata))
 .rodata        0x0000000000005ac0        0xc app/libapp.a(main.c.obj)
 .rodata        0x0000000000005acc       0x18 modules/nrf/subsys/bootloader/bl_validation/lib..__nrf__subsys__bootloader__bl_validation.a(bl_validation.c.obj)
 .rodata        0x0000000000005ae4       0x18 modules/nrf/subsys/fw_info/lib..__nrf__subsys__fw_info.a(fw_info.c.obj)
 .rodata        0x0000000000005afc       0x10 C:/ncs/v2.9.1/nrfxlib/crypto/nrf_cc310_bl/lib/cortex-m33/hard-float/no-interrupts/libnrf_cc310_bl_0.9.12.a(nrf_cc310_bl_hash_sha256.c.obj)
 *(SORT_BY_ALIGNMENT(.rodata.*))
 *fill*         0x0000000000005b0c        0x4 
 .rodata.delay_machine_code.0
                0x0000000000005b10        0x6 zephyr/soc/soc/nrf9151/libsoc__nordic.a(soc.c.obj)
 *fill*         0x0000000000005b16        0x2 
 .rodata.DOUBLE_POW5_TABLE
                0x0000000000005b18       0xd0 c:\ncs\toolchains\b620d30767\opt\zephyr-sdk\arm-zephyr-eabi\bin\../lib/gcc/../../picolibc/arm-zephyr-eabi/lib/thumb/v8-m.main+fp/hard\libc.a(libc_tinystdio_ryu_table.c.o)
 .rodata.DOUBLE_POW5_SPLIT2
                0x0000000000005be8       0xd0 c:\ncs\toolchains\b620d30767\opt\zephyr-sdk\arm-zephyr-eabi\bin\../lib/gcc/../../picolibc/arm-zephyr-eabi/lib/thumb/v8-m.main+fp/hard\libc.a(libc_tinystdio_ryu_table.c.o)
 .rodata.DOUBLE_POW5_INV_SPLIT2
                0x0000000000005cb8       0xf0 c:\ncs\toolchains\b620d30767\opt\zephyr-sdk\arm-zephyr-eabi\bin\../lib/gcc/../../picolibc/arm-zephyr-eabi/lib/thumb/v8-m.main+fp/hard\libc.a(libc_tinystdio_ryu_table.c.o)
 .rodata.fw_info_allowed_offsets
                0x0000000000005da8       0x1c app/libapp.a(main.c.obj)
 .rodata.apis   0x0000000000005dc4        0x8 zephyr/libzephyr.a(nrf_cc3xx_platform_abort_zephyr.c.obj)
 .rodata.transitions.0
                0x0000000000005dcc        0xc zephyr/drivers/clock_control/libdrivers__clock_control.a(clock_control_nrf.c.obj)
 .rodata.config
                0x0000000000005dd8       0x18 zephyr/drivers/clock_control/libdrivers__clock_control.a(clock_control_nrf.c.obj)
 .rodata.clock_control_api
                0x0000000000005df0       0x1c zephyr/drivers/clock_control/libdrivers__clock_control.a(clock_control_nrf.c.obj)
 .rodata.uarte_1z_config
                0x0000000000005e0c       0x20 zephyr/drivers/serial/libdrivers__serial.a(uart_nrfx_uarte.c.obj)
 .rodata.__pinctrl_dev_config__device_dts_ord_88
                0x0000000000005e2c        0xc zephyr/drivers/serial/libdrivers__serial.a(uart_nrfx_uarte.c.obj)
 .rodata.__pinctrl_states__device_dts_ord_88
                0x0000000000005e38        0x8 zephyr/drivers/serial/libdrivers__serial.a(uart_nrfx_uarte.c.obj)
 .rodata.__pinctrl_state_pins_0__device_dts_ord_88
                0x0000000000005e40        0x8 zephyr/drivers/serial/libdrivers__serial.a(uart_nrfx_uarte.c.obj)
 .rodata.uarte_0z_config
                0x0000000000005e48       0x20 zephyr/drivers/serial/libdrivers__serial.a(uart_nrfx_uarte.c.obj)
 .rodata.__pinctrl_dev_config__device_dts_ord_87
                0x0000000000005e68        0xc zephyr/drivers/serial/libdrivers__serial.a(uart_nrfx_uarte.c.obj)
 .rodata.__pinctrl_states__device_dts_ord_87
                0x0000000000005e74        0x8 zephyr/drivers/serial/libdrivers__serial.a(uart_nrfx_uarte.c.obj)
 .rodata.__pinctrl_state_pins_0__device_dts_ord_87
                0x0000000000005e7c        0x8 zephyr/drivers/serial/libdrivers__serial.a(uart_nrfx_uarte.c.obj)
 .rodata.uart_nrfx_uarte_driver_api
                0x0000000000005e84        0xc zephyr/drivers/serial/libdrivers__serial.a(uart_nrfx_uarte.c.obj)
 .rodata.fw_info_allowed_offsets
                0x0000000000005e90       0x1c modules/nrf/subsys/bootloader/bl_validation/lib..__nrf__subsys__bootloader__bl_validation.a(bl_validation.c.obj)
 .rodata.fw_info_allowed_offsets
                0x0000000000005eac       0x1c modules/nrf/subsys/fw_info/lib..__nrf__subsys__fw_info.a(fw_info.c.obj)
 .rodata.levels.0
                0x0000000000005ec8       0x18 zephyr/kernel/libkernel.a(init.c.obj)
 .rodata.domain_secp256r1
                0x0000000000005ee0       0xcc C:/ncs/v2.9.1/nrfxlib/crypto/nrf_cc310_bl/lib/cortex-m33/hard-float/no-interrupts/libnrf_cc310_bl_0.9.12.a(nrf_cc310_bl_ecdsa_verify_secp256r1.c.obj)
                0x0000000000005ee0                domain_secp256r1
 .rodata.NRF_CC310_BL_HASH_LARVAL_SHA256
                0x0000000000005fac       0x20 C:/ncs/v2.9.1/nrfxlib/crypto/nrf_cc310_bl/lib/cortex-m33/hard-float/no-interrupts/libnrf_cc310_bl_0.9.12.a(nrf_cc310_bl_hash_sha256.c.obj)
                0x0000000000005fac                NRF_CC310_BL_HASH_LARVAL_SHA256
 .rodata.CSWTCH.10
                0x0000000000005fcc       0x1c C:/ncs/v2.9.1/nrfxlib/crypto/nrf_cc310_platform/lib/cortex-m33/hard-float/no-interrupts/libnrf_cc310_platform_0.9.19.a(nrf_cc3xx_platform.c.obj)
 .rodata.CC_PalPowerSaveModeInit.str1.4
                0x0000000000005fe8       0x20 C:/ncs/v2.9.1/nrfxlib/crypto/nrf_cc310_platform/lib/cortex-m33/hard-float/no-interrupts/libnrf_cc310_platform_0.9.19.a(cc_pal_pm.c.obj)
 .rodata.mutex_free.str1.4
                0x0000000000006008       0x26 C:/ncs/v2.9.1/nrfxlib/crypto/nrf_cc310_platform/lib/cortex-m33/hard-float/no-interrupts/libnrf_cc310_platform_0.9.19.a(nrf_cc3xx_platform_mutex.c.obj)
 *fill*         0x000000000000602e        0x2 
 .rodata.mutex_init.str1.4
                0x0000000000006030       0x23 C:/ncs/v2.9.1/nrfxlib/crypto/nrf_cc310_platform/lib/cortex-m33/hard-float/no-interrupts/libnrf_cc310_platform_0.9.19.a(nrf_cc3xx_platform_mutex.c.obj)
 *fill*         0x0000000000006053        0x1 
 .rodata.POW5_OFFSETS
                0x0000000000006054       0x54 c:\ncs\toolchains\b620d30767\opt\zephyr-sdk\arm-zephyr-eabi\bin\../lib/gcc/../../picolibc/arm-zephyr-eabi/lib/thumb/v8-m.main+fp/hard\libc.a(libc_tinystdio_ryu_table.c.o)
 .rodata.POW5_INV_OFFSETS
                0x00000000000060a8       0x54 c:\ncs\toolchains\b620d30767\opt\zephyr-sdk\arm-zephyr-eabi\bin\../lib/gcc/../../picolibc/arm-zephyr-eabi/lib/thumb/v8-m.main+fp/hard\libc.a(libc_tinystdio_ryu_table.c.o)
 .rodata.validate_and_boot.str1.1
                0x00000000000060fc      0x112 app/libapp.a(main.c.obj)
 .rodata.main.str1.1
                0x000000000000620e       0x58 app/libapp.a(main.c.obj)
 .rodata.boot_banner.str1.1
                0x0000000000006266       0x63 zephyr/libzephyr.a(banner.c.obj)
 .rodata.str1.1
                0x00000000000062c9       0x17 zephyr/drivers/clock_control/libdrivers__clock_control.a(clock_control_nrf.c.obj)
 .rodata.drive_modes
                0x00000000000062e0        0x8 zephyr/drivers/pinctrl/libdrivers__pinctrl.a(pinctrl_nrf.c.obj)
 .rodata.str1.1
                0x00000000000062e8       0x14 zephyr/drivers/serial/libdrivers__serial.a(uart_nrfx_uarte.c.obj)
 .rodata.bl_boot.str1.1
                0x00000000000062fc       0x12 modules/nrf/subsys/bootloader/bl_boot/lib..__nrf__subsys__bootloader__bl_boot.a(bl_boot.c.obj)
 .rodata.set_monotonic_version.str1.1
                0x000000000000630e       0xe8 modules/nrf/subsys/bootloader/bl_validation/lib..__nrf__subsys__bootloader__bl_validation.a(bl_validation.c.obj)
 .rodata.get_monotonic_version.str1.1
                0x00000000000063f6       0x25 modules/nrf/subsys/bootloader/bl_validation/lib..__nrf__subsys__bootloader__bl_validation.a(bl_validation.c.obj)
 .rodata.validate_firmware.str1.1
                0x000000000000641b      0x4ad modules/nrf/subsys/bootloader/bl_validation/lib..__nrf__subsys__bootloader__bl_validation.a(bl_validation.c.obj)
 .rodata.str1.1
                0x00000000000068c8        0xe modules/nrf/subsys/bootloader/bl_validation/lib..__nrf__subsys__bootloader__bl_validation.a(bl_validation.c.obj)
 .rodata.check_ext_api_requests.str1.1
                0x00000000000068d6       0x5c modules/nrf/subsys/fw_info/lib..__nrf__subsys__fw_info.a(fw_info.c.obj)
 .rodata.CSWTCH.17
                0x0000000000006932        0x3 modules/hal_nordic/nrfx/libmodules__hal_nordic__nrfx.a(system_nrf91.c.obj)
 .rodata.vfprintf.str1.1
                0x0000000000006935        0xf c:\ncs\toolchains\b620d30767\opt\zephyr-sdk\arm-zephyr-eabi\bin\../lib/gcc/../../picolibc/arm-zephyr-eabi/lib/thumb/v8-m.main+fp/hard\libc.a(libc_tinystdio_vfprintf.c.o)
 *(SORT_BY_ALIGNMENT(.gnu.linkonce.r.*))
                0x0000000000006944                . = ALIGN (0x4)
                0x0000000000006944                _fw_info_images_start = .
 *(SORT_BY_ALIGNMENT(.fw_info_images))
 .fw_info_images
                0x0000000000006944        0x4 modules/nrf/subsys/fw_info/lib..__nrf__subsys__fw_info.a(fw_info.c.obj)
                0x0000000000006944                self_image
                0x0000000000000001                _fw_info_images_size = ABSOLUTE (((. - _fw_info_images_start) / 0x4))
                0x0000000000006948                _ext_apis_start = .
 *(SORT_BY_ALIGNMENT(.ext_apis))
 .ext_apis      0x0000000000006948        0x3 modules/nrf/subsys/bootloader/bl_crypto/lib..__nrf__subsys__bootloader__bl_crypto.a(bl_crypto.c.obj)
                0x0000000000006948                bl_secp256r1_ext_api_ext_api_counter
                0x0000000000006949                bl_sha256_ext_api_ext_api_counter
                0x000000000000694a                bl_rot_verify_ext_api_ext_api_counter
 .ext_apis      0x000000000000694b        0x1 modules/nrf/subsys/bootloader/bl_validation/lib..__nrf__subsys__bootloader__bl_validation.a(bl_validation.c.obj)
                0x000000000000694b                bl_validate_fw_ext_api_ext_api_counter
 .ext_apis      0x000000000000694c        0x1 modules/nrf/subsys/fw_info/lib..__nrf__subsys__fw_info.a(fw_info.c.obj)
                0x000000000000694c                ext_api_provide_ext_api_ext_api_counter
                0x0000000000000005                _ext_apis_size = ABSOLUTE ((. - _ext_apis_start))
                0x000000000000694d                _ext_apis_req_start = .
 *(SORT_BY_ALIGNMENT(.ext_apis_req))
                0x0000000000000000                _ext_apis_req_size = ABSOLUTE ((. - _ext_apis_req_start))
                0x0000000000006950                . = ALIGN (0x4)
 *fill*         0x000000000000694d        0x3 
                0x0000000000006950                __rodata_region_end = .
                0x0000000000006950                . = ALIGN (_region_min_align)
                0x0000000000006950                __rom_region_end = ((__rom_region_start + .) - ADDR (rom_start))

/DISCARD/
 *(SORT_BY_ALIGNMENT(.got.plt))
 *(SORT_BY_ALIGNMENT(.igot.plt))
 *(SORT_BY_ALIGNMENT(.got))
 *(SORT_BY_ALIGNMENT(.igot))
                0x000000002000e568                . = 0x2000e568
                0x000000002000e568                . = ALIGN (_region_min_align)
                0x000000002000e568                _image_ram_start = .

.ramfunc        0x000000002000e568        0x0 load address 0x0000000000006950
                0x000000002000e568                . = ALIGN (_region_min_align)
                0x000000002000e568                __ramfunc_start = .
 *(SORT_BY_ALIGNMENT(.ramfunc))
 *(SORT_BY_ALIGNMENT(.ramfunc.*))
                0x000000002000e568                . = ALIGN (_region_min_align)
                0x000000002000e568                __ramfunc_end = .
                0x0000000000000000                __ramfunc_size = (__ramfunc_end - __ramfunc_start)
                0x0000000000006950                __ramfunc_load_start = LOADADDR (.ramfunc)

datas           0x000000002000e568       0x8c load address 0x0000000000006950
                0x000000002000e568                __data_region_start = .
                0x000000002000e568                __data_start = .
 *(SORT_BY_ALIGNMENT(.data))
 *(SORT_BY_ALIGNMENT(.data.*))
 .data._char_out
                0x000000002000e568        0x4 zephyr/libzephyr.a(printk.c.obj)
 .data.__stdout
                0x000000002000e56c       0x10 zephyr/lib/libc/picolibc/liblib__libc__picolibc.a(libc-hooks.c.obj)
 .data.dppi     0x000000002000e57c        0x8 modules/hal_nordic/nrfx/libmodules__hal_nordic__nrfx.a(nrfx_gppi_dppi.c.obj)
 .data.m_cb     0x000000002000e584       0x10 modules/hal_nordic/nrfx/libmodules__hal_nordic__nrfx.a(nrfx_dppi.c.obj)
 .data.platform_abort_apis
                0x000000002000e594        0x8 C:/ncs/v2.9.1/nrfxlib/crypto/nrf_cc310_platform/lib/cortex-m33/hard-float/no-interrupts/libnrf_cc310_platform_0.9.19.a(nrf_cc3xx_platform_abort.c.obj)
                0x000000002000e594                platform_abort_apis
 .data.pCCRndCryptoMutex
                0x000000002000e59c        0x4 C:/ncs/v2.9.1/nrfxlib/crypto/nrf_cc310_platform/lib/cortex-m33/hard-float/no-interrupts/libnrf_cc310_platform_0.9.19.a(cc_pal.c.obj)
                0x000000002000e59c                pCCRndCryptoMutex
 .data.CCPowerMutex
                0x000000002000e5a0        0x4 C:/ncs/v2.9.1/nrfxlib/crypto/nrf_cc310_platform/lib/cortex-m33/hard-float/no-interrupts/libnrf_cc310_platform_0.9.19.a(cc_pal.c.obj)
                0x000000002000e5a0                CCPowerMutex
 .data.CCRndCryptoMutex
                0x000000002000e5a4        0x4 C:/ncs/v2.9.1/nrfxlib/crypto/nrf_cc310_platform/lib/cortex-m33/hard-float/no-interrupts/libnrf_cc310_platform_0.9.19.a(cc_pal.c.obj)
                0x000000002000e5a4                CCRndCryptoMutex
 .data.CCAsymCryptoMutex
                0x000000002000e5a8        0x4 C:/ncs/v2.9.1/nrfxlib/crypto/nrf_cc310_platform/lib/cortex-m33/hard-float/no-interrupts/libnrf_cc310_platform_0.9.19.a(cc_pal.c.obj)
                0x000000002000e5a8                CCAsymCryptoMutex
 .data.CCSymCryptoMutex
                0x000000002000e5ac        0x4 C:/ncs/v2.9.1/nrfxlib/crypto/nrf_cc310_platform/lib/cortex-m33/hard-float/no-interrupts/libnrf_cc310_platform_0.9.19.a(cc_pal.c.obj)
                0x000000002000e5ac                CCSymCryptoMutex
 .data.platform_mutexes
                0x000000002000e5b0       0x14 C:/ncs/v2.9.1/nrfxlib/crypto/nrf_cc310_platform/lib/cortex-m33/hard-float/no-interrupts/libnrf_cc310_platform_0.9.19.a(nrf_cc3xx_platform_mutex.c.obj)
                0x000000002000e5b0                platform_mutexes
 .data.platform_mutex_apis
                0x000000002000e5c4       0x10 C:/ncs/v2.9.1/nrfxlib/crypto/nrf_cc310_platform/lib/cortex-m33/hard-float/no-interrupts/libnrf_cc310_platform_0.9.19.a(nrf_cc3xx_platform_mutex.c.obj)
                0x000000002000e5c4                platform_mutex_apis
 .data.power_mutex
                0x000000002000e5d4        0x8 C:/ncs/v2.9.1/nrfxlib/crypto/nrf_cc310_platform/lib/cortex-m33/hard-float/no-interrupts/libnrf_cc310_platform_0.9.19.a(nrf_cc3xx_platform_mutex.c.obj)
 .data.rng_mutex
                0x000000002000e5dc        0x8 C:/ncs/v2.9.1/nrfxlib/crypto/nrf_cc310_platform/lib/cortex-m33/hard-float/no-interrupts/libnrf_cc310_platform_0.9.19.a(nrf_cc3xx_platform_mutex.c.obj)
 .data.asym_mutex
                0x000000002000e5e4        0x8 C:/ncs/v2.9.1/nrfxlib/crypto/nrf_cc310_platform/lib/cortex-m33/hard-float/no-interrupts/libnrf_cc310_platform_0.9.19.a(nrf_cc3xx_platform_mutex.c.obj)
 .data.sym_mutex
                0x000000002000e5ec        0x8 C:/ncs/v2.9.1/nrfxlib/crypto/nrf_cc310_platform/lib/cortex-m33/hard-float/no-interrupts/libnrf_cc310_platform_0.9.19.a(nrf_cc3xx_platform_mutex.c.obj)
 *(SORT_BY_ALIGNMENT(.kernel.*))
                0x000000002000e5f4                __data_end = .
                0x000000000000008c                __data_size = (__data_end - __data_start)
                0x0000000000006950                __data_load_start = LOADADDR (datas)
                0x0000000000006950                __data_region_load_start = LOADADDR (datas)

device_states   0x000000002000e5f4        0x6 load address 0x00000000000069dc
                0x000000002000e5f4                __device_states_start = .
 *(SORT_BY_ALIGNMENT(.z_devstate))
 .z_devstate    0x000000002000e5f4        0x2 zephyr/drivers/clock_control/libdrivers__clock_control.a(clock_control_nrf.c.obj)
 .z_devstate    0x000000002000e5f6        0x4 zephyr/drivers/serial/libdrivers__serial.a(uart_nrfx_uarte.c.obj)
 *(SORT_BY_ALIGNMENT(.z_devstate.*))
                0x000000002000e5fa                __device_states_end = .

log_mpsc_pbuf_area
                0x000000002000e5fa        0x0 load address 0x00000000000069e2
                0x000000002000e5fa                _log_mpsc_pbuf_list_start = .
 *(SORT_BY_NAME(SORT_BY_ALIGNMENT(._log_mpsc_pbuf.static.*)))
                0x000000002000e5fa                _log_mpsc_pbuf_list_end = .

log_msg_ptr_area
                0x000000002000e5fa        0x0 load address 0x00000000000069e2
                0x000000002000e5fa                _log_msg_ptr_list_start = .
 *(SORT_BY_NAME(SORT_BY_ALIGNMENT(._log_msg_ptr.static.*)))
                0x000000002000e5fa                _log_msg_ptr_list_end = .

log_dynamic_area
                0x000000002000e5fa        0x0 load address 0x00000000000069e2
                0x000000002000e5fa                _log_dynamic_list_start = .
 *(SORT_BY_NAME(SORT_BY_ALIGNMENT(._log_dynamic.static.*)))
                0x000000002000e5fa                _log_dynamic_list_end = .

k_timer_area    0x000000002000e5fa        0x0 load address 0x00000000000069e2
                0x000000002000e5fa                _k_timer_list_start = .
 *(SORT_BY_NAME(SORT_BY_ALIGNMENT(._k_timer.static.*)))
                0x000000002000e5fa                _k_timer_list_end = .

k_mem_slab_area
                0x000000002000e5fa        0x0 load address 0x00000000000069e2
                0x000000002000e5fa                _k_mem_slab_list_start = .
 *(SORT_BY_NAME(SORT_BY_ALIGNMENT(._k_mem_slab.static.*)))
                0x000000002000e5fa                _k_mem_slab_list_end = .

k_heap_area     0x000000002000e5fa        0x0 load address 0x00000000000069e2
                0x000000002000e5fa                _k_heap_list_start = .
 *(SORT_BY_NAME(SORT_BY_ALIGNMENT(._k_heap.static.*)))
                0x000000002000e5fa                _k_heap_list_end = .

k_mutex_area    0x000000002000e5fa        0x0 load address 0x00000000000069e2
                0x000000002000e5fa                _k_mutex_list_start = .
 *(SORT_BY_NAME(SORT_BY_ALIGNMENT(._k_mutex.static.*)))
                0x000000002000e5fa                _k_mutex_list_end = .

k_stack_area    0x000000002000e5fa        0x0 load address 0x00000000000069e2
                0x000000002000e5fa                _k_stack_list_start = .
 *(SORT_BY_NAME(SORT_BY_ALIGNMENT(._k_stack.static.*)))
                0x000000002000e5fa                _k_stack_list_end = .

k_msgq_area     0x000000002000e5fa        0x0 load address 0x00000000000069e2
                0x000000002000e5fa                _k_msgq_list_start = .
 *(SORT_BY_NAME(SORT_BY_ALIGNMENT(._k_msgq.static.*)))
                0x000000002000e5fa                _k_msgq_list_end = .

k_mbox_area     0x000000002000e5fa        0x0 load address 0x00000000000069e2
                0x000000002000e5fa                _k_mbox_list_start = .
 *(SORT_BY_NAME(SORT_BY_ALIGNMENT(._k_mbox.static.*)))
                0x000000002000e5fa                _k_mbox_list_end = .

k_pipe_area     0x000000002000e5fa        0x0 load address 0x00000000000069e2
                0x000000002000e5fa                _k_pipe_list_start = .
 *(SORT_BY_NAME(SORT_BY_ALIGNMENT(._k_pipe.static.*)))
                0x000000002000e5fa                _k_pipe_list_end = .

k_sem_area      0x000000002000e5fa        0x0 load address 0x00000000000069e2
                0x000000002000e5fa                _k_sem_list_start = .
 *(SORT_BY_NAME(SORT_BY_ALIGNMENT(._k_sem.static.*)))
                0x000000002000e5fa                _k_sem_list_end = .

k_event_area    0x000000002000e5fa        0x0 load address 0x00000000000069e2
                0x000000002000e5fa                _k_event_list_start = .
 *(SORT_BY_NAME(SORT_BY_ALIGNMENT(._k_event.static.*)))
                0x000000002000e5fa                _k_event_list_end = .

k_queue_area    0x000000002000e5fa        0x0 load address 0x00000000000069e2
                0x000000002000e5fa                _k_queue_list_start = .
 *(SORT_BY_NAME(SORT_BY_ALIGNMENT(._k_queue.static.*)))
                0x000000002000e5fa                _k_queue_list_end = .

k_fifo_area     0x000000002000e5fa        0x0 load address 0x00000000000069e2
                0x000000002000e5fa                _k_fifo_list_start = .
 *(SORT_BY_NAME(SORT_BY_ALIGNMENT(._k_fifo.static.*)))
                0x000000002000e5fa                _k_fifo_list_end = .

k_lifo_area     0x000000002000e5fa        0x0 load address 0x00000000000069e2
                0x000000002000e5fa                _k_lifo_list_start = .
 *(SORT_BY_NAME(SORT_BY_ALIGNMENT(._k_lifo.static.*)))
                0x000000002000e5fa                _k_lifo_list_end = .

k_condvar_area  0x000000002000e5fa        0x0 load address 0x00000000000069e2
                0x000000002000e5fa                _k_condvar_list_start = .
 *(SORT_BY_NAME(SORT_BY_ALIGNMENT(._k_condvar.static.*)))